<?xml version="1.0"?>
<link_info>
   <banner>TI ARM Linker PC v5.2.5</banner>
   <copyright>Copyright (c) 1996-2015 Texas Instruments Incorporated</copyright>
   <link_time>0x5792a3ff</link_time>
   <link_errors>0x0</link_errors>
   <output_file>Segway 16_2.out</output_file>
   <entry_point>
      <name>_c_int00</name>
      <address>0x1a55</address>
   </entry_point>
   <input_file_list>
      <input_file id="fl-2">
         <path>.\</path>
         <kind>object</kind>
         <file>Motor.obj</file>
         <name>Motor.obj</name>
      </input_file>
      <input_file id="fl-3">
         <path>.\</path>
         <kind>object</kind>
         <file>main.obj</file>
         <name>main.obj</name>
      </input_file>
      <input_file id="fl-4">
         <path>.\</path>
         <kind>object</kind>
         <file>senorhub.obj</file>
         <name>senorhub.obj</name>
      </input_file>
      <input_file id="fl-5">
         <path>.\</path>
         <kind>object</kind>
         <file>startup_ccs.obj</file>
         <name>startup_ccs.obj</name>
      </input_file>
      <input_file id="fl-6">
         <path>.\utils\</path>
         <kind>object</kind>
         <file>uartstdio.obj</file>
         <name>uartstdio.obj</name>
      </input_file>
      <input_file id="fl-7">
         <path>.\drivers\</path>
         <kind>object</kind>
         <file>rgb.obj</file>
         <name>rgb.obj</name>
      </input_file>
      <input_file id="fl-f">
         <path>C:\ti\TivaWare_C_Series-2.1.2.111\driverlib\ccs\Debug\</path>
         <kind>archive</kind>
         <file>driverlib.lib</file>
         <name>gpio.obj</name>
      </input_file>
      <input_file id="fl-10">
         <path>C:\ti\TivaWare_C_Series-2.1.2.111\driverlib\ccs\Debug\</path>
         <kind>archive</kind>
         <file>driverlib.lib</file>
         <name>interrupt.obj</name>
      </input_file>
      <input_file id="fl-11">
         <path>C:\ti\TivaWare_C_Series-2.1.2.111\driverlib\ccs\Debug\</path>
         <kind>archive</kind>
         <file>driverlib.lib</file>
         <name>pwm.obj</name>
      </input_file>
      <input_file id="fl-12">
         <path>C:\ti\TivaWare_C_Series-2.1.2.111\driverlib\ccs\Debug\</path>
         <kind>archive</kind>
         <file>driverlib.lib</file>
         <name>sysctl.obj</name>
      </input_file>
      <input_file id="fl-13">
         <path>C:\ti\TivaWare_C_Series-2.1.2.111\driverlib\ccs\Debug\</path>
         <kind>archive</kind>
         <file>driverlib.lib</file>
         <name>uart.obj</name>
      </input_file>
      <input_file id="fl-14">
         <path>C:\ti\TivaWare_C_Series-2.1.2.111\driverlib\ccs\Debug\</path>
         <kind>archive</kind>
         <file>driverlib.lib</file>
         <name>cpu.obj</name>
      </input_file>
      <input_file id="fl-136">
         <path>C:\ti\ccsv6\tools\compiler\ti-cgt-arm_5.2.5\lib\</path>
         <kind>archive</kind>
         <file>rtsv7M4_T_le_v4SPD16_eabi.lib</file>
         <name>boot.obj</name>
      </input_file>
      <input_file id="fl-137">
         <path>C:\ti\ccsv6\tools\compiler\ti-cgt-arm_5.2.5\lib\</path>
         <kind>archive</kind>
         <file>rtsv7M4_T_le_v4SPD16_eabi.lib</file>
         <name>copy_decompress_none.obj</name>
      </input_file>
      <input_file id="fl-138">
         <path>C:\ti\ccsv6\tools\compiler\ti-cgt-arm_5.2.5\lib\</path>
         <kind>archive</kind>
         <file>rtsv7M4_T_le_v4SPD16_eabi.lib</file>
         <name>copy_decompress_rle.obj</name>
      </input_file>
      <input_file id="fl-139">
         <path>C:\ti\ccsv6\tools\compiler\ti-cgt-arm_5.2.5\lib\</path>
         <kind>archive</kind>
         <file>rtsv7M4_T_le_v4SPD16_eabi.lib</file>
         <name>copy_zero_init.obj</name>
      </input_file>
      <input_file id="fl-13a">
         <path>C:\ti\ccsv6\tools\compiler\ti-cgt-arm_5.2.5\lib\</path>
         <kind>archive</kind>
         <file>rtsv7M4_T_le_v4SPD16_eabi.lib</file>
         <name>exit.obj</name>
      </input_file>
      <input_file id="fl-13b">
         <path>C:\ti\ccsv6\tools\compiler\ti-cgt-arm_5.2.5\lib\</path>
         <kind>archive</kind>
         <file>rtsv7M4_T_le_v4SPD16_eabi.lib</file>
         <name>fs_toull_t2.obj</name>
      </input_file>
      <input_file id="fl-13c">
         <path>C:\ti\ccsv6\tools\compiler\ti-cgt-arm_5.2.5\lib\</path>
         <kind>archive</kind>
         <file>rtsv7M4_T_le_v4SPD16_eabi.lib</file>
         <name>memcpy_t2.obj</name>
      </input_file>
      <input_file id="fl-13d">
         <path>C:\ti\ccsv6\tools\compiler\ti-cgt-arm_5.2.5\lib\</path>
         <kind>archive</kind>
         <file>rtsv7M4_T_le_v4SPD16_eabi.lib</file>
         <name>memset_t2.obj</name>
      </input_file>
      <input_file id="fl-13e">
         <path>C:\ti\ccsv6\tools\compiler\ti-cgt-arm_5.2.5\lib\</path>
         <kind>archive</kind>
         <file>rtsv7M4_T_le_v4SPD16_eabi.lib</file>
         <name>pre_init.obj</name>
      </input_file>
      <input_file id="fl-13f">
         <path>C:\ti\ccsv6\tools\compiler\ti-cgt-arm_5.2.5\lib\</path>
         <kind>archive</kind>
         <file>rtsv7M4_T_le_v4SPD16_eabi.lib</file>
         <name>stkdepth_vars.obj</name>
      </input_file>
      <input_file id="fl-140">
         <path>C:\ti\ccsv6\tools\compiler\ti-cgt-arm_5.2.5\lib\</path>
         <kind>archive</kind>
         <file>rtsv7M4_T_le_v4SPD16_eabi.lib</file>
         <name>u_divt2.obj</name>
      </input_file>
      <input_file id="fl-141">
         <path>C:\ti\ccsv6\tools\compiler\ti-cgt-arm_5.2.5\lib\</path>
         <kind>archive</kind>
         <file>rtsv7M4_T_le_v4SPD16_eabi.lib</file>
         <name>_lock.obj</name>
      </input_file>
      <input_file id="fl-142">
         <path>C:\ti\ccsv6\tools\compiler\ti-cgt-arm_5.2.5\lib\</path>
         <kind>archive</kind>
         <file>rtsv7M4_T_le_v4SPD16_eabi.lib</file>
         <name>args_main.obj</name>
      </input_file>
      <input_file id="fl-143">
         <path>C:\ti\ccsv6\tools\compiler\ti-cgt-arm_5.2.5\lib\</path>
         <kind>archive</kind>
         <file>rtsv7M4_T_le_v4SPD16_eabi.lib</file>
         <name>autoinit.obj</name>
      </input_file>
      <input_file id="fl-144">
         <path>C:\ti\ccsv6\tools\compiler\ti-cgt-arm_5.2.5\lib\</path>
         <kind>archive</kind>
         <file>rtsv7M4_T_le_v4SPD16_eabi.lib</file>
         <name>cpy_tbl.obj</name>
      </input_file>
      <input_file id="fl-145">
         <path>C:\ti\ccsv6\tools\compiler\ti-cgt-arm_5.2.5\lib\</path>
         <kind>archive</kind>
         <file>rtsv7M4_T_le_v4SPD16_eabi.lib</file>
         <name>i_div0.obj</name>
      </input_file>
      <input_file id="fl-146">
         <path>C:\ti\TivaWare_C_Series-2.1.2.111\examples\boards\ek-tm4c123gxl-boostxl-senshub\compdcm_mpu9150\ccs\..\..\..\..\..\sensorlib\ccs\Debug\</path>
         <kind>archive</kind>
         <file>sensorlib.lib</file>
         <name>i2cm_drv.obj</name>
      </input_file>
      <input_file id="fl-147">
         <path>C:\ti\TivaWare_C_Series-2.1.2.111\examples\boards\ek-tm4c123gxl-boostxl-senshub\compdcm_mpu9150\ccs\..\..\..\..\..\sensorlib\ccs\Debug\</path>
         <kind>archive</kind>
         <file>sensorlib.lib</file>
         <name>mpu9150.obj</name>
      </input_file>
      <input_file id="fl-148">
         <path>C:\ti\TivaWare_C_Series-2.1.2.111\driverlib\ccs\Debug\</path>
         <kind>archive</kind>
         <file>driverlib.lib</file>
         <name>i2c.obj</name>
      </input_file>
      <input_file id="fl-149">
         <path>C:\ti\ccsv6\tools\compiler\ti-cgt-arm_5.2.5\lib\</path>
         <kind>archive</kind>
         <file>rtsv7M4_T_le_v4SPD16_eabi.lib</file>
         <name>fd_mul_t2.obj</name>
      </input_file>
      <input_file id="fl-14a">
         <path>C:\ti\ccsv6\tools\compiler\ti-cgt-arm_5.2.5\lib\</path>
         <kind>archive</kind>
         <file>rtsv7M4_T_le_v4SPD16_eabi.lib</file>
         <name>fd_tos_t2.obj</name>
      </input_file>
      <input_file id="fl-14b">
         <path>C:\ti\ccsv6\tools\compiler\ti-cgt-arm_5.2.5\lib\</path>
         <kind>archive</kind>
         <file>rtsv7M4_T_le_v4SPD16_eabi.lib</file>
         <name>fs_tod_t2.obj</name>
      </input_file>
   </input_file_list>
   <object_component_list>
      <object_component id="oc-f">
         <name>.intvecs</name>
         <load_address>0x0</load_address>
         <run_address>0x0</run_address>
         <size>0x26c</size>
         <input_file_ref idref="fl-5"/>
      </object_component>
      <object_component id="oc-36">
         <name>.text</name>
         <load_address>0x26c</load_address>
         <run_address>0x26c</run_address>
         <size>0x914</size>
         <input_file_ref idref="fl-6"/>
      </object_component>
      <object_component id="oc-3c">
         <name>.text</name>
         <load_address>0xb80</load_address>
         <run_address>0xb80</run_address>
         <size>0x434</size>
         <input_file_ref idref="fl-7"/>
      </object_component>
      <object_component id="oc-30">
         <name>.text</name>
         <load_address>0xfb4</load_address>
         <run_address>0xfb4</run_address>
         <size>0x1b8</size>
         <input_file_ref idref="fl-3"/>
      </object_component>
      <object_component id="oc-122">
         <name>.text:MPU9150Callback</name>
         <load_address>0x116c</load_address>
         <run_address>0x116c</run_address>
         <size>0x194</size>
         <input_file_ref idref="fl-147"/>
      </object_component>
      <object_component id="oc-d6">
         <name>.text:SysCtlClockGet</name>
         <load_address>0x1300</load_address>
         <run_address>0x1300</run_address>
         <size>0x110</size>
         <input_file_ref idref="fl-12"/>
      </object_component>
      <object_component id="oc-99">
         <name>.text:I2CMIntHandler</name>
         <load_address>0x1410</load_address>
         <run_address>0x1410</run_address>
         <size>0xf2</size>
         <input_file_ref idref="fl-146"/>
      </object_component>
      <object_component id="oc-45">
         <name>.text</name>
         <load_address>0x1502</load_address>
         <run_address>0x1502</run_address>
         <size>0x9c</size>
         <input_file_ref idref="fl-13c"/>
      </object_component>
      <object_component id="oc-172">
         <name>.text:I2CMStateIdle</name>
         <load_address>0x159e</load_address>
         <run_address>0x159e</run_address>
         <size>0x98</size>
         <input_file_ref idref="fl-146"/>
      </object_component>
      <object_component id="oc-11c">
         <name>.text:I2CMCommand</name>
         <load_address>0x1636</load_address>
         <run_address>0x1636</run_address>
         <size>0x88</size>
         <input_file_ref idref="fl-146"/>
      </object_component>
      <object_component id="oc-5e">
         <name>.text</name>
         <load_address>0x16be</load_address>
         <run_address>0x16be</run_address>
         <size>0x7a</size>
         <input_file_ref idref="fl-13d"/>
      </object_component>
      <object_component id="oc-70">
         <name>.text</name>
         <load_address>0x1738</load_address>
         <run_address>0x1738</run_address>
         <size>0x6c</size>
         <input_file_ref idref="fl-143"/>
      </object_component>
      <object_component id="oc-51">
         <name>.text</name>
         <load_address>0x17a4</load_address>
         <run_address>0x17a4</run_address>
         <size>0x6a</size>
         <input_file_ref idref="fl-138"/>
      </object_component>
      <object_component id="oc-197">
         <name>.text</name>
         <load_address>0x180e</load_address>
         <run_address>0x180e</run_address>
         <size>0x2</size>
         <input_file_ref idref="fl-145"/>
      </object_component>
      <object_component id="oc-1d3">
         <name>.text:IntDisable</name>
         <load_address>0x1810</load_address>
         <run_address>0x1810</run_address>
         <size>0x68</size>
         <input_file_ref idref="fl-10"/>
      </object_component>
      <object_component id="oc-1df">
         <name>.text:IntEnable</name>
         <load_address>0x1878</load_address>
         <run_address>0x1878</run_address>
         <size>0x68</size>
         <input_file_ref idref="fl-10"/>
      </object_component>
      <object_component id="oc-1cd">
         <name>.text:IntIsEnabled</name>
         <load_address>0x18e0</load_address>
         <run_address>0x18e0</run_address>
         <size>0x64</size>
         <input_file_ref idref="fl-10"/>
      </object_component>
      <object_component id="oc-93">
         <name>.text:MPU9150DataRead</name>
         <load_address>0x1944</load_address>
         <run_address>0x1944</run_address>
         <size>0x60</size>
         <input_file_ref idref="fl-147"/>
      </object_component>
      <object_component id="oc-160">
         <name>.text:I2CMStateWritePause</name>
         <load_address>0x19a4</load_address>
         <run_address>0x19a4</run_address>
         <size>0x5e</size>
         <input_file_ref idref="fl-146"/>
      </object_component>
      <object_component id="oc-166">
         <name>.text:I2CMStateWriteFinal</name>
         <load_address>0x1a02</load_address>
         <run_address>0x1a02</run_address>
         <size>0x50</size>
         <input_file_ref idref="fl-146"/>
      </object_component>
      <object_component id="oc-24">
         <name>.text</name>
         <load_address>0x1a54</load_address>
         <run_address>0x1a54</run_address>
         <size>0x50</size>
         <input_file_ref idref="fl-136"/>
      </object_component>
      <object_component id="oc-dc">
         <name>.text</name>
         <load_address>0x1aa4</load_address>
         <run_address>0x1aa4</run_address>
         <size>0x50</size>
         <input_file_ref idref="fl-13b"/>
      </object_component>
      <object_component id="oc-104">
         <name>.text</name>
         <load_address>0x1af4</load_address>
         <run_address>0x1af4</run_address>
         <size>0x4c</size>
         <input_file_ref idref="fl-144"/>
      </object_component>
      <object_component id="oc-14e">
         <name>.text:I2CMStateReadNext</name>
         <load_address>0x1b40</load_address>
         <run_address>0x1b40</run_address>
         <size>0x4a</size>
         <input_file_ref idref="fl-146"/>
      </object_component>
      <object_component id="oc-16c">
         <name>.text:I2CMStateWriteNext</name>
         <load_address>0x1b8a</load_address>
         <run_address>0x1b8a</run_address>
         <size>0x48</size>
         <input_file_ref idref="fl-146"/>
      </object_component>
      <object_component id="oc-136">
         <name>.text:I2CMStateCallback</name>
         <load_address>0x1bd2</load_address>
         <run_address>0x1bd2</run_address>
         <size>0x44</size>
         <input_file_ref idref="fl-146"/>
      </object_component>
      <object_component id="oc-7c">
         <name>.text</name>
         <load_address>0x1c18</load_address>
         <run_address>0x1c18</run_address>
         <size>0x44</size>
         <input_file_ref idref="fl-13a"/>
      </object_component>
      <object_component id="oc-148">
         <name>.text:I2CMStateReadFinal</name>
         <load_address>0x1c5c</load_address>
         <run_address>0x1c5c</run_address>
         <size>0x42</size>
         <input_file_ref idref="fl-146"/>
      </object_component>
      <object_component id="oc-ca">
         <name>.text</name>
         <load_address>0x1c9e</load_address>
         <run_address>0x1c9e</run_address>
         <size>0x40</size>
         <input_file_ref idref="fl-140"/>
      </object_component>
      <object_component id="oc-142">
         <name>.text:I2CMStateReadPause</name>
         <load_address>0x1cde</load_address>
         <run_address>0x1cde</run_address>
         <size>0x3e</size>
         <input_file_ref idref="fl-146"/>
      </object_component>
      <object_component id="oc-154">
         <name>.text:I2CMStateReadFirst</name>
         <load_address>0x1d1c</load_address>
         <run_address>0x1d1c</run_address>
         <size>0x2a</size>
         <input_file_ref idref="fl-146"/>
      </object_component>
      <object_component id="oc-15a">
         <name>.text:I2CMStateReadOne</name>
         <load_address>0x1d46</load_address>
         <run_address>0x1d46</run_address>
         <size>0x20</size>
         <input_file_ref idref="fl-146"/>
      </object_component>
      <object_component id="oc-13c">
         <name>.text:I2CMStateReadWait</name>
         <load_address>0x1d66</load_address>
         <run_address>0x1d66</run_address>
         <size>0x1a</size>
         <input_file_ref idref="fl-146"/>
      </object_component>
      <object_component id="oc-76">
         <name>.text</name>
         <load_address>0x1d80</load_address>
         <run_address>0x1d80</run_address>
         <size>0x18</size>
         <input_file_ref idref="fl-142"/>
      </object_component>
      <object_component id="oc-1bd">
         <name>.text</name>
         <load_address>0x1d98</load_address>
         <run_address>0x1d98</run_address>
         <size>0x14</size>
         <input_file_ref idref="fl-141"/>
      </object_component>
      <object_component id="oc-87">
         <name>.text:GPIOIntStatus</name>
         <load_address>0x1dac</load_address>
         <run_address>0x1dac</run_address>
         <size>0xe</size>
         <input_file_ref idref="fl-f"/>
      </object_component>
      <object_component id="oc-12">
         <name>.text:decompress:none</name>
         <load_address>0x1dba</load_address>
         <run_address>0x1dba</run_address>
         <size>0xe</size>
         <input_file_ref idref="fl-137"/>
      </object_component>
      <object_component id="oc-1d9">
         <name>.text:IntTrigger</name>
         <load_address>0x1dc8</load_address>
         <run_address>0x1dc8</run_address>
         <size>0xc</size>
         <input_file_ref idref="fl-10"/>
      </object_component>
      <object_component id="oc-1e">
         <name>.text:decompress:ZI</name>
         <load_address>0x1dd4</load_address>
         <run_address>0x1dd4</run_address>
         <size>0xc</size>
         <input_file_ref idref="fl-139"/>
      </object_component>
      <object_component id="oc-2a">
         <name>.text</name>
         <load_address>0x1de0</load_address>
         <run_address>0x1de0</run_address>
         <size>0xc</size>
         <input_file_ref idref="fl-5"/>
      </object_component>
      <object_component id="oc-12a">
         <name>.text:I2CMasterIntClear</name>
         <load_address>0x1dec</load_address>
         <run_address>0x1dec</run_address>
         <size>0x8</size>
         <input_file_ref idref="fl-148"/>
      </object_component>
      <object_component id="oc-1fc">
         <name>.text:I2CMasterSlaveAddrSet</name>
         <load_address>0x1df4</load_address>
         <run_address>0x1df4</run_address>
         <size>0x8</size>
         <input_file_ref idref="fl-148"/>
      </object_component>
      <object_component id="oc-8d">
         <name>.text:GPIOIntClear</name>
         <load_address>0x1dfc</load_address>
         <run_address>0x1dfc</run_address>
         <size>0x6</size>
         <input_file_ref idref="fl-f"/>
      </object_component>
      <object_component id="oc-9f">
         <name>.text:UARTClockSourceSet</name>
         <load_address>0x1e02</load_address>
         <run_address>0x1e02</run_address>
         <size>0x6</size>
         <input_file_ref idref="fl-13"/>
      </object_component>
      <object_component id="oc-18">
         <name>.text:decompress:rle24</name>
         <load_address>0x1e08</load_address>
         <run_address>0x1e08</run_address>
         <size>0x6</size>
         <input_file_ref idref="fl-138"/>
      </object_component>
      <object_component id="oc-130">
         <name>.text:I2CMasterControl</name>
         <load_address>0x1e0e</load_address>
         <run_address>0x1e0e</run_address>
         <size>0x4</size>
         <input_file_ref idref="fl-148"/>
      </object_component>
      <object_component id="oc-1f2">
         <name>.text:I2CMasterDataGet</name>
         <load_address>0x1e12</load_address>
         <run_address>0x1e12</run_address>
         <size>0x4</size>
         <input_file_ref idref="fl-148"/>
      </object_component>
      <object_component id="oc-204">
         <name>.text:I2CMasterDataPut</name>
         <load_address>0x1e16</load_address>
         <run_address>0x1e16</run_address>
         <size>0x4</size>
         <input_file_ref idref="fl-148"/>
      </object_component>
      <object_component id="oc-6a">
         <name>.text</name>
         <load_address>0x1e1a</load_address>
         <run_address>0x1e1a</run_address>
         <size>0x4</size>
         <input_file_ref idref="fl-13e"/>
      </object_component>
      <object_component id="oc-222">
         <name>.const</name>
         <load_address>0x1e20</load_address>
         <run_address>0x1e20</run_address>
         <size>0x70</size>
         <input_file_ref idref="fl-10"/>
      </object_component>
      <object_component id="oc-19f">
         <name>.const:g_pui32Xtals</name>
         <load_address>0x1e90</load_address>
         <run_address>0x1e90</run_address>
         <size>0x6c</size>
         <input_file_ref idref="fl-12"/>
      </object_component>
      <object_component id="oc-be">
         <name>.const</name>
         <load_address>0x1efc</load_address>
         <run_address>0x1efc</run_address>
         <size>0x28</size>
         <input_file_ref idref="fl-6"/>
      </object_component>
      <object_component id="oc-18e">
         <name>.const:.string</name>
         <load_address>0x1f24</load_address>
         <run_address>0x1f24</run_address>
         <size>0x12</size>
         <input_file_ref idref="fl-6"/>
      </object_component>
      <object_component id="oc-25d">
         <name>.cinit..data.load</name>
         <load_address>0x1f38</load_address>
         <run_address>0x1f38</run_address>
         <size>0x19</size>
      </object_component>
      <object_component id="oc-25b">
         <name>__TI_handler_table</name>
         <load_address>0x1f54</load_address>
         <run_address>0x1f54</run_address>
         <size>0xc</size>
      </object_component>
      <object_component id="oc-25e">
         <name>.cinit..bss.load</name>
         <load_address>0x1f60</load_address>
         <run_address>0x1f60</run_address>
         <size>0x8</size>
      </object_component>
      <object_component id="oc-25c">
         <name>__TI_cinit_table</name>
         <load_address>0x1f68</load_address>
         <run_address>0x1f68</run_address>
         <size>0x10</size>
      </object_component>
      <object_component id="oc-29">
         <name>.stack</name>
         <uninitialized>true</uninitialized>
         <run_address>0x2000063c</run_address>
         <size>0x0</size>
         <input_file_ref idref="fl-136"/>
      </object_component>
      <object_component id="oc-25f">
         <name>.stack</name>
         <uninitialized>true</uninitialized>
         <run_address>0x2000063c</run_address>
         <size>0x0</size>
      </object_component>
      <object_component id="oc-ac">
         <name>.bss:g_sI2CInst</name>
         <uninitialized>true</uninitialized>
         <run_address>0x20000400</run_address>
         <size>0x124</size>
         <input_file_ref idref="fl-3"/>
      </object_component>
      <object_component id="oc-a9">
         <name>.bss:g_sMPU9150Inst</name>
         <uninitialized>true</uninitialized>
         <run_address>0x200005a4</run_address>
         <size>0x6c</size>
         <input_file_ref idref="fl-3"/>
      </object_component>
      <object_component id="oc-c4">
         <name>.bss:g_pcUARTTxBuffer</name>
         <uninitialized>true</uninitialized>
         <run_address>0x20000000</run_address>
         <size>0x400</size>
         <input_file_ref idref="fl-6"/>
      </object_component>
      <object_component id="oc-c7">
         <name>.bss:g_pcUARTRxBuffer</name>
         <uninitialized>true</uninitialized>
         <run_address>0x20000524</run_address>
         <size>0x80</size>
         <input_file_ref idref="fl-6"/>
      </object_component>
      <object_component id="oc-af">
         <name>.common:g_pui32Colors</name>
         <uninitialized>true</uninitialized>
         <run_address>0x20000610</run_address>
         <size>0xc</size>
      </object_component>
      <object_component id="oc-a5">
         <name>.common:g_vui8I2CDoneFlag</name>
         <uninitialized>true</uninitialized>
         <run_address>0x20000630</run_address>
         <size>0x4</size>
      </object_component>
      <object_component id="oc-a8">
         <name>.common:g_vui8ErrorFlag</name>
         <uninitialized>true</uninitialized>
         <run_address>0x2000062c</run_address>
         <size>0x4</size>
      </object_component>
      <object_component id="oc-cf">
         <name>.common:g_bDisableEcho</name>
         <uninitialized>true</uninitialized>
         <run_address>0x20000638</run_address>
         <size>0x1</size>
      </object_component>
      <object_component id="oc-c1">
         <name>.common:g_ui32PortNum</name>
         <uninitialized>true</uninitialized>
         <run_address>0x20000628</run_address>
         <size>0x4</size>
      </object_component>
      <object_component id="oc-e2">
         <name>.common:g_ui32Colors</name>
         <uninitialized>true</uninitialized>
         <run_address>0x2000061c</run_address>
         <size>0xc</size>
      </object_component>
      <object_component id="oc-e1">
         <name>.common:ulFlags$1</name>
         <uninitialized>true</uninitialized>
         <run_address>0x20000634</run_address>
         <size>0x4</size>
      </object_component>
      <object_component id="oc-bb">
         <name>.data</name>
         <load_address>0x2000083c</load_address>
         <run_address>0x2000083c</run_address>
         <size>0x15</size>
         <input_file_ref idref="fl-6"/>
      </object_component>
      <object_component id="oc-e5">
         <name>.data</name>
         <load_address>0x20000864</load_address>
         <run_address>0x20000864</run_address>
         <size>0x4</size>
         <input_file_ref idref="fl-7"/>
      </object_component>
      <object_component id="oc-111">
         <name>.data</name>
         <load_address>0x2000085c</load_address>
         <run_address>0x2000085c</run_address>
         <size>0x8</size>
         <input_file_ref idref="fl-13a"/>
      </object_component>
      <object_component id="oc-82">
         <name>.data</name>
         <load_address>0x20000868</load_address>
         <run_address>0x20000868</run_address>
         <size>0x4</size>
         <input_file_ref idref="fl-13f"/>
      </object_component>
      <object_component id="oc-10e">
         <name>.data</name>
         <load_address>0x20000854</load_address>
         <run_address>0x20000854</run_address>
         <size>0x8</size>
         <input_file_ref idref="fl-141"/>
      </object_component>
      <object_component id="oc-19e">
         <name>.debug_info</name>
         <load_address>0x0</load_address>
         <run_address>0x0</run_address>
         <size>0x2c1</size>
         <input_file_ref idref="fl-2"/>
      </object_component>
      <object_component id="oc-17e">
         <name>.debug_info</name>
         <load_address>0x2c1</load_address>
         <run_address>0x2c1</run_address>
         <size>0x4e6</size>
         <input_file_ref idref="fl-2"/>
      </object_component>
      <object_component id="oc-1e9">
         <name>.debug_info</name>
         <load_address>0x7a7</load_address>
         <run_address>0x7a7</run_address>
         <size>0x108</size>
         <input_file_ref idref="fl-2"/>
      </object_component>
      <object_component id="oc-183">
         <name>.debug_info</name>
         <load_address>0x8af</load_address>
         <run_address>0x8af</run_address>
         <size>0x16c</size>
         <input_file_ref idref="fl-2"/>
      </object_component>
      <object_component id="oc-b6">
         <name>.debug_info</name>
         <load_address>0xa1b</load_address>
         <run_address>0xa1b</run_address>
         <size>0x8b</size>
         <input_file_ref idref="fl-2"/>
      </object_component>
      <object_component id="oc-b1">
         <name>.debug_info</name>
         <load_address>0xaa6</load_address>
         <run_address>0xaa6</run_address>
         <size>0x18b</size>
         <input_file_ref idref="fl-2"/>
      </object_component>
      <object_component id="oc-d1">
         <name>.debug_info</name>
         <load_address>0xc31</load_address>
         <run_address>0xc31</run_address>
         <size>0x4e</size>
         <input_file_ref idref="fl-2"/>
      </object_component>
      <object_component id="oc-a6">
         <name>.debug_info</name>
         <load_address>0xc7f</load_address>
         <run_address>0xc7f</run_address>
         <size>0x509</size>
         <input_file_ref idref="fl-3"/>
      </object_component>
      <object_component id="oc-ad">
         <name>.debug_info</name>
         <load_address>0x1188</load_address>
         <run_address>0x1188</run_address>
         <size>0xce</size>
         <input_file_ref idref="fl-3"/>
      </object_component>
      <object_component id="oc-aa">
         <name>.debug_info</name>
         <load_address>0x1256</load_address>
         <run_address>0x1256</run_address>
         <size>0xd6</size>
         <input_file_ref idref="fl-3"/>
      </object_component>
      <object_component id="oc-32">
         <name>.debug_info</name>
         <load_address>0x132c</load_address>
         <run_address>0x132c</run_address>
         <size>0x57b</size>
         <input_file_ref idref="fl-3"/>
      </object_component>
      <object_component id="oc-e9">
         <name>.debug_info</name>
         <load_address>0x18a7</load_address>
         <run_address>0x18a7</run_address>
         <size>0x84</size>
         <input_file_ref idref="fl-4"/>
      </object_component>
      <object_component id="oc-44">
         <name>.debug_info</name>
         <load_address>0x192b</load_address>
         <run_address>0x192b</run_address>
         <size>0x196</size>
         <input_file_ref idref="fl-5"/>
      </object_component>
      <object_component id="oc-10">
         <name>.debug_info</name>
         <load_address>0x1ac1</load_address>
         <run_address>0x1ac1</run_address>
         <size>0xd9</size>
         <input_file_ref idref="fl-5"/>
      </object_component>
      <object_component id="oc-2e">
         <name>.debug_info</name>
         <load_address>0x1b9a</load_address>
         <run_address>0x1b9a</run_address>
         <size>0x1ed</size>
         <input_file_ref idref="fl-5"/>
      </object_component>
      <object_component id="oc-c2">
         <name>.debug_info</name>
         <load_address>0x1d87</load_address>
         <run_address>0x1d87</run_address>
         <size>0x18f</size>
         <input_file_ref idref="fl-6"/>
      </object_component>
      <object_component id="oc-c5">
         <name>.debug_info</name>
         <load_address>0x1f16</load_address>
         <run_address>0x1f16</run_address>
         <size>0x103</size>
         <input_file_ref idref="fl-6"/>
      </object_component>
      <object_component id="oc-bc">
         <name>.debug_info</name>
         <load_address>0x2019</load_address>
         <run_address>0x2019</run_address>
         <size>0x1e3</size>
         <input_file_ref idref="fl-6"/>
      </object_component>
      <object_component id="oc-c8">
         <name>.debug_info</name>
         <load_address>0x21fc</load_address>
         <run_address>0x21fc</run_address>
         <size>0x103</size>
         <input_file_ref idref="fl-6"/>
      </object_component>
      <object_component id="oc-bf">
         <name>.debug_info</name>
         <load_address>0x22ff</load_address>
         <run_address>0x22ff</run_address>
         <size>0x177</size>
         <input_file_ref idref="fl-6"/>
      </object_component>
      <object_component id="oc-3a">
         <name>.debug_info</name>
         <load_address>0x2476</load_address>
         <run_address>0x2476</run_address>
         <size>0x15eb</size>
         <input_file_ref idref="fl-6"/>
      </object_component>
      <object_component id="oc-e3">
         <name>.debug_info</name>
         <load_address>0x3a61</load_address>
         <run_address>0x3a61</run_address>
         <size>0x179</size>
         <input_file_ref idref="fl-7"/>
      </object_component>
      <object_component id="oc-e6">
         <name>.debug_info</name>
         <load_address>0x3bda</load_address>
         <run_address>0x3bda</run_address>
         <size>0x125</size>
         <input_file_ref idref="fl-7"/>
      </object_component>
      <object_component id="oc-40">
         <name>.debug_info</name>
         <load_address>0x3cff</load_address>
         <run_address>0x3cff</run_address>
         <size>0xd6e</size>
         <input_file_ref idref="fl-7"/>
      </object_component>
      <object_component id="oc-11a">
         <name>.debug_info</name>
         <load_address>0x4a6d</load_address>
         <run_address>0x4a6d</run_address>
         <size>0x230</size>
         <input_file_ref idref="fl-f"/>
      </object_component>
      <object_component id="oc-88">
         <name>.debug_info</name>
         <load_address>0x4c9d</load_address>
         <run_address>0x4c9d</run_address>
         <size>0x27f</size>
         <input_file_ref idref="fl-f"/>
      </object_component>
      <object_component id="oc-8e">
         <name>.debug_info</name>
         <load_address>0x4f1c</load_address>
         <run_address>0x4f1c</run_address>
         <size>0x28d</size>
         <input_file_ref idref="fl-f"/>
      </object_component>
      <object_component id="oc-226">
         <name>.debug_info</name>
         <load_address>0x51a9</load_address>
         <run_address>0x51a9</run_address>
         <size>0x20e</size>
         <input_file_ref idref="fl-10"/>
      </object_component>
      <object_component id="oc-223">
         <name>.debug_info</name>
         <load_address>0x53b7</load_address>
         <run_address>0x53b7</run_address>
         <size>0x210</size>
         <input_file_ref idref="fl-10"/>
      </object_component>
      <object_component id="oc-1db">
         <name>.debug_info</name>
         <load_address>0x55c7</load_address>
         <run_address>0x55c7</run_address>
         <size>0x26a</size>
         <input_file_ref idref="fl-10"/>
      </object_component>
      <object_component id="oc-1cf">
         <name>.debug_info</name>
         <load_address>0x5831</load_address>
         <run_address>0x5831</run_address>
         <size>0x2a1</size>
         <input_file_ref idref="fl-10"/>
      </object_component>
      <object_component id="oc-1e1">
         <name>.debug_info</name>
         <load_address>0x5ad2</load_address>
         <run_address>0x5ad2</run_address>
         <size>0x268</size>
         <input_file_ref idref="fl-10"/>
      </object_component>
      <object_component id="oc-1d5">
         <name>.debug_info</name>
         <load_address>0x5d3a</load_address>
         <run_address>0x5d3a</run_address>
         <size>0x26a</size>
         <input_file_ref idref="fl-10"/>
      </object_component>
      <object_component id="oc-217">
         <name>.debug_info</name>
         <load_address>0x5fa4</load_address>
         <run_address>0x5fa4</run_address>
         <size>0x27f</size>
         <input_file_ref idref="fl-12"/>
      </object_component>
      <object_component id="oc-1a0">
         <name>.debug_info</name>
         <load_address>0x6223</load_address>
         <run_address>0x6223</run_address>
         <size>0x14d</size>
         <input_file_ref idref="fl-12"/>
      </object_component>
      <object_component id="oc-d7">
         <name>.debug_info</name>
         <load_address>0x6370</load_address>
         <run_address>0x6370</run_address>
         <size>0x2b5</size>
         <input_file_ref idref="fl-12"/>
      </object_component>
      <object_component id="oc-231">
         <name>.debug_info</name>
         <load_address>0x6625</load_address>
         <run_address>0x6625</run_address>
         <size>0x5f</size>
         <input_file_ref idref="fl-12"/>
      </object_component>
      <object_component id="oc-17b">
         <name>.debug_info</name>
         <load_address>0x6684</load_address>
         <run_address>0x6684</run_address>
         <size>0x227</size>
         <input_file_ref idref="fl-13"/>
      </object_component>
      <object_component id="oc-a0">
         <name>.debug_info</name>
         <load_address>0x68ab</load_address>
         <run_address>0x68ab</run_address>
         <size>0x291</size>
         <input_file_ref idref="fl-13"/>
      </object_component>
      <object_component id="oc-27">
         <name>.debug_info</name>
         <load_address>0x6b3c</load_address>
         <run_address>0x6b3c</run_address>
         <size>0x134</size>
         <input_file_ref idref="fl-136"/>
      </object_component>
      <object_component id="oc-50">
         <name>.debug_info</name>
         <load_address>0x6c70</load_address>
         <run_address>0x6c70</run_address>
         <size>0x121</size>
         <input_file_ref idref="fl-137"/>
      </object_component>
      <object_component id="oc-16">
         <name>.debug_info</name>
         <load_address>0x6d91</load_address>
         <run_address>0x6d91</run_address>
         <size>0x1c0</size>
         <input_file_ref idref="fl-137"/>
      </object_component>
      <object_component id="oc-4b">
         <name>.debug_info</name>
         <load_address>0x6f51</load_address>
         <run_address>0x6f51</run_address>
         <size>0x46</size>
         <input_file_ref idref="fl-137"/>
      </object_component>
      <object_component id="oc-f1">
         <name>.debug_info</name>
         <load_address>0x6f97</load_address>
         <run_address>0x6f97</run_address>
         <size>0x2c</size>
         <input_file_ref idref="fl-137"/>
      </object_component>
      <object_component id="oc-58">
         <name>.debug_info</name>
         <load_address>0x6fc3</load_address>
         <run_address>0x6fc3</run_address>
         <size>0x115</size>
         <input_file_ref idref="fl-138"/>
      </object_component>
      <object_component id="oc-53">
         <name>.debug_info</name>
         <load_address>0x70d8</load_address>
         <run_address>0x70d8</run_address>
         <size>0x228</size>
         <input_file_ref idref="fl-138"/>
      </object_component>
      <object_component id="oc-1a">
         <name>.debug_info</name>
         <load_address>0x7300</load_address>
         <run_address>0x7300</run_address>
         <size>0x192</size>
         <input_file_ref idref="fl-138"/>
      </object_component>
      <object_component id="oc-59">
         <name>.debug_info</name>
         <load_address>0x7492</load_address>
         <run_address>0x7492</run_address>
         <size>0x39</size>
         <input_file_ref idref="fl-138"/>
      </object_component>
      <object_component id="oc-fb">
         <name>.debug_info</name>
         <load_address>0x74cb</load_address>
         <run_address>0x74cb</run_address>
         <size>0x2c</size>
         <input_file_ref idref="fl-138"/>
      </object_component>
      <object_component id="oc-69">
         <name>.debug_info</name>
         <load_address>0x74f7</load_address>
         <run_address>0x74f7</run_address>
         <size>0x110</size>
         <input_file_ref idref="fl-139"/>
      </object_component>
      <object_component id="oc-21">
         <name>.debug_info</name>
         <load_address>0x7607</load_address>
         <run_address>0x7607</run_address>
         <size>0x18b</size>
         <input_file_ref idref="fl-139"/>
      </object_component>
      <object_component id="oc-64">
         <name>.debug_info</name>
         <load_address>0x7792</load_address>
         <run_address>0x7792</run_address>
         <size>0x46</size>
         <input_file_ref idref="fl-139"/>
      </object_component>
      <object_component id="oc-115">
         <name>.debug_info</name>
         <load_address>0x77d8</load_address>
         <run_address>0x77d8</run_address>
         <size>0x172</size>
         <input_file_ref idref="fl-13a"/>
      </object_component>
      <object_component id="oc-112">
         <name>.debug_info</name>
         <load_address>0x794a</load_address>
         <run_address>0x794a</run_address>
         <size>0x117</size>
         <input_file_ref idref="fl-13a"/>
      </object_component>
      <object_component id="oc-7e">
         <name>.debug_info</name>
         <load_address>0x7a61</load_address>
         <run_address>0x7a61</run_address>
         <size>0x1ee</size>
         <input_file_ref idref="fl-13a"/>
      </object_component>
      <object_component id="oc-de">
         <name>.debug_info</name>
         <load_address>0x7c4f</load_address>
         <run_address>0x7c4f</run_address>
         <size>0x118</size>
         <input_file_ref idref="fl-13b"/>
      </object_component>
      <object_component id="oc-46">
         <name>.debug_info</name>
         <load_address>0x7d67</load_address>
         <run_address>0x7d67</run_address>
         <size>0xf6</size>
         <input_file_ref idref="fl-13c"/>
      </object_component>
      <object_component id="oc-5f">
         <name>.debug_info</name>
         <load_address>0x7e5d</load_address>
         <run_address>0x7e5d</run_address>
         <size>0x124</size>
         <input_file_ref idref="fl-13d"/>
      </object_component>
      <object_component id="oc-6b">
         <name>.debug_info</name>
         <load_address>0x7f81</load_address>
         <run_address>0x7f81</run_address>
         <size>0x129</size>
         <input_file_ref idref="fl-13e"/>
      </object_component>
      <object_component id="oc-83">
         <name>.debug_info</name>
         <load_address>0x80aa</load_address>
         <run_address>0x80aa</run_address>
         <size>0xea</size>
         <input_file_ref idref="fl-13f"/>
      </object_component>
      <object_component id="oc-cb">
         <name>.debug_info</name>
         <load_address>0x8194</load_address>
         <run_address>0x8194</run_address>
         <size>0x11f</size>
         <input_file_ref idref="fl-140"/>
      </object_component>
      <object_component id="oc-1c5">
         <name>.debug_info</name>
         <load_address>0x82b3</load_address>
         <run_address>0x82b3</run_address>
         <size>0x105</size>
         <input_file_ref idref="fl-141"/>
      </object_component>
      <object_component id="oc-10f">
         <name>.debug_info</name>
         <load_address>0x83b8</load_address>
         <run_address>0x83b8</run_address>
         <size>0xf4</size>
         <input_file_ref idref="fl-141"/>
      </object_component>
      <object_component id="oc-1bf">
         <name>.debug_info</name>
         <load_address>0x84ac</load_address>
         <run_address>0x84ac</run_address>
         <size>0x200</size>
         <input_file_ref idref="fl-141"/>
      </object_component>
      <object_component id="oc-10d">
         <name>.debug_info</name>
         <load_address>0x86ac</load_address>
         <run_address>0x86ac</run_address>
         <size>0x147</size>
         <input_file_ref idref="fl-142"/>
      </object_component>
      <object_component id="oc-79">
         <name>.debug_info</name>
         <load_address>0x87f3</load_address>
         <run_address>0x87f3</run_address>
         <size>0x148</size>
         <input_file_ref idref="fl-142"/>
      </object_component>
      <object_component id="oc-1b8">
         <name>.debug_info</name>
         <load_address>0x893b</load_address>
         <run_address>0x893b</run_address>
         <size>0x5e</size>
         <input_file_ref idref="fl-142"/>
      </object_component>
      <object_component id="oc-10b">
         <name>.debug_info</name>
         <load_address>0x8999</load_address>
         <run_address>0x8999</run_address>
         <size>0x29e</size>
         <input_file_ref idref="fl-143"/>
      </object_component>
      <object_component id="oc-74">
         <name>.debug_info</name>
         <load_address>0x8c37</load_address>
         <run_address>0x8c37</run_address>
         <size>0x158</size>
         <input_file_ref idref="fl-143"/>
      </object_component>
      <object_component id="oc-1ac">
         <name>.debug_info</name>
         <load_address>0x8d8f</load_address>
         <run_address>0x8d8f</run_address>
         <size>0x39</size>
         <input_file_ref idref="fl-143"/>
      </object_component>
      <object_component id="oc-1b1">
         <name>.debug_info</name>
         <load_address>0x8dc8</load_address>
         <run_address>0x8dc8</run_address>
         <size>0xcd</size>
         <input_file_ref idref="fl-143"/>
      </object_component>
      <object_component id="oc-1a9">
         <name>.debug_info</name>
         <load_address>0x8e95</load_address>
         <run_address>0x8e95</run_address>
         <size>0x1c1</size>
         <input_file_ref idref="fl-144"/>
      </object_component>
      <object_component id="oc-106">
         <name>.debug_info</name>
         <load_address>0x9056</load_address>
         <run_address>0x9056</run_address>
         <size>0x164</size>
         <input_file_ref idref="fl-144"/>
      </object_component>
      <object_component id="oc-21a">
         <name>.debug_info</name>
         <load_address>0x91ba</load_address>
         <run_address>0x91ba</run_address>
         <size>0x2c</size>
         <input_file_ref idref="fl-144"/>
      </object_component>
      <object_component id="oc-199">
         <name>.debug_info</name>
         <load_address>0x91e6</load_address>
         <run_address>0x91e6</run_address>
         <size>0x128</size>
         <input_file_ref idref="fl-145"/>
      </object_component>
      <object_component id="oc-179">
         <name>.debug_info</name>
         <load_address>0x930e</load_address>
         <run_address>0x930e</run_address>
         <size>0x44b</size>
         <input_file_ref idref="fl-146"/>
      </object_component>
      <object_component id="oc-11e">
         <name>.debug_info</name>
         <load_address>0x9759</load_address>
         <run_address>0x9759</run_address>
         <size>0x484</size>
         <input_file_ref idref="fl-146"/>
      </object_component>
      <object_component id="oc-137">
         <name>.debug_info</name>
         <load_address>0x9bdd</load_address>
         <run_address>0x9bdd</run_address>
         <size>0x32c</size>
         <input_file_ref idref="fl-146"/>
      </object_component>
      <object_component id="oc-13d">
         <name>.debug_info</name>
         <load_address>0x9f09</load_address>
         <run_address>0x9f09</run_address>
         <size>0x2a1</size>
         <input_file_ref idref="fl-146"/>
      </object_component>
      <object_component id="oc-143">
         <name>.debug_info</name>
         <load_address>0xa1aa</load_address>
         <run_address>0xa1aa</run_address>
         <size>0x2ba</size>
         <input_file_ref idref="fl-146"/>
      </object_component>
      <object_component id="oc-149">
         <name>.debug_info</name>
         <load_address>0xa464</load_address>
         <run_address>0xa464</run_address>
         <size>0x2c7</size>
         <input_file_ref idref="fl-146"/>
      </object_component>
      <object_component id="oc-14f">
         <name>.debug_info</name>
         <load_address>0xa72b</load_address>
         <run_address>0xa72b</run_address>
         <size>0x2c5</size>
         <input_file_ref idref="fl-146"/>
      </object_component>
      <object_component id="oc-155">
         <name>.debug_info</name>
         <load_address>0xa9f0</load_address>
         <run_address>0xa9f0</run_address>
         <size>0x2bf</size>
         <input_file_ref idref="fl-146"/>
      </object_component>
      <object_component id="oc-15b">
         <name>.debug_info</name>
         <load_address>0xacaf</load_address>
         <run_address>0xacaf</run_address>
         <size>0x2bb</size>
         <input_file_ref idref="fl-146"/>
      </object_component>
      <object_component id="oc-161">
         <name>.debug_info</name>
         <load_address>0xaf6a</load_address>
         <run_address>0xaf6a</run_address>
         <size>0x2ea</size>
         <input_file_ref idref="fl-146"/>
      </object_component>
      <object_component id="oc-167">
         <name>.debug_info</name>
         <load_address>0xb254</load_address>
         <run_address>0xb254</run_address>
         <size>0x2e0</size>
         <input_file_ref idref="fl-146"/>
      </object_component>
      <object_component id="oc-16d">
         <name>.debug_info</name>
         <load_address>0xb534</load_address>
         <run_address>0xb534</run_address>
         <size>0x2c7</size>
         <input_file_ref idref="fl-146"/>
      </object_component>
      <object_component id="oc-173">
         <name>.debug_info</name>
         <load_address>0xb7fb</load_address>
         <run_address>0xb7fb</run_address>
         <size>0x32d</size>
         <input_file_ref idref="fl-146"/>
      </object_component>
      <object_component id="oc-9a">
         <name>.debug_info</name>
         <load_address>0xbb28</load_address>
         <run_address>0xbb28</run_address>
         <size>0x3f3</size>
         <input_file_ref idref="fl-146"/>
      </object_component>
      <object_component id="oc-129">
         <name>.debug_info</name>
         <load_address>0xbf1b</load_address>
         <run_address>0xbf1b</run_address>
         <size>0x39c</size>
         <input_file_ref idref="fl-147"/>
      </object_component>
      <object_component id="oc-94">
         <name>.debug_info</name>
         <load_address>0xc2b7</load_address>
         <run_address>0xc2b7</run_address>
         <size>0x2f0</size>
         <input_file_ref idref="fl-147"/>
      </object_component>
      <object_component id="oc-123">
         <name>.debug_info</name>
         <load_address>0xc5a7</load_address>
         <run_address>0xc5a7</run_address>
         <size>0x2c0</size>
         <input_file_ref idref="fl-147"/>
      </object_component>
      <object_component id="oc-1ef">
         <name>.debug_info</name>
         <load_address>0xc867</load_address>
         <run_address>0xc867</run_address>
         <size>0x231</size>
         <input_file_ref idref="fl-148"/>
      </object_component>
      <object_component id="oc-1fd">
         <name>.debug_info</name>
         <load_address>0xca98</load_address>
         <run_address>0xca98</run_address>
         <size>0x2ce</size>
         <input_file_ref idref="fl-148"/>
      </object_component>
      <object_component id="oc-12b">
         <name>.debug_info</name>
         <load_address>0xcd66</load_address>
         <run_address>0xcd66</run_address>
         <size>0x252</size>
         <input_file_ref idref="fl-148"/>
      </object_component>
      <object_component id="oc-205">
         <name>.debug_info</name>
         <load_address>0xcfb8</load_address>
         <run_address>0xcfb8</run_address>
         <size>0x27e</size>
         <input_file_ref idref="fl-148"/>
      </object_component>
      <object_component id="oc-1f3">
         <name>.debug_info</name>
         <load_address>0xd236</load_address>
         <run_address>0xd236</run_address>
         <size>0x254</size>
         <input_file_ref idref="fl-148"/>
      </object_component>
      <object_component id="oc-131">
         <name>.debug_info</name>
         <load_address>0xd48a</load_address>
         <run_address>0xd48a</run_address>
         <size>0x27e</size>
         <input_file_ref idref="fl-148"/>
      </object_component>
      <object_component id="oc-260">
         <name>.debug_info</name>
         <load_address>0xd708</load_address>
         <run_address>0xd708</run_address>
         <size>0xa0</size>
      </object_component>
      <object_component id="oc-214">
         <name>.debug_line</name>
         <load_address>0x0</load_address>
         <run_address>0x0</run_address>
         <size>0xc7</size>
         <input_file_ref idref="fl-2"/>
      </object_component>
      <object_component id="oc-181">
         <name>.debug_line</name>
         <load_address>0xc7</load_address>
         <run_address>0xc7</run_address>
         <size>0x5a</size>
         <input_file_ref idref="fl-2"/>
      </object_component>
      <object_component id="oc-1ec">
         <name>.debug_line</name>
         <load_address>0x121</load_address>
         <run_address>0x121</run_address>
         <size>0x58</size>
         <input_file_ref idref="fl-2"/>
      </object_component>
      <object_component id="oc-186">
         <name>.debug_line</name>
         <load_address>0x179</load_address>
         <run_address>0x179</run_address>
         <size>0x59</size>
         <input_file_ref idref="fl-2"/>
      </object_component>
      <object_component id="oc-b9">
         <name>.debug_line</name>
         <load_address>0x1d2</load_address>
         <run_address>0x1d2</run_address>
         <size>0x20</size>
         <input_file_ref idref="fl-2"/>
      </object_component>
      <object_component id="oc-b4">
         <name>.debug_line</name>
         <load_address>0x1f2</load_address>
         <run_address>0x1f2</run_address>
         <size>0x60</size>
         <input_file_ref idref="fl-2"/>
      </object_component>
      <object_component id="oc-d4">
         <name>.debug_line</name>
         <load_address>0x252</load_address>
         <run_address>0x252</run_address>
         <size>0x60</size>
         <input_file_ref idref="fl-2"/>
      </object_component>
      <object_component id="oc-17d">
         <name>.debug_line</name>
         <load_address>0x2b2</load_address>
         <run_address>0x2b2</run_address>
         <size>0x1a4</size>
         <input_file_ref idref="fl-3"/>
      </object_component>
      <object_component id="oc-18b">
         <name>.debug_line</name>
         <load_address>0x456</load_address>
         <run_address>0x456</run_address>
         <size>0x2d</size>
         <input_file_ref idref="fl-3"/>
      </object_component>
      <object_component id="oc-189">
         <name>.debug_line</name>
         <load_address>0x483</load_address>
         <run_address>0x483</run_address>
         <size>0x2d</size>
         <input_file_ref idref="fl-3"/>
      </object_component>
      <object_component id="oc-31">
         <name>.debug_line</name>
         <load_address>0x4b0</load_address>
         <run_address>0x4b0</run_address>
         <size>0x108</size>
         <input_file_ref idref="fl-3"/>
      </object_component>
      <object_component id="oc-ec">
         <name>.debug_line</name>
         <load_address>0x5b8</load_address>
         <run_address>0x5b8</run_address>
         <size>0x20</size>
         <input_file_ref idref="fl-4"/>
      </object_component>
      <object_component id="oc-ef">
         <name>.debug_line</name>
         <load_address>0x5d8</load_address>
         <run_address>0x5d8</run_address>
         <size>0x34</size>
         <input_file_ref idref="fl-5"/>
      </object_component>
      <object_component id="oc-43">
         <name>.debug_line</name>
         <load_address>0x60c</load_address>
         <run_address>0x60c</run_address>
         <size>0x34</size>
         <input_file_ref idref="fl-5"/>
      </object_component>
      <object_component id="oc-2d">
         <name>.debug_line</name>
         <load_address>0x640</load_address>
         <run_address>0x640</run_address>
         <size>0x94</size>
         <input_file_ref idref="fl-5"/>
      </object_component>
      <object_component id="oc-192">
         <name>.debug_line</name>
         <load_address>0x6d4</load_address>
         <run_address>0x6d4</run_address>
         <size>0x57</size>
         <input_file_ref idref="fl-6"/>
      </object_component>
      <object_component id="oc-194">
         <name>.debug_line</name>
         <load_address>0x72b</load_address>
         <run_address>0x72b</run_address>
         <size>0x57</size>
         <input_file_ref idref="fl-6"/>
      </object_component>
      <object_component id="oc-18d">
         <name>.debug_line</name>
         <load_address>0x782</load_address>
         <run_address>0x782</run_address>
         <size>0x57</size>
         <input_file_ref idref="fl-6"/>
      </object_component>
      <object_component id="oc-196">
         <name>.debug_line</name>
         <load_address>0x7d9</load_address>
         <run_address>0x7d9</run_address>
         <size>0x57</size>
         <input_file_ref idref="fl-6"/>
      </object_component>
      <object_component id="oc-190">
         <name>.debug_line</name>
         <load_address>0x830</load_address>
         <run_address>0x830</run_address>
         <size>0x57</size>
         <input_file_ref idref="fl-6"/>
      </object_component>
      <object_component id="oc-38">
         <name>.debug_line</name>
         <load_address>0x887</load_address>
         <run_address>0x887</run_address>
         <size>0x535</size>
         <input_file_ref idref="fl-6"/>
      </object_component>
      <object_component id="oc-1a5">
         <name>.debug_line</name>
         <load_address>0xdbc</load_address>
         <run_address>0xdbc</run_address>
         <size>0xb9</size>
         <input_file_ref idref="fl-7"/>
      </object_component>
      <object_component id="oc-1a7">
         <name>.debug_line</name>
         <load_address>0xe75</load_address>
         <run_address>0xe75</run_address>
         <size>0x81</size>
         <input_file_ref idref="fl-7"/>
      </object_component>
      <object_component id="oc-3f">
         <name>.debug_line</name>
         <load_address>0xef6</load_address>
         <run_address>0xef6</run_address>
         <size>0x1e0</size>
         <input_file_ref idref="fl-7"/>
      </object_component>
      <object_component id="oc-1cc">
         <name>.debug_line</name>
         <load_address>0x10d6</load_address>
         <run_address>0x10d6</run_address>
         <size>0x82</size>
         <input_file_ref idref="fl-f"/>
      </object_component>
      <object_component id="oc-8c">
         <name>.debug_line</name>
         <load_address>0x1158</load_address>
         <run_address>0x1158</run_address>
         <size>0x92</size>
         <input_file_ref idref="fl-f"/>
      </object_component>
      <object_component id="oc-91">
         <name>.debug_line</name>
         <load_address>0x11ea</load_address>
         <run_address>0x11ea</run_address>
         <size>0x92</size>
         <input_file_ref idref="fl-f"/>
      </object_component>
      <object_component id="oc-239">
         <name>.debug_line</name>
         <load_address>0x127c</load_address>
         <run_address>0x127c</run_address>
         <size>0x7c</size>
         <input_file_ref idref="fl-10"/>
      </object_component>
      <object_component id="oc-237">
         <name>.debug_line</name>
         <load_address>0x12f8</load_address>
         <run_address>0x12f8</run_address>
         <size>0x82</size>
         <input_file_ref idref="fl-10"/>
      </object_component>
      <object_component id="oc-1dd">
         <name>.debug_line</name>
         <load_address>0x137a</load_address>
         <run_address>0x137a</run_address>
         <size>0x97</size>
         <input_file_ref idref="fl-10"/>
      </object_component>
      <object_component id="oc-1d1">
         <name>.debug_line</name>
         <load_address>0x1411</load_address>
         <run_address>0x1411</run_address>
         <size>0xb8</size>
         <input_file_ref idref="fl-10"/>
      </object_component>
      <object_component id="oc-1e3">
         <name>.debug_line</name>
         <load_address>0x14c9</load_address>
         <run_address>0x14c9</run_address>
         <size>0xc2</size>
         <input_file_ref idref="fl-10"/>
      </object_component>
      <object_component id="oc-1d7">
         <name>.debug_line</name>
         <load_address>0x158b</load_address>
         <run_address>0x158b</run_address>
         <size>0xc2</size>
         <input_file_ref idref="fl-10"/>
      </object_component>
      <object_component id="oc-230">
         <name>.debug_line</name>
         <load_address>0x164d</load_address>
         <run_address>0x164d</run_address>
         <size>0x13d</size>
         <input_file_ref idref="fl-12"/>
      </object_component>
      <object_component id="oc-216">
         <name>.debug_line</name>
         <load_address>0x178a</load_address>
         <run_address>0x178a</run_address>
         <size>0x7f</size>
         <input_file_ref idref="fl-12"/>
      </object_component>
      <object_component id="oc-da">
         <name>.debug_line</name>
         <load_address>0x1809</load_address>
         <run_address>0x1809</run_address>
         <size>0x11a</size>
         <input_file_ref idref="fl-12"/>
      </object_component>
      <object_component id="oc-234">
         <name>.debug_line</name>
         <load_address>0x1923</load_address>
         <run_address>0x1923</run_address>
         <size>0x7f</size>
         <input_file_ref idref="fl-12"/>
      </object_component>
      <object_component id="oc-211">
         <name>.debug_line</name>
         <load_address>0x19a2</load_address>
         <run_address>0x19a2</run_address>
         <size>0x82</size>
         <input_file_ref idref="fl-13"/>
      </object_component>
      <object_component id="oc-a3">
         <name>.debug_line</name>
         <load_address>0x1a24</load_address>
         <run_address>0x1a24</run_address>
         <size>0x92</size>
         <input_file_ref idref="fl-13"/>
      </object_component>
      <object_component id="oc-25">
         <name>.debug_line</name>
         <load_address>0x1ab6</load_address>
         <run_address>0x1ab6</run_address>
         <size>0x52</size>
         <input_file_ref idref="fl-136"/>
      </object_component>
      <object_component id="oc-f7">
         <name>.debug_line</name>
         <load_address>0x1b08</load_address>
         <run_address>0x1b08</run_address>
         <size>0x80</size>
         <input_file_ref idref="fl-137"/>
      </object_component>
      <object_component id="oc-15">
         <name>.debug_line</name>
         <load_address>0x1b88</load_address>
         <run_address>0x1b88</run_address>
         <size>0x55</size>
         <input_file_ref idref="fl-137"/>
      </object_component>
      <object_component id="oc-4e">
         <name>.debug_line</name>
         <load_address>0x1bdd</load_address>
         <run_address>0x1bdd</run_address>
         <size>0x3a</size>
         <input_file_ref idref="fl-137"/>
      </object_component>
      <object_component id="oc-f4">
         <name>.debug_line</name>
         <load_address>0x1c17</load_address>
         <run_address>0x1c17</run_address>
         <size>0x80</size>
         <input_file_ref idref="fl-137"/>
      </object_component>
      <object_component id="oc-fa">
         <name>.debug_line</name>
         <load_address>0x1c97</load_address>
         <run_address>0x1c97</run_address>
         <size>0x80</size>
         <input_file_ref idref="fl-138"/>
      </object_component>
      <object_component id="oc-52">
         <name>.debug_line</name>
         <load_address>0x1d17</load_address>
         <run_address>0x1d17</run_address>
         <size>0x98</size>
         <input_file_ref idref="fl-138"/>
      </object_component>
      <object_component id="oc-19">
         <name>.debug_line</name>
         <load_address>0x1daf</load_address>
         <run_address>0x1daf</run_address>
         <size>0x4b</size>
         <input_file_ref idref="fl-138"/>
      </object_component>
      <object_component id="oc-5c">
         <name>.debug_line</name>
         <load_address>0x1dfa</load_address>
         <run_address>0x1dfa</run_address>
         <size>0x39</size>
         <input_file_ref idref="fl-138"/>
      </object_component>
      <object_component id="oc-fe">
         <name>.debug_line</name>
         <load_address>0x1e33</load_address>
         <run_address>0x1e33</run_address>
         <size>0x80</size>
         <input_file_ref idref="fl-138"/>
      </object_component>
      <object_component id="oc-102">
         <name>.debug_line</name>
         <load_address>0x1eb3</load_address>
         <run_address>0x1eb3</run_address>
         <size>0x80</size>
         <input_file_ref idref="fl-139"/>
      </object_component>
      <object_component id="oc-1f">
         <name>.debug_line</name>
         <load_address>0x1f33</load_address>
         <run_address>0x1f33</run_address>
         <size>0x4f</size>
         <input_file_ref idref="fl-139"/>
      </object_component>
      <object_component id="oc-67">
         <name>.debug_line</name>
         <load_address>0x1f82</load_address>
         <run_address>0x1f82</run_address>
         <size>0x34</size>
         <input_file_ref idref="fl-139"/>
      </object_component>
      <object_component id="oc-1ca">
         <name>.debug_line</name>
         <load_address>0x1fb6</load_address>
         <run_address>0x1fb6</run_address>
         <size>0x7f</size>
         <input_file_ref idref="fl-13a"/>
      </object_component>
      <object_component id="oc-1c8">
         <name>.debug_line</name>
         <load_address>0x2035</load_address>
         <run_address>0x2035</run_address>
         <size>0x2a</size>
         <input_file_ref idref="fl-13a"/>
      </object_component>
      <object_component id="oc-7d">
         <name>.debug_line</name>
         <load_address>0x205f</load_address>
         <run_address>0x205f</run_address>
         <size>0x7a</size>
         <input_file_ref idref="fl-13a"/>
      </object_component>
      <object_component id="oc-e0">
         <name>.debug_line</name>
         <load_address>0x20d9</load_address>
         <run_address>0x20d9</run_address>
         <size>0x63</size>
         <input_file_ref idref="fl-13b"/>
      </object_component>
      <object_component id="oc-49">
         <name>.debug_line</name>
         <load_address>0x213c</load_address>
         <run_address>0x213c</run_address>
         <size>0x88</size>
         <input_file_ref idref="fl-13c"/>
      </object_component>
      <object_component id="oc-62">
         <name>.debug_line</name>
         <load_address>0x21c4</load_address>
         <run_address>0x21c4</run_address>
         <size>0x79</size>
         <input_file_ref idref="fl-13d"/>
      </object_component>
      <object_component id="oc-6e">
         <name>.debug_line</name>
         <load_address>0x223d</load_address>
         <run_address>0x223d</run_address>
         <size>0x40</size>
         <input_file_ref idref="fl-13e"/>
      </object_component>
      <object_component id="oc-118">
         <name>.debug_line</name>
         <load_address>0x227d</load_address>
         <run_address>0x227d</run_address>
         <size>0x33</size>
         <input_file_ref idref="fl-13f"/>
      </object_component>
      <object_component id="oc-ce">
         <name>.debug_line</name>
         <load_address>0x22b0</load_address>
         <run_address>0x22b0</run_address>
         <size>0x5b</size>
         <input_file_ref idref="fl-140"/>
      </object_component>
      <object_component id="oc-221">
         <name>.debug_line</name>
         <load_address>0x230b</load_address>
         <run_address>0x230b</run_address>
         <size>0x20</size>
         <input_file_ref idref="fl-141"/>
      </object_component>
      <object_component id="oc-1c4">
         <name>.debug_line</name>
         <load_address>0x232b</load_address>
         <run_address>0x232b</run_address>
         <size>0x2b</size>
         <input_file_ref idref="fl-141"/>
      </object_component>
      <object_component id="oc-1c2">
         <name>.debug_line</name>
         <load_address>0x2356</load_address>
         <run_address>0x2356</run_address>
         <size>0x68</size>
         <input_file_ref idref="fl-141"/>
      </object_component>
      <object_component id="oc-1b7">
         <name>.debug_line</name>
         <load_address>0x23be</load_address>
         <run_address>0x23be</run_address>
         <size>0x2b</size>
         <input_file_ref idref="fl-142"/>
      </object_component>
      <object_component id="oc-7b">
         <name>.debug_line</name>
         <load_address>0x23e9</load_address>
         <run_address>0x23e9</run_address>
         <size>0x50</size>
         <input_file_ref idref="fl-142"/>
      </object_component>
      <object_component id="oc-1bb">
         <name>.debug_line</name>
         <load_address>0x2439</load_address>
         <run_address>0x2439</run_address>
         <size>0x2b</size>
         <input_file_ref idref="fl-142"/>
      </object_component>
      <object_component id="oc-1ab">
         <name>.debug_line</name>
         <load_address>0x2464</load_address>
         <run_address>0x2464</run_address>
         <size>0x8f</size>
         <input_file_ref idref="fl-143"/>
      </object_component>
      <object_component id="oc-72">
         <name>.debug_line</name>
         <load_address>0x24f3</load_address>
         <run_address>0x24f3</run_address>
         <size>0x79</size>
         <input_file_ref idref="fl-143"/>
      </object_component>
      <object_component id="oc-1af">
         <name>.debug_line</name>
         <load_address>0x256c</load_address>
         <run_address>0x256c</run_address>
         <size>0x2e</size>
         <input_file_ref idref="fl-143"/>
      </object_component>
      <object_component id="oc-1b4">
         <name>.debug_line</name>
         <load_address>0x259a</load_address>
         <run_address>0x259a</run_address>
         <size>0x81</size>
         <input_file_ref idref="fl-143"/>
      </object_component>
      <object_component id="oc-219">
         <name>.debug_line</name>
         <load_address>0x261b</load_address>
         <run_address>0x261b</run_address>
         <size>0x8e</size>
         <input_file_ref idref="fl-144"/>
      </object_component>
      <object_component id="oc-109">
         <name>.debug_line</name>
         <load_address>0x26a9</load_address>
         <run_address>0x26a9</run_address>
         <size>0x68</size>
         <input_file_ref idref="fl-144"/>
      </object_component>
      <object_component id="oc-21d">
         <name>.debug_line</name>
         <load_address>0x2711</load_address>
         <run_address>0x2711</run_address>
         <size>0x2e</size>
         <input_file_ref idref="fl-144"/>
      </object_component>
      <object_component id="oc-19c">
         <name>.debug_line</name>
         <load_address>0x273f</load_address>
         <run_address>0x273f</run_address>
         <size>0x3b</size>
         <input_file_ref idref="fl-145"/>
      </object_component>
      <object_component id="oc-20f">
         <name>.debug_line</name>
         <load_address>0x277a</load_address>
         <run_address>0x277a</run_address>
         <size>0xde</size>
         <input_file_ref idref="fl-146"/>
      </object_component>
      <object_component id="oc-120">
         <name>.debug_line</name>
         <load_address>0x2858</load_address>
         <run_address>0x2858</run_address>
         <size>0xdb</size>
         <input_file_ref idref="fl-146"/>
      </object_component>
      <object_component id="oc-13a">
         <name>.debug_line</name>
         <load_address>0x2933</load_address>
         <run_address>0x2933</run_address>
         <size>0xad</size>
         <input_file_ref idref="fl-146"/>
      </object_component>
      <object_component id="oc-140">
         <name>.debug_line</name>
         <load_address>0x29e0</load_address>
         <run_address>0x29e0</run_address>
         <size>0xa3</size>
         <input_file_ref idref="fl-146"/>
      </object_component>
      <object_component id="oc-146">
         <name>.debug_line</name>
         <load_address>0x2a83</load_address>
         <run_address>0x2a83</run_address>
         <size>0xb1</size>
         <input_file_ref idref="fl-146"/>
      </object_component>
      <object_component id="oc-14c">
         <name>.debug_line</name>
         <load_address>0x2b34</load_address>
         <run_address>0x2b34</run_address>
         <size>0xaf</size>
         <input_file_ref idref="fl-146"/>
      </object_component>
      <object_component id="oc-152">
         <name>.debug_line</name>
         <load_address>0x2be3</load_address>
         <run_address>0x2be3</run_address>
         <size>0xb0</size>
         <input_file_ref idref="fl-146"/>
      </object_component>
      <object_component id="oc-158">
         <name>.debug_line</name>
         <load_address>0x2c93</load_address>
         <run_address>0x2c93</run_address>
         <size>0x99</size>
         <input_file_ref idref="fl-146"/>
      </object_component>
      <object_component id="oc-15e">
         <name>.debug_line</name>
         <load_address>0x2d2c</load_address>
         <run_address>0x2d2c</run_address>
         <size>0x99</size>
         <input_file_ref idref="fl-146"/>
      </object_component>
      <object_component id="oc-164">
         <name>.debug_line</name>
         <load_address>0x2dc5</load_address>
         <run_address>0x2dc5</run_address>
         <size>0xbc</size>
         <input_file_ref idref="fl-146"/>
      </object_component>
      <object_component id="oc-16a">
         <name>.debug_line</name>
         <load_address>0x2e81</load_address>
         <run_address>0x2e81</run_address>
         <size>0xad</size>
         <input_file_ref idref="fl-146"/>
      </object_component>
      <object_component id="oc-170">
         <name>.debug_line</name>
         <load_address>0x2f2e</load_address>
         <run_address>0x2f2e</run_address>
         <size>0xac</size>
         <input_file_ref idref="fl-146"/>
      </object_component>
      <object_component id="oc-176">
         <name>.debug_line</name>
         <load_address>0x2fda</load_address>
         <run_address>0x2fda</run_address>
         <size>0xe9</size>
         <input_file_ref idref="fl-146"/>
      </object_component>
      <object_component id="oc-9d">
         <name>.debug_line</name>
         <load_address>0x30c3</load_address>
         <run_address>0x30c3</run_address>
         <size>0xdc</size>
         <input_file_ref idref="fl-146"/>
      </object_component>
      <object_component id="oc-1e8">
         <name>.debug_line</name>
         <load_address>0x319f</load_address>
         <run_address>0x319f</run_address>
         <size>0x81</size>
         <input_file_ref idref="fl-147"/>
      </object_component>
      <object_component id="oc-98">
         <name>.debug_line</name>
         <load_address>0x3220</load_address>
         <run_address>0x3220</run_address>
         <size>0x111</size>
         <input_file_ref idref="fl-147"/>
      </object_component>
      <object_component id="oc-127">
         <name>.debug_line</name>
         <load_address>0x3331</load_address>
         <run_address>0x3331</run_address>
         <size>0x221</size>
         <input_file_ref idref="fl-147"/>
      </object_component>
      <object_component id="oc-22b">
         <name>.debug_line</name>
         <load_address>0x3552</load_address>
         <run_address>0x3552</run_address>
         <size>0x82</size>
         <input_file_ref idref="fl-148"/>
      </object_component>
      <object_component id="oc-200">
         <name>.debug_line</name>
         <load_address>0x35d4</load_address>
         <run_address>0x35d4</run_address>
         <size>0x91</size>
         <input_file_ref idref="fl-148"/>
      </object_component>
      <object_component id="oc-12e">
         <name>.debug_line</name>
         <load_address>0x3665</load_address>
         <run_address>0x3665</run_address>
         <size>0x92</size>
         <input_file_ref idref="fl-148"/>
      </object_component>
      <object_component id="oc-208">
         <name>.debug_line</name>
         <load_address>0x36f7</load_address>
         <run_address>0x36f7</run_address>
         <size>0x91</size>
         <input_file_ref idref="fl-148"/>
      </object_component>
      <object_component id="oc-1f6">
         <name>.debug_line</name>
         <load_address>0x3788</load_address>
         <run_address>0x3788</run_address>
         <size>0x91</size>
         <input_file_ref idref="fl-148"/>
      </object_component>
      <object_component id="oc-134">
         <name>.debug_line</name>
         <load_address>0x3819</load_address>
         <run_address>0x3819</run_address>
         <size>0x91</size>
         <input_file_ref idref="fl-148"/>
      </object_component>
      <object_component id="oc-213">
         <name>.debug_abbrev</name>
         <load_address>0x0</load_address>
         <run_address>0x0</run_address>
         <size>0xaf</size>
         <input_file_ref idref="fl-2"/>
      </object_component>
      <object_component id="oc-180">
         <name>.debug_abbrev</name>
         <load_address>0xaf</load_address>
         <run_address>0xaf</run_address>
         <size>0x9f</size>
         <input_file_ref idref="fl-2"/>
      </object_component>
      <object_component id="oc-1eb">
         <name>.debug_abbrev</name>
         <load_address>0x14e</load_address>
         <run_address>0x14e</run_address>
         <size>0x6e</size>
         <input_file_ref idref="fl-2"/>
      </object_component>
      <object_component id="oc-185">
         <name>.debug_abbrev</name>
         <load_address>0x1bc</load_address>
         <run_address>0x1bc</run_address>
         <size>0x6e</size>
         <input_file_ref idref="fl-2"/>
      </object_component>
      <object_component id="oc-b8">
         <name>.debug_abbrev</name>
         <load_address>0x22a</load_address>
         <run_address>0x22a</run_address>
         <size>0x1f</size>
         <input_file_ref idref="fl-2"/>
      </object_component>
      <object_component id="oc-b3">
         <name>.debug_abbrev</name>
         <load_address>0x249</load_address>
         <run_address>0x249</run_address>
         <size>0x35</size>
         <input_file_ref idref="fl-2"/>
      </object_component>
      <object_component id="oc-d3">
         <name>.debug_abbrev</name>
         <load_address>0x27e</load_address>
         <run_address>0x27e</run_address>
         <size>0x4b</size>
         <input_file_ref idref="fl-2"/>
      </object_component>
      <object_component id="oc-17c">
         <name>.debug_abbrev</name>
         <load_address>0x2c9</load_address>
         <run_address>0x2c9</run_address>
         <size>0xf8</size>
         <input_file_ref idref="fl-3"/>
      </object_component>
      <object_component id="oc-18a">
         <name>.debug_abbrev</name>
         <load_address>0x3c1</load_address>
         <run_address>0x3c1</run_address>
         <size>0x29</size>
         <input_file_ref idref="fl-3"/>
      </object_component>
      <object_component id="oc-188">
         <name>.debug_abbrev</name>
         <load_address>0x3ea</load_address>
         <run_address>0x3ea</run_address>
         <size>0x29</size>
         <input_file_ref idref="fl-3"/>
      </object_component>
      <object_component id="oc-b0">
         <name>.debug_abbrev</name>
         <load_address>0x413</load_address>
         <run_address>0x413</run_address>
         <size>0x112</size>
         <input_file_ref idref="fl-3"/>
      </object_component>
      <object_component id="oc-eb">
         <name>.debug_abbrev</name>
         <load_address>0x525</load_address>
         <run_address>0x525</run_address>
         <size>0x1f</size>
         <input_file_ref idref="fl-4"/>
      </object_component>
      <object_component id="oc-ee">
         <name>.debug_abbrev</name>
         <load_address>0x544</load_address>
[...]
         </contents>
      </logical_group>
      <load_segment id="lg-265" display="no" color="cyan">
         <name>SEGMENT_0</name>
         <load_address>0x0</load_address>
         <run_address>0x0</run_address>
         <size>0x1f78</size>
         <flags>0x5</flags>
         <contents>
            <logical_group_ref idref="lg-3"/>
            <logical_group_ref idref="lg-4"/>
            <logical_group_ref idref="lg-5"/>
            <logical_group_ref idref="lg-6"/>
         </contents>
      </load_segment>
      <load_segment id="lg-266" display="no" color="cyan">
         <name>SEGMENT_1</name>
         <run_address>0x20000000</run_address>
         <size>0x86c</size>
         <flags>0x6</flags>
         <contents>
            <logical_group_ref idref="lg-b"/>
            <logical_group_ref idref="lg-d"/>
            <logical_group_ref idref="lg-a"/>
         </contents>
      </load_segment>
   </logical_group_list>
   <placement_map>
      <memory_area display="yes" color="green">
         <name>FLASH</name>
         <page_id>0x0</page_id>
         <origin>0x0</origin>
         <length>0x40000</length>
         <used_space>0x1f74</used_space>
         <unused_space>0x3e08c</unused_space>
         <attributes>RX</attributes>
         <usage_details>
            <allocated_space>
               <start_address>0x0</start_address>
               <size>0x26c</size>
               <logical_group_ref idref="lg-3"/>
            </allocated_space>
            <allocated_space>
               <start_address>0x26c</start_address>
               <size>0x1bb2</size>
               <logical_group_ref idref="lg-4"/>
            </allocated_space>
            <available_space>
               <start_address>0x1e1e</start_address>
               <size>0x2</size>
            </available_space>
            <allocated_space>
               <start_address>0x1e20</start_address>
               <size>0x116</size>
               <logical_group_ref idref="lg-5"/>
            </allocated_space>
            <available_space>
               <start_address>0x1f36</start_address>
               <size>0x2</size>
            </available_space>
            <allocated_space>
               <start_address>0x1f38</start_address>
               <size>0x40</size>
               <logical_group_ref idref="lg-6"/>
            </allocated_space>
            <available_space>
               <start_address>0x1f78</start_address>
               <size>0x3e088</size>
            </available_space>
         </usage_details>
      </memory_area>
      <memory_area display="yes" color="green">
         <name>SRAM</name>
         <page_id>0x0</page_id>
         <origin>0x20000000</origin>
         <length>0x8000</length>
         <used_space>0x869</used_space>
         <unused_space>0x7797</unused_space>
         <attributes>RWX</attributes>
         <usage_details>
            <allocated_space>
               <start_address>0x20000000</start_address>
               <size>0x639</size>
               <logical_group_ref idref="lg-23a"/>
            </allocated_space>
            <available_space>
               <start_address>0x20000639</start_address>
               <size>0x3</size>
            </available_space>
            <allocated_space>
               <start_address>0x2000063c</start_address>
               <size>0x200</size>
               <logical_group_ref idref="lg-d"/>
            </allocated_space>
            <allocated_space>
               <start_address>0x2000083c</start_address>
               <size>0x30</size>
               <logical_group_ref idref="lg-23c"/>
            </allocated_space>
            <available_space>
               <start_address>0x2000086c</start_address>
               <size>0x7794</size>
            </available_space>
         </usage_details>
      </memory_area>
   </placement_map>
   <cptbl_list>
      <cptbl>
         <name>__TI_cinit_table</name>
         <cprec>
            <name>.data</name>
            <load_address>0x1f38</load_address>
            <load_size>0x19</load_size>
            <run_address>0x2000083c</run_address>
            <run_size>0x30</run_size>
            <compression>rle</compression>
         </cprec>
         <cprec>
            <name>.bss</name>
            <load_address>0x1f60</load_address>
            <load_size>0x8</load_size>
            <run_address>0x20000000</run_address>
            <run_size>0x639</run_size>
            <compression>zero_init</compression>
         </cprec>
      </cptbl>
   </cptbl_list>
   <handler_table>
      <handler_table_name>__TI_handler_table</handler_table_name>
      <handler>
         <index>0x0</index>
         <name>__TI_decompress_rle24</name>
      </handler>
      <handler>
         <index>0x1</index>
         <name>__TI_decompress_none</name>
      </handler>
      <handler>
         <index>0x2</index>
         <name>__TI_zero_init</name>
      </handler>
   </handler_table>
   <symbol_table>
      <symbol id="sm-1">
         <name>__STACK_TOP</name>
         <value>0x2000083c</value>
      </symbol>
      <symbol id="sm-2">
         <name>__TI_CINIT_Base</name>
         <value>0x1f68</value>
      </symbol>
      <symbol id="sm-3">
         <name>__TI_CINIT_Limit</name>
         <value>0x1f78</value>
      </symbol>
      <symbol id="sm-4">
         <name>__TI_Handler_Table_Base</name>
         <value>0x1f54</value>
      </symbol>
      <symbol id="sm-5">
         <name>__TI_Handler_Table_Limit</name>
         <value>0x1f60</value>
      </symbol>
      <symbol id="sm-6">
         <name>binit</name>
         <value>0xffffffff</value>
      </symbol>
      <symbol id="sm-7">
         <name>__binit__</name>
         <value>0xffffffff</value>
      </symbol>
      <symbol id="sm-8">
         <name>__STACK_SIZE</name>
         <value>0x200</value>
      </symbol>
      <symbol id="sm-9">
         <name>__STACK_END</name>
         <value>0x2000083c</value>
      </symbol>
      <symbol id="sm-a">
         <name>__c_args__</name>
         <value>0xffffffff</value>
      </symbol>
      <symbol id="sm-79">
         <name>g_pui32Colors</name>
         <value>0x20000610</value>
      </symbol>
      <symbol id="sm-7a">
         <name>g_vui8I2CDoneFlag</name>
         <value>0x20000630</value>
      </symbol>
      <symbol id="sm-7b">
         <name>g_vui8ErrorFlag</name>
         <value>0x2000062c</value>
      </symbol>
      <symbol id="sm-7c">
         <name>MPU9150AppCallback</name>
         <value>0xfb5</value>
         <object_component_ref idref="oc-30"/>
      </symbol>
      <symbol id="sm-7d">
         <name>g_sI2CInst</name>
         <value>0x20000400</value>
         <object_component_ref idref="oc-ac"/>
      </symbol>
      <symbol id="sm-7e">
         <name>MPU9150AppErrorHandler</name>
         <value>0x1001</value>
         <object_component_ref idref="oc-30"/>
      </symbol>
      <symbol id="sm-7f">
         <name>main</name>
         <value>0x10c9</value>
         <object_component_ref idref="oc-30"/>
      </symbol>
      <symbol id="sm-80">
         <name>ConfigureUART</name>
         <value>0x106f</value>
         <object_component_ref idref="oc-30"/>
      </symbol>
      <symbol id="sm-81">
         <name>g_sMPU9150Inst</name>
         <value>0x200005a4</value>
         <object_component_ref idref="oc-a9"/>
      </symbol>
      <symbol id="sm-82">
         <name>MPU9150AppI2CWait</name>
         <value>0x1045</value>
         <object_component_ref idref="oc-30"/>
      </symbol>
      <symbol id="sm-83">
         <name>IntGPIOb</name>
         <value>0xfd1</value>
         <object_component_ref idref="oc-30"/>
      </symbol>
      <symbol id="sm-84">
         <name>MPU9150I2CIntHandler</name>
         <value>0xff7</value>
         <object_component_ref idref="oc-30"/>
      </symbol>
      <symbol id="sm-a6">
         <name>ResetISR</name>
         <value>0x1de1</value>
         <object_component_ref idref="oc-2a"/>
      </symbol>
      <symbol id="sm-a7">
         <name>g_pfnVectors</name>
         <value>0x0</value>
         <object_component_ref idref="oc-f"/>
      </symbol>
      <symbol id="sm-16a">
         <name>UARTTxBytesFree</name>
         <value>0x8ed</value>
         <object_component_ref idref="oc-36"/>
      </symbol>
      <symbol id="sm-16b">
         <name>UARTFlushRx</name>
         <value>0x95b</value>
         <object_component_ref idref="oc-36"/>
      </symbol>
      <symbol id="sm-16c">
         <name>UARTgetc</name>
         <value>0x55b</value>
         <object_component_ref idref="oc-36"/>
      </symbol>
      <symbol id="sm-16d">
         <name>UARTgets</name>
         <value>0x4df</value>
         <object_component_ref idref="oc-36"/>
      </symbol>
      <symbol id="sm-16e">
         <name>UARTFlushTx</name>
         <value>0x983</value>
         <object_component_ref idref="oc-36"/>
      </symbol>
      <symbol id="sm-16f">
         <name>UARTStdioConfig</name>
         <value>0x381</value>
         <object_component_ref idref="oc-36"/>
      </symbol>
      <symbol id="sm-170">
         <name>UARTStdioIntHandler</name>
         <value>0x9f5</value>
         <object_component_ref idref="oc-36"/>
      </symbol>
      <symbol id="sm-171">
         <name>UARTRxBytesAvail</name>
         <value>0x8df</value>
         <object_component_ref idref="oc-36"/>
      </symbol>
      <symbol id="sm-172">
         <name>UARTwrite</name>
         <value>0x439</value>
         <object_component_ref idref="oc-36"/>
      </symbol>
      <symbol id="sm-173">
         <name>UARTPeek</name>
         <value>0x901</value>
         <object_component_ref idref="oc-36"/>
      </symbol>
      <symbol id="sm-174">
         <name>UARTEchoSet</name>
         <value>0x9c1</value>
         <object_component_ref idref="oc-36"/>
      </symbol>
      <symbol id="sm-175">
         <name>UARTprintf</name>
         <value>0x8bb</value>
         <object_component_ref idref="oc-36"/>
      </symbol>
      <symbol id="sm-176">
         <name>UARTvprintf</name>
         <value>0x5c1</value>
         <object_component_ref idref="oc-36"/>
      </symbol>
      <symbol id="sm-1c0">
         <name>RGBDisable</name>
         <value>0xd53</value>
         <object_component_ref idref="oc-3c"/>
      </symbol>
      <symbol id="sm-1c1">
         <name>RGBBlinkRateSet</name>
         <value>0xe8d</value>
         <object_component_ref idref="oc-3c"/>
      </symbol>
      <symbol id="sm-1c2">
         <name>RGBIntensitySet</name>
         <value>0xe79</value>
         <object_component_ref idref="oc-3c"/>
      </symbol>
      <symbol id="sm-1c3">
         <name>RGBBlinkIntHandler</name>
         <value>0xb81</value>
         <object_component_ref idref="oc-3c"/>
      </symbol>
      <symbol id="sm-1c4">
         <name>RGBEnable</name>
         <value>0xc9b</value>
         <object_component_ref idref="oc-3c"/>
      </symbol>
      <symbol id="sm-1c5">
         <name>RGBColorGet</name>
         <value>0xf21</value>
         <object_component_ref idref="oc-3c"/>
      </symbol>
      <symbol id="sm-1c6">
         <name>RGBInit</name>
         <value>0xbaf</value>
         <object_component_ref idref="oc-3c"/>
      </symbol>
      <symbol id="sm-1c7">
         <name>RGBColorSet</name>
         <value>0xdc9</value>
         <object_component_ref idref="oc-3c"/>
      </symbol>
      <symbol id="sm-1c8">
         <name>RGBSet</name>
         <value>0xdb1</value>
         <object_component_ref idref="oc-3c"/>
      </symbol>
      <symbol id="sm-1dd">
         <name>GPIOIntClear</name>
         <value>0x1dfd</value>
         <object_component_ref idref="oc-8d"/>
      </symbol>
      <symbol id="sm-1de">
         <name>GPIOIntStatus</name>
         <value>0x1dad</value>
         <object_component_ref idref="oc-87"/>
      </symbol>
      <symbol id="sm-233">
         <name>IntIsEnabled</name>
         <value>0x18e1</value>
         <object_component_ref idref="oc-1cd"/>
      </symbol>
      <symbol id="sm-234">
         <name>IntEnable</name>
         <value>0x1879</value>
         <object_component_ref idref="oc-1df"/>
      </symbol>
      <symbol id="sm-235">
         <name>IntTrigger</name>
         <value>0x1dc9</value>
         <object_component_ref idref="oc-1d9"/>
      </symbol>
      <symbol id="sm-236">
         <name>IntDisable</name>
         <value>0x1811</value>
         <object_component_ref idref="oc-1d3"/>
      </symbol>
      <symbol id="sm-267">
         <name>SysCtlClockGet</name>
         <value>0x1301</value>
         <object_component_ref idref="oc-d6"/>
      </symbol>
      <symbol id="sm-274">
         <name>UARTClockSourceSet</name>
         <value>0x1e03</value>
         <object_component_ref idref="oc-9f"/>
      </symbol>
      <symbol id="sm-287">
         <name>_c_int00</name>
         <value>0x1a55</value>
         <object_component_ref idref="oc-24"/>
      </symbol>
      <symbol id="sm-288">
         <name>__stack</name>
         <value>0x2000063c</value>
         <object_component_ref idref="oc-29"/>
      </symbol>
      <symbol id="sm-29f">
         <name>__TI_decompress_none</name>
         <value>0x1dbb</value>
         <object_component_ref idref="oc-12"/>
      </symbol>
      <symbol id="sm-2c7">
         <name>__TI_decompress_rle24</name>
         <value>0x1e09</value>
         <object_component_ref idref="oc-18"/>
      </symbol>
      <symbol id="sm-2d9">
         <name>__TI_zero_init</name>
         <value>0x1dd5</value>
         <object_component_ref idref="oc-1e"/>
      </symbol>
      <symbol id="sm-2f8">
         <name>C$$EXIT</name>
         <value>0x1c19</value>
         <object_component_ref idref="oc-7c"/>
      </symbol>
      <symbol id="sm-2f9">
         <name>abort</name>
         <value>0x1c1d</value>
         <object_component_ref idref="oc-7c"/>
      </symbol>
      <symbol id="sm-2fa">
         <name>exit</name>
         <value>0x1c25</value>
         <object_component_ref idref="oc-7c"/>
      </symbol>
      <symbol id="sm-2fb">
         <name>__TI_dtors_ptr</name>
         <value>0x20000860</value>
         <object_component_ref idref="oc-111"/>
      </symbol>
      <symbol id="sm-2fc">
         <name>__TI_cleanup_ptr</name>
         <value>0x2000085c</value>
         <object_component_ref idref="oc-111"/>
      </symbol>
      <symbol id="sm-308">
         <name>__aeabi_f2ulz</name>
         <value>0x1aa5</value>
         <object_component_ref idref="oc-dc"/>
      </symbol>
      <symbol id="sm-323">
         <name>memcpy</name>
         <value>0x1503</value>
         <object_component_ref idref="oc-45"/>
      </symbol>
      <symbol id="sm-324">
         <name>__aeabi_memcpy</name>
         <value>0x1503</value>
         <object_component_ref idref="oc-45"/>
      </symbol>
      <symbol id="sm-325">
         <name>__aeabi_memcpy8</name>
         <value>0x1503</value>
         <object_component_ref idref="oc-45"/>
      </symbol>
      <symbol id="sm-326">
         <name>__aeabi_memcpy4</name>
         <value>0x1503</value>
         <object_component_ref idref="oc-45"/>
      </symbol>
      <symbol id="sm-335">
         <name>__aeabi_memset</name>
         <value>0x16c1</value>
         <object_component_ref idref="oc-5e"/>
      </symbol>
      <symbol id="sm-336">
         <name>memset</name>
         <value>0x16c7</value>
         <object_component_ref idref="oc-5e"/>
      </symbol>
      <symbol id="sm-337">
         <name>__aeabi_memset8</name>
         <value>0x16c1</value>
         <object_component_ref idref="oc-5e"/>
      </symbol>
      <symbol id="sm-338">
         <name>__aeabi_memset4</name>
         <value>0x16c1</value>
         <object_component_ref idref="oc-5e"/>
      </symbol>
      <symbol id="sm-339">
         <name>__aeabi_memclr8</name>
         <value>0x16bf</value>
         <object_component_ref idref="oc-5e"/>
      </symbol>
      <symbol id="sm-33a">
         <name>__aeabi_memclr4</name>
         <value>0x16bf</value>
         <object_component_ref idref="oc-5e"/>
      </symbol>
      <symbol id="sm-33b">
         <name>__aeabi_memclr</name>
         <value>0x16bf</value>
         <object_component_ref idref="oc-5e"/>
      </symbol>
      <symbol id="sm-345">
         <name>_system_pre_init</name>
         <value>0x1e1b</value>
         <object_component_ref idref="oc-6a"/>
      </symbol>
      <symbol id="sm-34d">
         <name>main_func_sp</name>
         <value>0x20000868</value>
         <object_component_ref idref="oc-82"/>
      </symbol>
      <symbol id="sm-35f">
         <name>__aeabi_uidivmod</name>
         <value>0x1c9f</value>
         <object_component_ref idref="oc-ca"/>
      </symbol>
      <symbol id="sm-360">
         <name>__aeabi_uidiv</name>
         <value>0x1c9f</value>
         <object_component_ref idref="oc-ca"/>
      </symbol>
      <symbol id="sm-379">
         <name>_nop</name>
         <value>0x1da7</value>
         <object_component_ref idref="oc-1bd"/>
      </symbol>
      <symbol id="sm-37a">
         <name>_lock</name>
         <value>0x20000854</value>
         <object_component_ref idref="oc-10e"/>
      </symbol>
      <symbol id="sm-37b">
         <name>_unlock</name>
         <value>0x20000858</value>
         <object_component_ref idref="oc-10e"/>
      </symbol>
      <symbol id="sm-37c">
         <name>_register_lock</name>
         <value>0x1d9f</value>
         <object_component_ref idref="oc-1bd"/>
      </symbol>
      <symbol id="sm-37d">
         <name>_register_unlock</name>
         <value>0x1d99</value>
         <object_component_ref idref="oc-1bd"/>
      </symbol>
      <symbol id="sm-392">
         <name>_args_main</name>
         <value>0x1d81</value>
         <object_component_ref idref="oc-76"/>
      </symbol>
      <symbol id="sm-3b8">
         <name>__TI_auto_init</name>
         <value>0x1739</value>
         <object_component_ref idref="oc-70"/>
      </symbol>
      <symbol id="sm-3d2">
         <name>copy_in</name>
         <value>0x1af5</value>
         <object_component_ref idref="oc-104"/>
      </symbol>
      <symbol id="sm-3dc">
         <name>__aeabi_idiv0</name>
         <value>0x180f</value>
         <object_component_ref idref="oc-197"/>
      </symbol>
      <symbol id="sm-487">
         <name>I2CMCommand</name>
         <value>0x1637</value>
         <object_component_ref idref="oc-11c"/>
      </symbol>
      <symbol id="sm-488">
         <name>I2CMIntHandler</name>
         <value>0x1411</value>
         <object_component_ref idref="oc-99"/>
      </symbol>
      <symbol id="sm-4bc">
         <name>MPU9150DataRead</name>
         <value>0x1945</value>
         <object_component_ref idref="oc-93"/>
      </symbol>
      <symbol id="sm-4e9">
         <name>I2CMasterDataPut</name>
         <value>0x1e17</value>
         <object_component_ref idref="oc-204"/>
      </symbol>
      <symbol id="sm-4ea">
         <name>I2CMasterSlaveAddrSet</name>
         <value>0x1df5</value>
         <object_component_ref idref="oc-1fc"/>
      </symbol>
      <symbol id="sm-4eb">
         <name>I2CMasterDataGet</name>
         <value>0x1e13</value>
         <object_component_ref idref="oc-1f2"/>
      </symbol>
      <symbol id="sm-4ec">
         <name>I2CMasterControl</name>
         <value>0x1e0f</value>
         <object_component_ref idref="oc-130"/>
      </symbol>
      <symbol id="sm-4ed">
         <name>I2CMasterIntClear</name>
         <value>0x1ded</value>
         <object_component_ref idref="oc-12a"/>
      </symbol>
      <symbol id="sm-502">
         <name>__TI_static_base__</name>
         <value>0x0</value>
      </symbol>
      <symbol id="sm-505">
         <name>SHT$$INIT_ARRAY$$Limit</name>
         <value>0x0</value>
      </symbol>
      <symbol id="sm-506">
         <name>SHT$$INIT_ARRAY$$Base</name>
         <value>0x0</value>
      </symbol>
   </symbol_table>
   <title>Link successful</title>
</link_info>
