******************************************************************************
                  TI ARM Linker PC v5.2.5                      
******************************************************************************
>> Linked Mon Aug 01 21:51:54 2016

OUTPUT FILE NAME:   <Segway 16_2.out>
ENTRY POINT SYMBOL: "_c_int00"  address: 0000367d


MEMORY CONFIGURATION

         name            origin    length      used     unused   attr    fill
----------------------  --------  ---------  --------  --------  ----  --------
  FLASH                 00000000   00040000  0000409e  0003bf62  R  X
  SRAM                  20000000   00008000  00000afd  00007503  RW X


SEGMENT ALLOCATION MAP

run origin  load origin   length   init length attrs members
----------  ----------- ---------- ----------- ----- -------
00000000    00000000    000040a0   000040a0    r-x
  00000000    00000000    0000026c   0000026c    r-- .intvecs
  0000026c    0000026c    00003c48   00003c48    r-x .text
  00003eb4    00003eb4    0000016a   0000016a    r-- .const
  00004020    00004020    00000080   00000080    r-- .cinit
20000000    20000000    00000b04   00000000    rw-
  20000000    20000000    00000791   00000000    rw- .bss
  20000794    20000794    00000200   00000000    rw- .stack
  20000998    20000998    0000016c   00000000    rw- .data


SECTION ALLOCATION MAP

 output                                  attributes/
section   page    origin      length       input sections
--------  ----  ----------  ----------   ----------------
.intvecs   0    00000000    0000026c     
                  00000000    0000026c     startup_ccs.obj (.intvecs)

.text      0    0000026c    00003c48     
                  0000026c    00000b6c     sensorhub.obj (.text)
                  00000dd8    00000914     uartstdio.obj (.text)
                  000016ec    00000434     rgb.obj (.text)
                  00001b20    00000290     sensorlib.lib : comp_dcm.obj (.text:CompDCMUpdate)
                  00001db0    0000024c     PID.obj (.text)
                  00001ffc    000001c8     sensorlib.lib : comp_dcm.obj (.text:CompDCMComputeQuaternion)
                  000021c4    000001b6     rtsv7M4_T_le_v4SPD16_eabi.lib : fd_add_t2.obj (.text)
                  0000237a    00000002                                   : i_div0.obj (.text)
                  0000237c    00000194     sensorlib.lib : mpu9150.obj (.text:MPU9150Callback)
                  00002510    0000017c     motor.obj (.text)
                  0000268c    00000132     driverlib.lib : gpio.obj (.text:GPIOPadConfigSet)
                  000027be    00000002     --HOLE-- [fill = 0]
                  000027c0    00000118     rtsv7M4_T_le_v4SPD16_eabi.lib : atan2f.obj (.text)
                  000028d8    00000110     driverlib.lib : sysctl.obj (.text:SysCtlClockGet)
                  000029e8    000000fc     rtsv7M4_T_le_v4SPD16_eabi.lib : fd_mul_t2.obj (.text)
                  00002ae4    000000f2     sensorlib.lib : i2cm_drv.obj (.text:I2CMIntHandler)
                  00002bd6    00000002     --HOLE-- [fill = 0]
                  00002bd8    000000b4     rtsv7M4_T_le_v4SPD16_eabi.lib : asinf.obj (.text)
                  00002c8c    000000b0     sensorlib.lib : comp_dcm.obj (.text:CompDCMStart)
                  00002d3c    000000a8     rtsv7M4_T_le_v4SPD16_eabi.lib : xfatan.obj (.text)
                  00002de4    0000009c     sensorlib.lib : mpu9150.obj (.text:MPU9150DataMagnetoGetFloat)
                  00002e80    0000009c                   : mpu9150.obj (.text:MPU9150Write)
                  00002f1c    0000009c     rtsv7M4_T_le_v4SPD16_eabi.lib : memcpy_t2.obj (.text)
                  00002fb8    00000098     sensorlib.lib : i2cm_drv.obj (.text:I2CMStateIdle)
                  00003050    00000088                   : i2cm_drv.obj (.text:I2CMCommand)
                  000030d8    0000007c                   : mpu9150.obj (.text:MPU9150DataAccelGetFloat)
                  00003154    0000007c                   : mpu9150.obj (.text:MPU9150DataGyroGetFloat)
                  000031d0    0000007a     rtsv7M4_T_le_v4SPD16_eabi.lib : memset_t2.obj (.text)
                  0000324a    00000002     --HOLE-- [fill = 0]
                  0000324c    0000006c     sensorlib.lib : mpu9150.obj (.text:MPU9150Init)
                  000032b8    0000006c     rtsv7M4_T_le_v4SPD16_eabi.lib : autoinit.obj (.text)
                  00003324    0000006a                                   : copy_decompress_rle.obj (.text)
                  0000338e    00000002     --HOLE-- [fill = 0]
                  00003390    00000068     driverlib.lib : interrupt.obj (.text:IntDisable)
                  000033f8    00000068                   : interrupt.obj (.text:IntEnable)
                  00003460    00000064                   : interrupt.obj (.text:IntIsEnabled)
                  000034c4    00000060     sensorlib.lib : mpu9150.obj (.text:MPU9150DataRead)
                  00003524    0000005e                   : i2cm_drv.obj (.text:I2CMStateWritePause)
                  00003582    00000056                   : vector.obj (.text:VectorCrossProduct)
                  000035d8    00000054                   : i2cm_drv.obj (.text:I2CMWrite8)
                  0000362c    00000050                   : i2cm_drv.obj (.text:I2CMStateWriteFinal)
                  0000367c    00000050     rtsv7M4_T_le_v4SPD16_eabi.lib : boot.obj (.text)
                  000036cc    00000050                                   : fs_toull_t2.obj (.text)
                  0000371c    0000004c     driverlib.lib : i2c.obj (.text:I2CMasterInitExpClk)
                  00003768    0000004c     rtsv7M4_T_le_v4SPD16_eabi.lib : cpy_tbl.obj (.text)
                  000037b4    0000004a     sensorlib.lib : i2cm_drv.obj (.text:I2CMStateReadNext)
                  000037fe    00000048                   : i2cm_drv.obj (.text:I2CMStateWriteNext)
                  00003846    00000048     rtsv7M4_T_le_v4SPD16_eabi.lib : fd_tos_t2.obj (.text)
                  0000388e    00000002     --HOLE-- [fill = 0]
                  00003890    00000044     sensorlib.lib : comp_dcm.obj (.text:CompDCMInit)
                  000038d4    00000044                   : i2cm_drv.obj (.text:I2CMStateCallback)
                  00003918    00000044     rtsv7M4_T_le_v4SPD16_eabi.lib : exit.obj (.text)
                  0000395c    00000042     sensorlib.lib : comp_dcm.obj (.text:CompDCMComputeEulers)
                  0000399e    00000042                   : i2cm_drv.obj (.text:I2CMStateReadFinal)
                  000039e0    00000040                   : i2cm_drv.obj (.text:I2CMWrite8Callback)
                  00003a20    00000040     rtsv7M4_T_le_v4SPD16_eabi.lib : signal.obj (.text)
                  00003a60    00000040                                   : u_divt2.obj (.text)
                  00003aa0    0000003e     sensorlib.lib : i2cm_drv.obj (.text:I2CMStateReadPause)
                  00003ade    00000038     rtsv7M4_T_le_v4SPD16_eabi.lib : fs_tod_t2.obj (.text)
                  00003b16    00000034     sensorlib.lib : i2cm_drv.obj (.text:I2CMInit)
                  00003b4a    00000002     --HOLE-- [fill = 0]
                  00003b4c    00000034     rtsv7M4_T_le_v4SPD16_eabi.lib : feraiseexcept.obj (.text)
                  00003b80    00000032     sensorlib.lib : vector.obj (.text:VectorAdd)
                  00003bb2    00000030                   : i2cm_drv.obj (.text:I2CMTransferResume)
                  00003be2    00000002     --HOLE-- [fill = 0]
                  00003be4    00000030     rtsv7M4_T_le_v4SPD16_eabi.lib : xferaise.obj (.text)
                  00003c14    0000002e                                   : raise.obj (.text)
                  00003c42    0000002c                                   : xfdclass.obj (.text)
                  00003c6e    0000002a     driverlib.lib : gpio.obj (.text:GPIODirModeSet)
                  00003c98    0000002a     sensorlib.lib : i2cm_drv.obj (.text:I2CMStateReadFirst)
                  00003cc2    00000026                   : vector.obj (.text:VectorDotProduct)
                  00003ce8    00000026                   : vector.obj (.text:VectorScale)
                  00003d0e    00000002     --HOLE-- [fill = 0]
                  00003d10    00000024     rtsv7M4_T_le_v4SPD16_eabi.lib : sqrtf.obj (.text)
                  00003d34    00000022     driverlib.lib : pwm.obj (.text:PWMGenConfigure)
                  00003d56    00000020     sensorlib.lib : i2cm_drv.obj (.text:I2CMStateReadOne)
                  00003d76    0000001c     main.obj (.text)
                  00003d92    0000001a     sensorlib.lib : i2cm_drv.obj (.text:I2CMStateReadWait)
                  00003dac    00000018     rtsv7M4_T_le_v4SPD16_eabi.lib : args_main.obj (.text)
                  00003dc4    00000014                                   : _lock.obj (.text)
                  00003dd8    00000012     driverlib.lib : gpio.obj (.text:GPIOPinTypeI2CSCL)
                  00003dea    00000010                   : pwm.obj (.text:PWMGenPeriodSet)
                  00003dfa    0000000e     sensorlib.lib : comp_dcm.obj (.text:CompDCMAccelUpdate)
                  00003e08    0000000e                   : comp_dcm.obj (.text:CompDCMGyroUpdate)
                  00003e16    0000000e                   : comp_dcm.obj (.text:CompDCMMagnetoUpdate)
                  00003e24    0000000e     driverlib.lib : gpio.obj (.text:GPIOIntStatus)
                  00003e32    0000000e     rtsv7M4_T_le_v4SPD16_eabi.lib : copy_decompress_none.obj (.text:decompress:none)
                  00003e40    0000000c     driverlib.lib : gpio.obj (.text:GPIOIntEnable)
                  00003e4c    0000000c                   : interrupt.obj (.text:IntTrigger)
                  00003e58    0000000c     rtsv7M4_T_le_v4SPD16_eabi.lib : copy_zero_init.obj (.text:decompress:ZI)
                  00003e64    0000000c     startup_ccs.obj (.text)
                  00003e70    0000000a     driverlib.lib : i2c.obj (.text:I2CMasterEnable)
                  00003e7a    00000008                   : i2c.obj (.text:I2CMasterIntClear)
                  00003e82    00000008                   : i2c.obj (.text:I2CMasterIntEnableEx)
                  00003e8a    00000008                   : i2c.obj (.text:I2CMasterSlaveAddrSet)
                  00003e92    00000006                   : gpio.obj (.text:GPIOIntClear)
                  00003e98    00000006                   : uart.obj (.text:UARTClockSourceSet)
                  00003e9e    00000006     rtsv7M4_T_le_v4SPD16_eabi.lib : copy_decompress_rle.obj (.text:decompress:rle24)
                  00003ea4    00000004     driverlib.lib : i2c.obj (.text:I2CMasterControl)
                  00003ea8    00000004                   : i2c.obj (.text:I2CMasterDataGet)
                  00003eac    00000004                   : i2c.obj (.text:I2CMasterDataPut)
                  00003eb0    00000004     rtsv7M4_T_le_v4SPD16_eabi.lib : pre_init.obj (.text)

.const     0    00003eb4    0000016a     
                  00003eb4    00000070     driverlib.lib : interrupt.obj (.const)
                  00003f24    0000006c                   : sysctl.obj (.const:g_pui32Xtals)
                  00003f90    00000034     rtsv7M4_T_le_v4SPD16_eabi.lib : xfatan.obj (.const)
                  00003fc4    00000028     uartstdio.obj (.const)
                  00003fec    00000020     sensorlib.lib : mpu9150.obj (.const)
                  0000400c    00000012     uartstdio.obj (.const:.string)

.cinit     0    00004020    00000080     
                  00004020    00000058     (.cinit..data.load) [load image, compression = rle]
                  00004078    0000000c     (__TI_handler_table)
                  00004084    00000004     --HOLE-- [fill = 0]
                  00004088    00000008     (.cinit..bss.load) [load image, compression = zero_init]
                  00004090    00000010     (__TI_cinit_table)

.init_array 
*          0    00000000    00000000     UNINITIALIZED

.bss       0    20000000    00000791     UNINITIALIZED
                  20000000    00000400     uartstdio.obj (.bss:g_pcUARTTxBuffer)
                  20000400    00000124     sensorhub.obj (.bss:g_sI2CInst)
                  20000524    00000080     uartstdio.obj (.bss:g_pcUARTRxBuffer)
                  200005a4    0000006c     sensorhub.obj (.bss:g_sMPU9150Inst)
                  20000610    00000058     sensorhub.obj (.bss:g_sCompDCMInst)
                  20000668    00000040     sensorhub.obj (.bss:i32FPart)
                  200006a8    00000040     sensorhub.obj (.bss:i32IPart)
                  200006e8    00000040     sensorhub.obj (.bss:pfData)
                  20000728    0000000c     (.common:g_pui32Colors)
                  20000734    0000000c     (.common:g_ui32Colors)
                  20000740    00000004     (.common:PIDLeft)
                  20000744    00000004     (.common:PIDRight)
                  20000748    00000004     (.common:PIDValue)
                  2000074c    00000004     (.common:g_ui32PortNum)
                  20000750    00000004     (.common:g_ui32PrintSkipCounter)
                  20000754    00000004     (.common:g_vui8ErrorFlag)
                  20000758    00000004     (.common:g_vui8I2CDoneFlag)
                  2000075c    00000004     (.common:integratedError)
                  20000760    00000004     (.common:lastError)
                  20000764    00000004     (.common:pfAccel)
                  20000768    00000004     (.common:pfEulers)
                  2000076c    00000004     (.common:pfGyro)
                  20000770    00000004     (.common:pfMag)
                  20000774    00000004     (.common:pfQuaternion)
                  20000778    00000004     (.common:pitch)
                  2000077c    00000004     (.common:ui32CompDCMStarted)
                  20000780    00000004     (.common:ui32Idx)
                  20000784    00000004     (.common:ui32Load)
                  20000788    00000004     (.common:ui32PWMClock)
                  2000078c    00000004     (.common:ulFlags$1)
                  20000790    00000001     (.common:g_bDisableEcho)

.TI.noinit 
*          0    20000000    00000000     UNINITIALIZED

.stack     0    20000794    00000200     UNINITIALIZED
                  20000794    00000200     --HOLE--

.data      0    20000998    0000016c     UNINITIALIZED
                  20000998    000000b0     rtsv7M4_T_le_v4SPD16_eabi.lib : signal.obj (.data:sigtable)
                  20000a48    00000068                                   : xfvalues.obj (.data)
                  20000ab0    00000018     PID.obj (.data)
                  20000ac8    00000015     uartstdio.obj (.data)
                  20000add    00000003     --HOLE--
                  20000ae0    00000008     rtsv7M4_T_le_v4SPD16_eabi.lib : _lock.obj (.data)
                  20000ae8    00000008                                   : exit.obj (.data)
                  20000af0    00000008                                   : feraiseexcept.obj (.data)
                  20000af8    00000004     rgb.obj (.data)
                  20000afc    00000004     rtsv7M4_T_le_v4SPD16_eabi.lib : errno.obj (.data)
                  20000b00    00000004                                   : stkdepth_vars.obj (.data)

.TI.persistent 
*          0    20000998    00000000     UNINITIALIZED


LINKER GENERATED COPY TABLES

__TI_cinit_table @ 00004090 records: 2, size/record: 8, table size: 16
	.data: load addr=00004020, load size=00000058 bytes, run addr=20000998, run size=0000016c bytes, compression=rle
	.bss: load addr=00004088, load size=00000008 bytes, run addr=20000000, run size=00000791 bytes, compression=zero_init


LINKER GENERATED HANDLER TABLE

__TI_handler_table @ 00004078 records: 3, size/record: 4, table size: 12
	index: 0, handler: __TI_decompress_rle24
	index: 1, handler: __TI_decompress_none
	index: 2, handler: __TI_zero_init


GLOBAL SYMBOLS: SORTED ALPHABETICALLY BY Name 

address   name                      
-------   ----                      
00003919  C$$EXIT                   
00003dfb  CompDCMAccelUpdate        
0000395d  CompDCMComputeEulers      
00001ffd  CompDCMComputeQuaternion  
00003e09  CompDCMGyroUpdate         
00003891  CompDCMInit               
00003e17  CompDCMMagnetoUpdate      
00002c8d  CompDCMStart              
00001b21  CompDCMUpdate             
00000327  ConfigureUART             
00003c6f  GPIODirModeSet            
00003e93  GPIOIntClear              
00003e41  GPIOIntEnable             
00003e25  GPIOIntStatus             
0000268d  GPIOPadConfigSet          
00003dd9  GPIOPinTypeI2CSCL         
00003051  I2CMCommand               
00003b17  I2CMInit                  
00002ae5  I2CMIntHandler            
00003bb3  I2CMTransferResume        
000035d9  I2CMWrite8                
00003ea5  I2CMasterControl          
00003ea9  I2CMasterDataGet          
00003ead  I2CMasterDataPut          
00003e71  I2CMasterEnable           
0000371d  I2CMasterInitExpClk       
00003e7b  I2CMasterIntClear         
00003e83  I2CMasterIntEnableEx      
00003e8b  I2CMasterSlaveAddrSet     
00003391  IntDisable                
000033f9  IntEnable                 
00000289  IntGPIOb                  
00003461  IntIsEnabled              
00003e4d  IntTrigger                
20000ab8  Kd                        
20000ab0  Ki                        
20000ab4  Kp                        
0000026d  MPU9150AppCallback        
000002b9  MPU9150AppErrorHandler    
000002fd  MPU9150AppI2CWait         
000030d9  MPU9150DataAccelGetFloat  
00003155  MPU9150DataGyroGetFloat   
00002de5  MPU9150DataMagnetoGetFloat
000034c5  MPU9150DataRead           
000002af  MPU9150I2CIntHandler      
0000324d  MPU9150Init               
00002e81  MPU9150Write              
00001db1  PID                       
20000740  PIDLeft                   
20000744  PIDRight                  
20000748  PIDValue                  
00003d35  PWMGenConfigure           
00003deb  PWMGenPeriodSet           
000016ed  RGBBlinkIntHandler        
000019f9  RGBBlinkRateSet           
00001a8d  RGBColorGet               
00001935  RGBColorSet               
000018bf  RGBDisable                
00001807  RGBEnable                 
0000171b  RGBInit                   
000019e5  RGBIntensitySet           
0000191d  RGBSet                    
00003e65  ResetISR                  
UNDEFED   SHT$$INIT_ARRAY$$Base     
UNDEFED   SHT$$INIT_ARRAY$$Limit    
000028d9  SysCtlClockGet            
00003e99  UARTClockSourceSet        
0000152d  UARTEchoSet               
000014c7  UARTFlushRx               
000014ef  UARTFlushTx               
0000146d  UARTPeek                  
0000144b  UARTRxBytesAvail          
00000eed  UARTStdioConfig           
00001561  UARTStdioIntHandler       
00001459  UARTTxBytesFree           
000010c7  UARTgetc                  
0000104b  UARTgets                  
00001427  UARTprintf                
0000112d  UARTvprintf               
00000fa5  UARTwrite                 
00003b81  VectorAdd                 
00003583  VectorCrossProduct        
00003cc3  VectorDotProduct          
00003ce9  VectorScale               
20000afc  _Errno                    
00002d3d  _FAtan                    
00003c43  _FDclass                  
20000a48  _FDenorm                  
20000a58  _FEps                     
20000a68  _FInf                     
20000a78  _FNan                     
20000a98  _FRteps                   
20000a88  _FSnan                    
20000aa8  _FXbig                    
20000aac  _FZero                    
20000af0  _Fenv                     
00003be5  _Feraise                  
20000af4  _Tls_setup__Fenv          
20000994  __STACK_END               
00000200  __STACK_SIZE              
20000994  __STACK_TOP               
00004090  __TI_CINIT_Base           
000040a0  __TI_CINIT_Limit          
00004078  __TI_Handler_Table_Base   
00004084  __TI_Handler_Table_Limit  
000032b9  __TI_auto_init            
20000ae8  __TI_cleanup_ptr          
00003e33  __TI_decompress_none      
00003e9f  __TI_decompress_rle24     
20000aec  __TI_dtors_ptr            
00000000  __TI_static_base__        
00003e59  __TI_zero_init            
00003847  __aeabi_d2f               
000021cf  __aeabi_dadd              
000029e9  __aeabi_dmul              
000021c5  __aeabi_dsub              
00003adf  __aeabi_f2d               
000036cd  __aeabi_f2ulz             
0000237b  __aeabi_idiv0             
000031d1  __aeabi_memclr            
000031d1  __aeabi_memclr4           
000031d1  __aeabi_memclr8           
00002f1d  __aeabi_memcpy            
00002f1d  __aeabi_memcpy4           
00002f1d  __aeabi_memcpy8           
000031d3  __aeabi_memset            
000031d3  __aeabi_memset4           
000031d3  __aeabi_memset8           
00003a61  __aeabi_uidiv             
00003a61  __aeabi_uidivmod          
ffffffff  __binit__                 
ffffffff  __c_args__                
20000794  __stack                   
00003dad  _args_main                
0000367d  _c_int00                  
20000ae0  _lock                     
00003dd3  _nop                      
00003dcb  _register_lock            
00003dc5  _register_unlock          
00003eb1  _system_pre_init          
20000ae4  _unlock                   
0000391d  abort                     
00002bd9  asinf                     
000027c1  atan2f                    
ffffffff  binit                     
00003769  copy_in                   
20000ac4  currentSpeed              
00003925  exit                      
00003b4d  feraiseexcept             
00000000  g_pfnVectors              
20000728  g_pui32Colors             
20000610  g_sCompDCMInst            
20000400  g_sI2CInst                
200005a4  g_sMPU9150Inst            
20000750  g_ui32PrintSkipCounter    
20000754  g_vui8ErrorFlag           
20000758  g_vui8I2CDoneFlag         
20000668  i32FPart                  
200006a8  i32IPart                  
000003a5  initsensorhub             
2000075c  integratedError           
20000760  lastError                 
00003d77  main                      
20000b00  main_func_sp              
20000abc  maxspeed                  
00002f1d  memcpy                    
000031d9  memset                    
20000ac0  minspeed                  
0000260b  motor_left                
0000262f  motor_right               
00002511  motors_initialize         
20000764  pfAccel                   
200006e8  pfData                    
20000768  pfEulers                  
2000076c  pfGyro                    
20000770  pfMag                     
20000774  pfQuaternion              
20000778  pitch                     
00003c15  raise                     
0000081d  sensor                    
00003a21  signal                    
00003d11  sqrtf                     
00001f7b  stopAndReset              
2000077c  ui32CompDCMStarted        
20000780  ui32Idx                   
20000784  ui32Load                  
20000788  ui32PWMClock              


GLOBAL SYMBOLS: SORTED BY Symbol Address 

address   name                      
-------   ----                      
00000000  __TI_static_base__        
00000000  g_pfnVectors              
00000200  __STACK_SIZE              
0000026d  MPU9150AppCallback        
00000289  IntGPIOb                  
000002af  MPU9150I2CIntHandler      
000002b9  MPU9150AppErrorHandler    
000002fd  MPU9150AppI2CWait         
00000327  ConfigureUART             
000003a5  initsensorhub             
0000081d  sensor                    
00000eed  UARTStdioConfig           
00000fa5  UARTwrite                 
0000104b  UARTgets                  
000010c7  UARTgetc                  
0000112d  UARTvprintf               
00001427  UARTprintf                
0000144b  UARTRxBytesAvail          
00001459  UARTTxBytesFree           
0000146d  UARTPeek                  
000014c7  UARTFlushRx               
000014ef  UARTFlushTx               
0000152d  UARTEchoSet               
00001561  UARTStdioIntHandler       
000016ed  RGBBlinkIntHandler        
0000171b  RGBInit                   
00001807  RGBEnable                 
000018bf  RGBDisable                
0000191d  RGBSet                    
00001935  RGBColorSet               
000019e5  RGBIntensitySet           
000019f9  RGBBlinkRateSet           
00001a8d  RGBColorGet               
00001b21  CompDCMUpdate             
00001db1  PID                       
00001f7b  stopAndReset              
00001ffd  CompDCMComputeQuaternion  
000021c5  __aeabi_dsub              
000021cf  __aeabi_dadd              
0000237b  __aeabi_idiv0             
00002511  motors_initialize         
0000260b  motor_left                
0000262f  motor_right               
0000268d  GPIOPadConfigSet          
000027c1  atan2f                    
000028d9  SysCtlClockGet            
000029e9  __aeabi_dmul              
00002ae5  I2CMIntHandler            
00002bd9  asinf                     
00002c8d  CompDCMStart              
00002d3d  _FAtan                    
00002de5  MPU9150DataMagnetoGetFloat
00002e81  MPU9150Write              
00002f1d  __aeabi_memcpy            
00002f1d  __aeabi_memcpy4           
00002f1d  __aeabi_memcpy8           
00002f1d  memcpy                    
00003051  I2CMCommand               
000030d9  MPU9150DataAccelGetFloat  
00003155  MPU9150DataGyroGetFloat   
000031d1  __aeabi_memclr            
000031d1  __aeabi_memclr4           
000031d1  __aeabi_memclr8           
000031d3  __aeabi_memset            
000031d3  __aeabi_memset4           
000031d3  __aeabi_memset8           
000031d9  memset                    
0000324d  MPU9150Init               
000032b9  __TI_auto_init            
00003391  IntDisable                
000033f9  IntEnable                 
00003461  IntIsEnabled              
000034c5  MPU9150DataRead           
00003583  VectorCrossProduct        
000035d9  I2CMWrite8                
0000367d  _c_int00                  
000036cd  __aeabi_f2ulz             
0000371d  I2CMasterInitExpClk       
00003769  copy_in                   
00003847  __aeabi_d2f               
00003891  CompDCMInit               
00003919  C$$EXIT                   
0000391d  abort                     
00003925  exit                      
0000395d  CompDCMComputeEulers      
00003a21  signal                    
00003a61  __aeabi_uidiv             
00003a61  __aeabi_uidivmod          
00003adf  __aeabi_f2d               
00003b17  I2CMInit                  
00003b4d  feraiseexcept             
00003b81  VectorAdd                 
00003bb3  I2CMTransferResume        
00003be5  _Feraise                  
00003c15  raise                     
00003c43  _FDclass                  
00003c6f  GPIODirModeSet            
00003cc3  VectorDotProduct          
00003ce9  VectorScale               
00003d11  sqrtf                     
00003d35  PWMGenConfigure           
00003d77  main                      
00003dad  _args_main                
00003dc5  _register_unlock          
00003dcb  _register_lock            
00003dd3  _nop                      
00003dd9  GPIOPinTypeI2CSCL         
00003deb  PWMGenPeriodSet           
00003dfb  CompDCMAccelUpdate        
00003e09  CompDCMGyroUpdate         
00003e17  CompDCMMagnetoUpdate      
00003e25  GPIOIntStatus             
00003e33  __TI_decompress_none      
00003e41  GPIOIntEnable             
00003e4d  IntTrigger                
00003e59  __TI_zero_init            
00003e65  ResetISR                  
00003e71  I2CMasterEnable           
00003e7b  I2CMasterIntClear         
00003e83  I2CMasterIntEnableEx      
00003e8b  I2CMasterSlaveAddrSet     
00003e93  GPIOIntClear              
00003e99  UARTClockSourceSet        
00003e9f  __TI_decompress_rle24     
00003ea5  I2CMasterControl          
00003ea9  I2CMasterDataGet          
00003ead  I2CMasterDataPut          
00003eb1  _system_pre_init          
00004078  __TI_Handler_Table_Base   
00004084  __TI_Handler_Table_Limit  
00004090  __TI_CINIT_Base           
000040a0  __TI_CINIT_Limit          
20000400  g_sI2CInst                
200005a4  g_sMPU9150Inst            
20000610  g_sCompDCMInst            
20000668  i32FPart                  
200006a8  i32IPart                  
200006e8  pfData                    
20000728  g_pui32Colors             
20000740  PIDLeft                   
20000744  PIDRight                  
20000748  PIDValue                  
20000750  g_ui32PrintSkipCounter    
20000754  g_vui8ErrorFlag           
20000758  g_vui8I2CDoneFlag         
2000075c  integratedError           
20000760  lastError                 
20000764  pfAccel                   
20000768  pfEulers                  
2000076c  pfGyro                    
20000770  pfMag                     
20000774  pfQuaternion              
20000778  pitch                     
2000077c  ui32CompDCMStarted        
20000780  ui32Idx                   
20000784  ui32Load                  
20000788  ui32PWMClock              
20000794  __stack                   
20000994  __STACK_END               
20000994  __STACK_TOP               
20000a48  _FDenorm                  
20000a58  _FEps                     
20000a68  _FInf                     
20000a78  _FNan                     
20000a88  _FSnan                    
20000a98  _FRteps                   
20000aa8  _FXbig                    
20000aac  _FZero                    
20000ab0  Ki                        
20000ab4  Kp                        
20000ab8  Kd                        
20000abc  maxspeed                  
20000ac0  minspeed                  
20000ac4  currentSpeed              
20000ae0  _lock                     
20000ae4  _unlock                   
20000ae8  __TI_cleanup_ptr          
20000aec  __TI_dtors_ptr            
20000af0  _Fenv                     
20000af4  _Tls_setup__Fenv          
20000afc  _Errno                    
20000b00  main_func_sp              
ffffffff  __binit__                 
ffffffff  __c_args__                
ffffffff  binit                     
UNDEFED   SHT$$INIT_ARRAY$$Base     
UNDEFED   SHT$$INIT_ARRAY$$Limit    

[187 symbols]
