******************************************************************************
                  TI ARM Linker PC v5.2.5                      
******************************************************************************
>> Linked Tue Jun 07 22:20:27 2016

OUTPUT FILE NAME:   <Segway.out>
ENTRY POINT SYMBOL: "_c_int00"  address: 0000314d


MEMORY CONFIGURATION

         name            origin    length      used     unused   attr    fill
----------------------  --------  ---------  --------  --------  ----  --------
  FLASH                 00000000   00040000  00003b3a  0003c4c6  R  X
  SRAM                  20000000   00008000  000009e9  00007617  RW X


SEGMENT ALLOCATION MAP

run origin  load origin   length   init length attrs members
----------  ----------- ---------- ----------- ----- -------
00000000    00000000    00003b40   00003b40    r-x
  00000000    00000000    0000026c   0000026c    r-- .intvecs
  0000026c    0000026c    000036fc   000036fc    r-x .text
  00003968    00003968    0000016a   0000016a    r-- .const
  00003ad8    00003ad8    00000068   00000068    r-- .cinit
20000000    20000000    000009ec   00000000    rw-
  20000000    20000000    00000695   00000000    rw- .bss
  20000698    20000698    00000200   00000000    rw- .stack
  20000898    20000898    00000154   00000000    rw- .data


SECTION ALLOCATION MAP

 output                                  attributes/
section   page    origin      length       input sections
--------  ----  ----------  ----------   ----------------
.intvecs   0    00000000    0000026c     
                  00000000    0000026c     startup_ccs.obj (.intvecs)

.text      0    0000026c    000036fc     
                  0000026c    00000a04     main.obj (.text)
                  00000c70    00000914     uartstdio.obj (.text)
                  00001584    00000434     rgb.obj (.text)
                  000019b8    00000290     sensorlib.lib : comp_dcm.obj (.text:CompDCMUpdate)
                  00001c48    000001c8                   : comp_dcm.obj (.text:CompDCMComputeQuaternion)
                  00001e10    000001b6     rtsv7M4_T_le_v4SPD16_eabi.lib : fd_add_t2.obj (.text)
                  00001fc6    00000002                                   : i_div0.obj (.text)
                  00001fc8    00000194     sensorlib.lib : mpu9150.obj (.text:MPU9150Callback)
                  0000215c    00000132     driverlib.lib : gpio.obj (.text:GPIOPadConfigSet)
                  0000228e    00000002     --HOLE-- [fill = 0]
                  00002290    00000118     rtsv7M4_T_le_v4SPD16_eabi.lib : atan2f.obj (.text)
                  000023a8    00000110     driverlib.lib : sysctl.obj (.text:SysCtlClockGet)
                  000024b8    000000fc     rtsv7M4_T_le_v4SPD16_eabi.lib : fd_mul_t2.obj (.text)
                  000025b4    000000f2     sensorlib.lib : i2cm_drv.obj (.text:I2CMIntHandler)
                  000026a6    00000002     --HOLE-- [fill = 0]
                  000026a8    000000b4     rtsv7M4_T_le_v4SPD16_eabi.lib : asinf.obj (.text)
                  0000275c    000000b0     sensorlib.lib : comp_dcm.obj (.text:CompDCMStart)
                  0000280c    000000a8     rtsv7M4_T_le_v4SPD16_eabi.lib : xfatan.obj (.text)
                  000028b4    0000009c     sensorlib.lib : mpu9150.obj (.text:MPU9150DataMagnetoGetFloat)
                  00002950    0000009c                   : mpu9150.obj (.text:MPU9150Write)
                  000029ec    0000009c     rtsv7M4_T_le_v4SPD16_eabi.lib : memcpy_t2.obj (.text)
                  00002a88    00000098     sensorlib.lib : i2cm_drv.obj (.text:I2CMStateIdle)
                  00002b20    00000088                   : i2cm_drv.obj (.text:I2CMCommand)
                  00002ba8    0000007c                   : mpu9150.obj (.text:MPU9150DataAccelGetFloat)
                  00002c24    0000007c                   : mpu9150.obj (.text:MPU9150DataGyroGetFloat)
                  00002ca0    0000007a     rtsv7M4_T_le_v4SPD16_eabi.lib : memset_t2.obj (.text)
                  00002d1a    00000002     --HOLE-- [fill = 0]
                  00002d1c    0000006c     sensorlib.lib : mpu9150.obj (.text:MPU9150Init)
                  00002d88    0000006c     rtsv7M4_T_le_v4SPD16_eabi.lib : autoinit.obj (.text)
                  00002df4    0000006a                                   : copy_decompress_rle.obj (.text)
                  00002e5e    00000002     --HOLE-- [fill = 0]
                  00002e60    00000068     driverlib.lib : interrupt.obj (.text:IntDisable)
                  00002ec8    00000068                   : interrupt.obj (.text:IntEnable)
                  00002f30    00000064                   : interrupt.obj (.text:IntIsEnabled)
                  00002f94    00000060     sensorlib.lib : mpu9150.obj (.text:MPU9150DataRead)
                  00002ff4    0000005e                   : i2cm_drv.obj (.text:I2CMStateWritePause)
                  00003052    00000056                   : vector.obj (.text:VectorCrossProduct)
                  000030a8    00000054                   : i2cm_drv.obj (.text:I2CMWrite8)
                  000030fc    00000050                   : i2cm_drv.obj (.text:I2CMStateWriteFinal)
                  0000314c    00000050     rtsv7M4_T_le_v4SPD16_eabi.lib : boot.obj (.text)
                  0000319c    00000050                                   : fs_toull_t2.obj (.text)
                  000031ec    0000004c     driverlib.lib : i2c.obj (.text:I2CMasterInitExpClk)
                  00003238    0000004c     rtsv7M4_T_le_v4SPD16_eabi.lib : cpy_tbl.obj (.text)
                  00003284    0000004a     sensorlib.lib : i2cm_drv.obj (.text:I2CMStateReadNext)
                  000032ce    00000048                   : i2cm_drv.obj (.text:I2CMStateWriteNext)
                  00003316    00000048     rtsv7M4_T_le_v4SPD16_eabi.lib : fd_tos_t2.obj (.text)
                  0000335e    00000002     --HOLE-- [fill = 0]
                  00003360    00000044     sensorlib.lib : comp_dcm.obj (.text:CompDCMInit)
                  000033a4    00000044                   : i2cm_drv.obj (.text:I2CMStateCallback)
                  000033e8    00000044     rtsv7M4_T_le_v4SPD16_eabi.lib : exit.obj (.text)
                  0000342c    00000042     sensorlib.lib : comp_dcm.obj (.text:CompDCMComputeEulers)
                  0000346e    00000042                   : i2cm_drv.obj (.text:I2CMStateReadFinal)
                  000034b0    00000040                   : i2cm_drv.obj (.text:I2CMWrite8Callback)
                  000034f0    00000040     rtsv7M4_T_le_v4SPD16_eabi.lib : signal.obj (.text)
                  00003530    00000040                                   : u_divt2.obj (.text)
                  00003570    0000003e     sensorlib.lib : i2cm_drv.obj (.text:I2CMStateReadPause)
                  000035ae    00000038     rtsv7M4_T_le_v4SPD16_eabi.lib : fs_tod_t2.obj (.text)
                  000035e6    00000034     sensorlib.lib : i2cm_drv.obj (.text:I2CMInit)
                  0000361a    00000002     --HOLE-- [fill = 0]
                  0000361c    00000034     rtsv7M4_T_le_v4SPD16_eabi.lib : feraiseexcept.obj (.text)
                  00003650    00000032     sensorlib.lib : vector.obj (.text:VectorAdd)
                  00003682    00000030                   : i2cm_drv.obj (.text:I2CMTransferResume)
                  000036b2    00000002     --HOLE-- [fill = 0]
                  000036b4    00000030     rtsv7M4_T_le_v4SPD16_eabi.lib : xferaise.obj (.text)
                  000036e4    0000002e                                   : raise.obj (.text)
                  00003712    0000002c                                   : xfdclass.obj (.text)
                  0000373e    0000002a     driverlib.lib : gpio.obj (.text:GPIODirModeSet)
                  00003768    0000002a     sensorlib.lib : i2cm_drv.obj (.text:I2CMStateReadFirst)
                  00003792    00000026                   : vector.obj (.text:VectorDotProduct)
                  000037b8    00000026                   : vector.obj (.text:VectorScale)
                  000037de    00000002     --HOLE-- [fill = 0]
                  000037e0    00000024     rtsv7M4_T_le_v4SPD16_eabi.lib : sqrtf.obj (.text)
                  00003804    00000022     driverlib.lib : pwm.obj (.text:PWMGenConfigure)
                  00003826    00000020     sensorlib.lib : i2cm_drv.obj (.text:I2CMStateReadOne)
                  00003846    0000001a                   : i2cm_drv.obj (.text:I2CMStateReadWait)
                  00003860    00000018     rtsv7M4_T_le_v4SPD16_eabi.lib : args_main.obj (.text)
                  00003878    00000014                                   : _lock.obj (.text)
                  0000388c    00000012     driverlib.lib : gpio.obj (.text:GPIOPinTypeI2CSCL)
                  0000389e    00000010                   : pwm.obj (.text:PWMGenPeriodSet)
                  000038ae    0000000e     sensorlib.lib : comp_dcm.obj (.text:CompDCMAccelUpdate)
                  000038bc    0000000e                   : comp_dcm.obj (.text:CompDCMGyroUpdate)
                  000038ca    0000000e                   : comp_dcm.obj (.text:CompDCMMagnetoUpdate)
                  000038d8    0000000e     driverlib.lib : gpio.obj (.text:GPIOIntStatus)
                  000038e6    0000000e     rtsv7M4_T_le_v4SPD16_eabi.lib : copy_decompress_none.obj (.text:decompress:none)
                  000038f4    0000000c     driverlib.lib : gpio.obj (.text:GPIOIntEnable)
                  00003900    0000000c                   : interrupt.obj (.text:IntTrigger)
                  0000390c    0000000c     rtsv7M4_T_le_v4SPD16_eabi.lib : copy_zero_init.obj (.text:decompress:ZI)
                  00003918    0000000c     startup_ccs.obj (.text)
                  00003924    0000000a     driverlib.lib : i2c.obj (.text:I2CMasterEnable)
                  0000392e    00000008                   : i2c.obj (.text:I2CMasterIntClear)
                  00003936    00000008                   : i2c.obj (.text:I2CMasterIntEnableEx)
                  0000393e    00000008                   : i2c.obj (.text:I2CMasterSlaveAddrSet)
                  00003946    00000006                   : gpio.obj (.text:GPIOIntClear)
                  0000394c    00000006                   : uart.obj (.text:UARTClockSourceSet)
                  00003952    00000006     rtsv7M4_T_le_v4SPD16_eabi.lib : copy_decompress_rle.obj (.text:decompress:rle24)
                  00003958    00000004     driverlib.lib : i2c.obj (.text:I2CMasterControl)
                  0000395c    00000004                   : i2c.obj (.text:I2CMasterDataGet)
                  00003960    00000004                   : i2c.obj (.text:I2CMasterDataPut)
                  00003964    00000004     rtsv7M4_T_le_v4SPD16_eabi.lib : pre_init.obj (.text)

.const     0    00003968    0000016a     
                  00003968    00000070     driverlib.lib : interrupt.obj (.const)
                  000039d8    0000006c                   : sysctl.obj (.const:g_pui32Xtals)
                  00003a44    00000034     rtsv7M4_T_le_v4SPD16_eabi.lib : xfatan.obj (.const)
                  00003a78    00000028     uartstdio.obj (.const)
                  00003aa0    00000020     sensorlib.lib : mpu9150.obj (.const)
                  00003ac0    00000012     uartstdio.obj (.const:.string)

.cinit     0    00003ad8    00000068     
                  00003ad8    0000003f     (.cinit..data.load) [load image, compression = rle]
                  00003b17    00000001     --HOLE-- [fill = 0]
                  00003b18    0000000c     (__TI_handler_table)
                  00003b24    00000004     --HOLE-- [fill = 0]
                  00003b28    00000008     (.cinit..bss.load) [load image, compression = zero_init]
                  00003b30    00000010     (__TI_cinit_table)

.init_array 
*          0    00000000    00000000     UNINITIALIZED

.bss       0    20000000    00000695     UNINITIALIZED
                  20000000    00000400     uartstdio.obj (.bss:g_pcUARTTxBuffer)
                  20000400    00000124     main.obj (.bss:g_sI2CInst)
                  20000524    00000080     uartstdio.obj (.bss:g_pcUARTRxBuffer)
                  200005a4    0000006c     main.obj (.bss:g_sMPU9150Inst)
                  20000610    00000058     main.obj (.bss:g_sCompDCMInst)
                  20000668    0000000c     (.common:g_pui32Colors)
                  20000674    0000000c     (.common:g_ui32Colors)
                  20000680    00000004     (.common:g_ui32PortNum)
                  20000684    00000004     (.common:g_ui32PrintSkipCounter)
                  20000688    00000004     (.common:g_vui8ErrorFlag)
                  2000068c    00000004     (.common:g_vui8I2CDoneFlag)
                  20000690    00000004     (.common:ulFlags$1)
                  20000694    00000001     (.common:g_bDisableEcho)

.TI.noinit 
*          0    20000000    00000000     UNINITIALIZED

.stack     0    20000698    00000200     UNINITIALIZED
                  20000698    00000200     --HOLE--

.data      0    20000898    00000154     UNINITIALIZED
                  20000898    000000b0     rtsv7M4_T_le_v4SPD16_eabi.lib : signal.obj (.data:sigtable)
                  20000948    00000068                                   : xfvalues.obj (.data)
                  200009b0    00000015     uartstdio.obj (.data)
                  200009c5    00000003     --HOLE--
                  200009c8    00000008     rtsv7M4_T_le_v4SPD16_eabi.lib : _lock.obj (.data)
                  200009d0    00000008                                   : exit.obj (.data)
                  200009d8    00000008                                   : feraiseexcept.obj (.data)
                  200009e0    00000004     rgb.obj (.data)
                  200009e4    00000004     rtsv7M4_T_le_v4SPD16_eabi.lib : errno.obj (.data)
                  200009e8    00000004                                   : stkdepth_vars.obj (.data)

.TI.persistent 
*          0    20000898    00000000     UNINITIALIZED


LINKER GENERATED COPY TABLES

__TI_cinit_table @ 00003b30 records: 2, size/record: 8, table size: 16
	.data: load addr=00003ad8, load size=0000003f bytes, run addr=20000898, run size=00000154 bytes, compression=rle
	.bss: load addr=00003b28, load size=00000008 bytes, run addr=20000000, run size=00000695 bytes, compression=zero_init


LINKER GENERATED HANDLER TABLE

__TI_handler_table @ 00003b18 records: 3, size/record: 4, table size: 12
	index: 0, handler: __TI_decompress_rle24
	index: 1, handler: __TI_decompress_none
	index: 2, handler: __TI_zero_init


GLOBAL SYMBOLS: SORTED ALPHABETICALLY BY Name 

address   name                      
-------   ----                      
000033e9  C$$EXIT                   
000038af  CompDCMAccelUpdate        
0000342d  CompDCMComputeEulers      
00001c49  CompDCMComputeQuaternion  
000038bd  CompDCMGyroUpdate         
00003361  CompDCMInit               
000038cb  CompDCMMagnetoUpdate      
0000275d  CompDCMStart              
000019b9  CompDCMUpdate             
00000327  ConfigureUART             
0000373f  GPIODirModeSet            
00003947  GPIOIntClear              
000038f5  GPIOIntEnable             
000038d9  GPIOIntStatus             
0000215d  GPIOPadConfigSet          
0000388d  GPIOPinTypeI2CSCL         
00002b21  I2CMCommand               
000035e7  I2CMInit                  
000025b5  I2CMIntHandler            
00003683  I2CMTransferResume        
000030a9  I2CMWrite8                
00003959  I2CMasterControl          
0000395d  I2CMasterDataGet          
00003961  I2CMasterDataPut          
00003925  I2CMasterEnable           
000031ed  I2CMasterInitExpClk       
0000392f  I2CMasterIntClear         
00003937  I2CMasterIntEnableEx      
0000393f  I2CMasterSlaveAddrSet     
00002e61  IntDisable                
00002ec9  IntEnable                 
00000289  IntGPIOb                  
00002f31  IntIsEnabled              
00003901  IntTrigger                
0000026d  MPU9150AppCallback        
000002b9  MPU9150AppErrorHandler    
000002fd  MPU9150AppI2CWait         
00002ba9  MPU9150DataAccelGetFloat  
00002c25  MPU9150DataGyroGetFloat   
000028b5  MPU9150DataMagnetoGetFloat
00002f95  MPU9150DataRead           
000002af  MPU9150I2CIntHandler      
00002d1d  MPU9150Init               
00002951  MPU9150Write              
00003805  PWMGenConfigure           
0000389f  PWMGenPeriodSet           
00001585  RGBBlinkIntHandler        
00001891  RGBBlinkRateSet           
00001925  RGBColorGet               
000017cd  RGBColorSet               
00001757  RGBDisable                
0000169f  RGBEnable                 
000015b3  RGBInit                   
0000187d  RGBIntensitySet           
000017b5  RGBSet                    
00003919  ResetISR                  
UNDEFED   SHT$$INIT_ARRAY$$Base     
UNDEFED   SHT$$INIT_ARRAY$$Limit    
000023a9  SysCtlClockGet            
0000394d  UARTClockSourceSet        
000013c5  UARTEchoSet               
0000135f  UARTFlushRx               
00001387  UARTFlushTx               
00001305  UARTPeek                  
000012e3  UARTRxBytesAvail          
00000d85  UARTStdioConfig           
000013f9  UARTStdioIntHandler       
000012f1  UARTTxBytesFree           
00000f5f  UARTgetc                  
00000ee3  UARTgets                  
000012bf  UARTprintf                
00000fc5  UARTvprintf               
00000e3d  UARTwrite                 
00003651  VectorAdd                 
00003053  VectorCrossProduct        
00003793  VectorDotProduct          
000037b9  VectorScale               
200009e4  _Errno                    
0000280d  _FAtan                    
00003713  _FDclass                  
20000948  _FDenorm                  
20000958  _FEps                     
20000968  _FInf                     
20000978  _FNan                     
20000998  _FRteps                   
20000988  _FSnan                    
200009a8  _FXbig                    
200009ac  _FZero                    
200009d8  _Fenv                     
000036b5  _Feraise                  
200009dc  _Tls_setup__Fenv          
20000898  __STACK_END               
00000200  __STACK_SIZE              
20000898  __STACK_TOP               
00003b30  __TI_CINIT_Base           
00003b40  __TI_CINIT_Limit          
00003b18  __TI_Handler_Table_Base   
00003b24  __TI_Handler_Table_Limit  
00002d89  __TI_auto_init            
200009d0  __TI_cleanup_ptr          
000038e7  __TI_decompress_none      
00003953  __TI_decompress_rle24     
200009d4  __TI_dtors_ptr            
00000000  __TI_static_base__        
0000390d  __TI_zero_init            
00003317  __aeabi_d2f               
00001e1b  __aeabi_dadd              
000024b9  __aeabi_dmul              
00001e11  __aeabi_dsub              
000035af  __aeabi_f2d               
0000319d  __aeabi_f2ulz             
00001fc7  __aeabi_idiv0             
00002ca1  __aeabi_memclr            
00002ca1  __aeabi_memclr4           
00002ca1  __aeabi_memclr8           
000029ed  __aeabi_memcpy            
000029ed  __aeabi_memcpy4           
000029ed  __aeabi_memcpy8           
00002ca3  __aeabi_memset            
00002ca3  __aeabi_memset4           
00002ca3  __aeabi_memset8           
00003531  __aeabi_uidiv             
00003531  __aeabi_uidivmod          
ffffffff  __binit__                 
ffffffff  __c_args__                
20000698  __stack                   
00003861  _args_main                
0000314d  _c_int00                  
200009c8  _lock                     
00003887  _nop                      
0000387f  _register_lock            
00003879  _register_unlock          
00003965  _system_pre_init          
200009cc  _unlock                   
000033ed  abort                     
000026a9  asinf                     
00002291  atan2f                    
ffffffff  binit                     
00003239  copy_in                   
000033f5  exit                      
0000361d  feraiseexcept             
00000000  g_pfnVectors              
20000668  g_pui32Colors             
20000610  g_sCompDCMInst            
20000400  g_sI2CInst                
200005a4  g_sMPU9150Inst            
20000684  g_ui32PrintSkipCounter    
20000688  g_vui8ErrorFlag           
2000068c  g_vui8I2CDoneFlag         
00000409  main                      
200009e8  main_func_sp              
000029ed  memcpy                    
00002ca9  memset                    
000036e5  raise                     
000034f1  signal                    
000037e1  sqrtf                     


GLOBAL SYMBOLS: SORTED BY Symbol Address 

address   name                      
-------   ----                      
00000000  __TI_static_base__        
00000000  g_pfnVectors              
00000200  __STACK_SIZE              
0000026d  MPU9150AppCallback        
00000289  IntGPIOb                  
000002af  MPU9150I2CIntHandler      
000002b9  MPU9150AppErrorHandler    
000002fd  MPU9150AppI2CWait         
00000327  ConfigureUART             
00000409  main                      
00000d85  UARTStdioConfig           
00000e3d  UARTwrite                 
00000ee3  UARTgets                  
00000f5f  UARTgetc                  
00000fc5  UARTvprintf               
000012bf  UARTprintf                
000012e3  UARTRxBytesAvail          
000012f1  UARTTxBytesFree           
00001305  UARTPeek                  
0000135f  UARTFlushRx               
00001387  UARTFlushTx               
000013c5  UARTEchoSet               
000013f9  UARTStdioIntHandler       
00001585  RGBBlinkIntHandler        
000015b3  RGBInit                   
0000169f  RGBEnable                 
00001757  RGBDisable                
000017b5  RGBSet                    
000017cd  RGBColorSet               
0000187d  RGBIntensitySet           
00001891  RGBBlinkRateSet           
00001925  RGBColorGet               
000019b9  CompDCMUpdate             
00001c49  CompDCMComputeQuaternion  
00001e11  __aeabi_dsub              
00001e1b  __aeabi_dadd              
00001fc7  __aeabi_idiv0             
0000215d  GPIOPadConfigSet          
00002291  atan2f                    
000023a9  SysCtlClockGet            
000024b9  __aeabi_dmul              
000025b5  I2CMIntHandler            
000026a9  asinf                     
0000275d  CompDCMStart              
0000280d  _FAtan                    
000028b5  MPU9150DataMagnetoGetFloat
00002951  MPU9150Write              
000029ed  __aeabi_memcpy            
000029ed  __aeabi_memcpy4           
000029ed  __aeabi_memcpy8           
000029ed  memcpy                    
00002b21  I2CMCommand               
00002ba9  MPU9150DataAccelGetFloat  
00002c25  MPU9150DataGyroGetFloat   
00002ca1  __aeabi_memclr            
00002ca1  __aeabi_memclr4           
00002ca1  __aeabi_memclr8           
00002ca3  __aeabi_memset            
00002ca3  __aeabi_memset4           
00002ca3  __aeabi_memset8           
00002ca9  memset                    
00002d1d  MPU9150Init               
00002d89  __TI_auto_init            
00002e61  IntDisable                
00002ec9  IntEnable                 
00002f31  IntIsEnabled              
00002f95  MPU9150DataRead           
00003053  VectorCrossProduct        
000030a9  I2CMWrite8                
0000314d  _c_int00                  
0000319d  __aeabi_f2ulz             
000031ed  I2CMasterInitExpClk       
00003239  copy_in                   
00003317  __aeabi_d2f               
00003361  CompDCMInit               
000033e9  C$$EXIT                   
000033ed  abort                     
000033f5  exit                      
0000342d  CompDCMComputeEulers      
000034f1  signal                    
00003531  __aeabi_uidiv             
00003531  __aeabi_uidivmod          
000035af  __aeabi_f2d               
000035e7  I2CMInit                  
0000361d  feraiseexcept             
00003651  VectorAdd                 
00003683  I2CMTransferResume        
000036b5  _Feraise                  
000036e5  raise                     
00003713  _FDclass                  
0000373f  GPIODirModeSet            
00003793  VectorDotProduct          
000037b9  VectorScale               
000037e1  sqrtf                     
00003805  PWMGenConfigure           
00003861  _args_main                
00003879  _register_unlock          
0000387f  _register_lock            
00003887  _nop                      
0000388d  GPIOPinTypeI2CSCL         
0000389f  PWMGenPeriodSet           
000038af  CompDCMAccelUpdate        
000038bd  CompDCMGyroUpdate         
000038cb  CompDCMMagnetoUpdate      
000038d9  GPIOIntStatus             
000038e7  __TI_decompress_none      
000038f5  GPIOIntEnable             
00003901  IntTrigger                
0000390d  __TI_zero_init            
00003919  ResetISR                  
00003925  I2CMasterEnable           
0000392f  I2CMasterIntClear         
00003937  I2CMasterIntEnableEx      
0000393f  I2CMasterSlaveAddrSet     
00003947  GPIOIntClear              
0000394d  UARTClockSourceSet        
00003953  __TI_decompress_rle24     
00003959  I2CMasterControl          
0000395d  I2CMasterDataGet          
00003961  I2CMasterDataPut          
00003965  _system_pre_init          
00003b18  __TI_Handler_Table_Base   
00003b24  __TI_Handler_Table_Limit  
00003b30  __TI_CINIT_Base           
00003b40  __TI_CINIT_Limit          
20000400  g_sI2CInst                
200005a4  g_sMPU9150Inst            
20000610  g_sCompDCMInst            
20000668  g_pui32Colors             
20000684  g_ui32PrintSkipCounter    
20000688  g_vui8ErrorFlag           
2000068c  g_vui8I2CDoneFlag         
20000698  __stack                   
20000898  __STACK_END               
20000898  __STACK_TOP               
20000948  _FDenorm                  
20000958  _FEps                     
20000968  _FInf                     
20000978  _FNan                     
20000988  _FSnan                    
20000998  _FRteps                   
200009a8  _FXbig                    
200009ac  _FZero                    
200009c8  _lock                     
200009cc  _unlock                   
200009d0  __TI_cleanup_ptr          
200009d4  __TI_dtors_ptr            
200009d8  _Fenv                     
200009dc  _Tls_setup__Fenv          
200009e4  _Errno                    
200009e8  main_func_sp              
ffffffff  __binit__                 
ffffffff  __c_args__                
ffffffff  binit                     
UNDEFED   SHT$$INIT_ARRAY$$Base     
UNDEFED   SHT$$INIT_ARRAY$$Limit    

[156 symbols]
