<?xml version="1.0"?>
<link_info>
   <banner>TI ARM Linker PC v5.2.5</banner>
   <copyright>Copyright (c) 1996-2015 Texas Instruments Incorporated</copyright>
   <link_time>0x576f055c</link_time>
   <link_errors>0x0</link_errors>
   <output_file>Segway 16.out</output_file>
   <entry_point>
      <name>_c_int00</name>
      <address>0x314d</address>
   </entry_point>
   <input_file_list>
      <input_file id="fl-2">
         <path>.\</path>
         <kind>object</kind>
         <file>Motor.obj</file>
         <name>Motor.obj</name>
      </input_file>
      <input_file id="fl-3">
         <path>.\</path>
         <kind>object</kind>
         <file>main.obj</file>
         <name>main.obj</name>
      </input_file>
      <input_file id="fl-4">
         <path>.\</path>
         <kind>object</kind>
         <file>startup_ccs.obj</file>
         <name>startup_ccs.obj</name>
      </input_file>
      <input_file id="fl-5">
         <path>.\utils\</path>
         <kind>object</kind>
         <file>uartstdio.obj</file>
         <name>uartstdio.obj</name>
      </input_file>
      <input_file id="fl-6">
         <path>.\drivers\</path>
         <kind>object</kind>
         <file>rgb.obj</file>
         <name>rgb.obj</name>
      </input_file>
      <input_file id="fl-e">
         <path>C:\ti\TivaWare_C_Series-2.1.2.111\driverlib\ccs\Debug\</path>
         <kind>archive</kind>
         <file>driverlib.lib</file>
         <name>gpio.obj</name>
      </input_file>
      <input_file id="fl-f">
         <path>C:\ti\TivaWare_C_Series-2.1.2.111\driverlib\ccs\Debug\</path>
         <kind>archive</kind>
         <file>driverlib.lib</file>
         <name>interrupt.obj</name>
      </input_file>
      <input_file id="fl-10">
         <path>C:\ti\TivaWare_C_Series-2.1.2.111\driverlib\ccs\Debug\</path>
         <kind>archive</kind>
         <file>driverlib.lib</file>
         <name>pwm.obj</name>
      </input_file>
      <input_file id="fl-11">
         <path>C:\ti\TivaWare_C_Series-2.1.2.111\driverlib\ccs\Debug\</path>
         <kind>archive</kind>
         <file>driverlib.lib</file>
         <name>sysctl.obj</name>
      </input_file>
      <input_file id="fl-12">
         <path>C:\ti\TivaWare_C_Series-2.1.2.111\driverlib\ccs\Debug\</path>
         <kind>archive</kind>
         <file>driverlib.lib</file>
         <name>uart.obj</name>
      </input_file>
      <input_file id="fl-13">
         <path>C:\ti\TivaWare_C_Series-2.1.2.111\driverlib\ccs\Debug\</path>
         <kind>archive</kind>
         <file>driverlib.lib</file>
         <name>cpu.obj</name>
      </input_file>
      <input_file id="fl-135">
         <path>C:\ti\ccsv6\tools\compiler\ti-cgt-arm_5.2.5\lib\</path>
         <kind>archive</kind>
         <file>rtsv7M4_T_le_v4SPD16_eabi.lib</file>
         <name>boot.obj</name>
      </input_file>
      <input_file id="fl-136">
         <path>C:\ti\ccsv6\tools\compiler\ti-cgt-arm_5.2.5\lib\</path>
         <kind>archive</kind>
         <file>rtsv7M4_T_le_v4SPD16_eabi.lib</file>
         <name>copy_decompress_none.obj</name>
      </input_file>
      <input_file id="fl-137">
         <path>C:\ti\ccsv6\tools\compiler\ti-cgt-arm_5.2.5\lib\</path>
         <kind>archive</kind>
         <file>rtsv7M4_T_le_v4SPD16_eabi.lib</file>
         <name>copy_decompress_rle.obj</name>
      </input_file>
      <input_file id="fl-138">
         <path>C:\ti\ccsv6\tools\compiler\ti-cgt-arm_5.2.5\lib\</path>
         <kind>archive</kind>
         <file>rtsv7M4_T_le_v4SPD16_eabi.lib</file>
         <name>copy_zero_init.obj</name>
      </input_file>
      <input_file id="fl-139">
         <path>C:\ti\ccsv6\tools\compiler\ti-cgt-arm_5.2.5\lib\</path>
         <kind>archive</kind>
         <file>rtsv7M4_T_le_v4SPD16_eabi.lib</file>
         <name>exit.obj</name>
      </input_file>
      <input_file id="fl-13a">
         <path>C:\ti\ccsv6\tools\compiler\ti-cgt-arm_5.2.5\lib\</path>
         <kind>archive</kind>
         <file>rtsv7M4_T_le_v4SPD16_eabi.lib</file>
         <name>fs_toull_t2.obj</name>
      </input_file>
      <input_file id="fl-13b">
         <path>C:\ti\ccsv6\tools\compiler\ti-cgt-arm_5.2.5\lib\</path>
         <kind>archive</kind>
         <file>rtsv7M4_T_le_v4SPD16_eabi.lib</file>
         <name>memcpy_t2.obj</name>
      </input_file>
      <input_file id="fl-13c">
         <path>C:\ti\ccsv6\tools\compiler\ti-cgt-arm_5.2.5\lib\</path>
         <kind>archive</kind>
         <file>rtsv7M4_T_le_v4SPD16_eabi.lib</file>
         <name>memset_t2.obj</name>
      </input_file>
      <input_file id="fl-13d">
         <path>C:\ti\ccsv6\tools\compiler\ti-cgt-arm_5.2.5\lib\</path>
         <kind>archive</kind>
         <file>rtsv7M4_T_le_v4SPD16_eabi.lib</file>
         <name>pre_init.obj</name>
      </input_file>
      <input_file id="fl-13e">
         <path>C:\ti\ccsv6\tools\compiler\ti-cgt-arm_5.2.5\lib\</path>
         <kind>archive</kind>
         <file>rtsv7M4_T_le_v4SPD16_eabi.lib</file>
         <name>stkdepth_vars.obj</name>
      </input_file>
      <input_file id="fl-13f">
         <path>C:\ti\ccsv6\tools\compiler\ti-cgt-arm_5.2.5\lib\</path>
         <kind>archive</kind>
         <file>rtsv7M4_T_le_v4SPD16_eabi.lib</file>
         <name>u_divt2.obj</name>
      </input_file>
      <input_file id="fl-140">
         <path>C:\ti\ccsv6\tools\compiler\ti-cgt-arm_5.2.5\lib\</path>
         <kind>archive</kind>
         <file>rtsv7M4_T_le_v4SPD16_eabi.lib</file>
         <name>_lock.obj</name>
      </input_file>
      <input_file id="fl-141">
         <path>C:\ti\ccsv6\tools\compiler\ti-cgt-arm_5.2.5\lib\</path>
         <kind>archive</kind>
         <file>rtsv7M4_T_le_v4SPD16_eabi.lib</file>
         <name>args_main.obj</name>
      </input_file>
      <input_file id="fl-142">
         <path>C:\ti\ccsv6\tools\compiler\ti-cgt-arm_5.2.5\lib\</path>
         <kind>archive</kind>
         <file>rtsv7M4_T_le_v4SPD16_eabi.lib</file>
         <name>autoinit.obj</name>
      </input_file>
      <input_file id="fl-143">
         <path>C:\ti\ccsv6\tools\compiler\ti-cgt-arm_5.2.5\lib\</path>
         <kind>archive</kind>
         <file>rtsv7M4_T_le_v4SPD16_eabi.lib</file>
         <name>cpy_tbl.obj</name>
      </input_file>
      <input_file id="fl-144">
         <path>C:\ti\ccsv6\tools\compiler\ti-cgt-arm_5.2.5\lib\</path>
         <kind>archive</kind>
         <file>rtsv7M4_T_le_v4SPD16_eabi.lib</file>
         <name>i_div0.obj</name>
      </input_file>
      <input_file id="fl-145">
         <path>C:\ti\TivaWare_C_Series-2.1.2.111\examples\boards\ek-tm4c123gxl-boostxl-senshub\compdcm_mpu9150\ccs\..\..\..\..\..\sensorlib\ccs\Debug\</path>
         <kind>archive</kind>
         <file>sensorlib.lib</file>
         <name>comp_dcm.obj</name>
      </input_file>
      <input_file id="fl-146">
         <path>C:\ti\TivaWare_C_Series-2.1.2.111\examples\boards\ek-tm4c123gxl-boostxl-senshub\compdcm_mpu9150\ccs\..\..\..\..\..\sensorlib\ccs\Debug\</path>
         <kind>archive</kind>
         <file>sensorlib.lib</file>
         <name>i2cm_drv.obj</name>
      </input_file>
      <input_file id="fl-147">
         <path>C:\ti\TivaWare_C_Series-2.1.2.111\examples\boards\ek-tm4c123gxl-boostxl-senshub\compdcm_mpu9150\ccs\..\..\..\..\..\sensorlib\ccs\Debug\</path>
         <kind>archive</kind>
         <file>sensorlib.lib</file>
         <name>mpu9150.obj</name>
      </input_file>
      <input_file id="fl-148">
         <path>C:\ti\TivaWare_C_Series-2.1.2.111\examples\boards\ek-tm4c123gxl-boostxl-senshub\compdcm_mpu9150\ccs\..\..\..\..\..\sensorlib\ccs\Debug\</path>
         <kind>archive</kind>
         <file>sensorlib.lib</file>
         <name>vector.obj</name>
      </input_file>
      <input_file id="fl-149">
         <path>C:\ti\TivaWare_C_Series-2.1.2.111\driverlib\ccs\Debug\</path>
         <kind>archive</kind>
         <file>driverlib.lib</file>
         <name>i2c.obj</name>
      </input_file>
      <input_file id="fl-14a">
         <path>C:\ti\ccsv6\tools\compiler\ti-cgt-arm_5.2.5\lib\</path>
         <kind>archive</kind>
         <file>rtsv7M4_T_le_v4SPD16_eabi.lib</file>
         <name>asinf.obj</name>
      </input_file>
      <input_file id="fl-14b">
         <path>C:\ti\ccsv6\tools\compiler\ti-cgt-arm_5.2.5\lib\</path>
         <kind>archive</kind>
         <file>rtsv7M4_T_le_v4SPD16_eabi.lib</file>
         <name>atan2f.obj</name>
      </input_file>
      <input_file id="fl-14c">
         <path>C:\ti\ccsv6\tools\compiler\ti-cgt-arm_5.2.5\lib\</path>
         <kind>archive</kind>
         <file>rtsv7M4_T_le_v4SPD16_eabi.lib</file>
         <name>fd_add_t2.obj</name>
      </input_file>
      <input_file id="fl-14d">
         <path>C:\ti\ccsv6\tools\compiler\ti-cgt-arm_5.2.5\lib\</path>
         <kind>archive</kind>
         <file>rtsv7M4_T_le_v4SPD16_eabi.lib</file>
         <name>fd_mul_t2.obj</name>
      </input_file>
      <input_file id="fl-14e">
         <path>C:\ti\ccsv6\tools\compiler\ti-cgt-arm_5.2.5\lib\</path>
         <kind>archive</kind>
         <file>rtsv7M4_T_le_v4SPD16_eabi.lib</file>
         <name>fd_tos_t2.obj</name>
      </input_file>
      <input_file id="fl-14f">
         <path>C:\ti\ccsv6\tools\compiler\ti-cgt-arm_5.2.5\lib\</path>
         <kind>archive</kind>
         <file>rtsv7M4_T_le_v4SPD16_eabi.lib</file>
         <name>fs_tod_t2.obj</name>
      </input_file>
      <input_file id="fl-150">
         <path>C:\ti\ccsv6\tools\compiler\ti-cgt-arm_5.2.5\lib\</path>
         <kind>archive</kind>
         <file>rtsv7M4_T_le_v4SPD16_eabi.lib</file>
         <name>sqrtf.obj</name>
      </input_file>
      <input_file id="fl-151">
         <path>C:\ti\ccsv6\tools\compiler\ti-cgt-arm_5.2.5\lib\</path>
         <kind>archive</kind>
         <file>rtsv7M4_T_le_v4SPD16_eabi.lib</file>
         <name>xfatan.obj</name>
      </input_file>
      <input_file id="fl-152">
         <path>C:\ti\ccsv6\tools\compiler\ti-cgt-arm_5.2.5\lib\</path>
         <kind>archive</kind>
         <file>rtsv7M4_T_le_v4SPD16_eabi.lib</file>
         <name>xfdclass.obj</name>
      </input_file>
      <input_file id="fl-153">
         <path>C:\ti\ccsv6\tools\compiler\ti-cgt-arm_5.2.5\lib\</path>
         <kind>archive</kind>
         <file>rtsv7M4_T_le_v4SPD16_eabi.lib</file>
         <name>xferaise.obj</name>
      </input_file>
      <input_file id="fl-154">
         <path>C:\ti\ccsv6\tools\compiler\ti-cgt-arm_5.2.5\lib\</path>
         <kind>archive</kind>
         <file>rtsv7M4_T_le_v4SPD16_eabi.lib</file>
         <name>xfvalues.obj</name>
      </input_file>
      <input_file id="fl-155">
         <path>C:\ti\ccsv6\tools\compiler\ti-cgt-arm_5.2.5\lib\</path>
         <kind>archive</kind>
         <file>rtsv7M4_T_le_v4SPD16_eabi.lib</file>
         <name>errno.obj</name>
      </input_file>
      <input_file id="fl-156">
         <path>C:\ti\ccsv6\tools\compiler\ti-cgt-arm_5.2.5\lib\</path>
         <kind>archive</kind>
         <file>rtsv7M4_T_le_v4SPD16_eabi.lib</file>
         <name>feraiseexcept.obj</name>
      </input_file>
      <input_file id="fl-157">
         <path>C:\ti\ccsv6\tools\compiler\ti-cgt-arm_5.2.5\lib\</path>
         <kind>archive</kind>
         <file>rtsv7M4_T_le_v4SPD16_eabi.lib</file>
         <name>raise.obj</name>
      </input_file>
      <input_file id="fl-158">
         <path>C:\ti\ccsv6\tools\compiler\ti-cgt-arm_5.2.5\lib\</path>
         <kind>archive</kind>
         <file>rtsv7M4_T_le_v4SPD16_eabi.lib</file>
         <name>signal.obj</name>
      </input_file>
   </input_file_list>
   <object_component_list>
      <object_component id="oc-f">
         <name>.intvecs</name>
         <load_address>0x0</load_address>
         <run_address>0x0</run_address>
         <size>0x26c</size>
         <input_file_ref idref="fl-4"/>
      </object_component>
      <object_component id="oc-30">
         <name>.text</name>
         <load_address>0x26c</load_address>
         <run_address>0x26c</run_address>
         <size>0xa04</size>
         <input_file_ref idref="fl-3"/>
      </object_component>
      <object_component id="oc-36">
         <name>.text</name>
         <load_address>0xc70</load_address>
         <run_address>0xc70</run_address>
         <size>0x914</size>
         <input_file_ref idref="fl-5"/>
      </object_component>
      <object_component id="oc-3c">
         <name>.text</name>
         <load_address>0x1584</load_address>
         <run_address>0x1584</run_address>
         <size>0x434</size>
         <input_file_ref idref="fl-6"/>
      </object_component>
      <object_component id="oc-110">
         <name>.text:CompDCMUpdate</name>
         <load_address>0x19b8</load_address>
         <run_address>0x19b8</run_address>
         <size>0x290</size>
         <input_file_ref idref="fl-145"/>
      </object_component>
      <object_component id="oc-11c">
         <name>.text:CompDCMComputeQuaternion</name>
         <load_address>0x1c48</load_address>
         <run_address>0x1c48</run_address>
         <size>0x1c8</size>
         <input_file_ref idref="fl-145"/>
      </object_component>
      <object_component id="oc-26a">
         <name>.text</name>
         <load_address>0x1e10</load_address>
         <run_address>0x1e10</run_address>
         <size>0x1b6</size>
         <input_file_ref idref="fl-14c"/>
      </object_component>
      <object_component id="oc-291">
         <name>.text</name>
         <load_address>0x1fc6</load_address>
         <run_address>0x1fc6</run_address>
         <size>0x2</size>
         <input_file_ref idref="fl-144"/>
      </object_component>
      <object_component id="oc-192">
         <name>.text:MPU9150Callback</name>
         <load_address>0x1fc8</load_address>
         <run_address>0x1fc8</run_address>
         <size>0x194</size>
         <input_file_ref idref="fl-147"/>
      </object_component>
      <object_component id="oc-20e">
         <name>.text:GPIOPadConfigSet</name>
         <load_address>0x215c</load_address>
         <run_address>0x215c</run_address>
         <size>0x132</size>
         <input_file_ref idref="fl-e"/>
      </object_component>
      <object_component id="oc-276">
         <name>.text</name>
         <load_address>0x2290</load_address>
         <run_address>0x2290</run_address>
         <size>0x118</size>
         <input_file_ref idref="fl-14b"/>
      </object_component>
      <object_component id="oc-af">
         <name>.text:SysCtlClockGet</name>
         <load_address>0x23a8</load_address>
         <run_address>0x23a8</run_address>
         <size>0x110</size>
         <input_file_ref idref="fl-11"/>
      </object_component>
      <object_component id="oc-23d">
         <name>.text</name>
         <load_address>0x24b8</load_address>
         <run_address>0x24b8</run_address>
         <size>0xfc</size>
         <input_file_ref idref="fl-14d"/>
      </object_component>
      <object_component id="oc-99">
         <name>.text:I2CMIntHandler</name>
         <load_address>0x25b4</load_address>
         <run_address>0x25b4</run_address>
         <size>0xf2</size>
         <input_file_ref idref="fl-146"/>
      </object_component>
      <object_component id="oc-27c">
         <name>.text</name>
         <load_address>0x26a8</load_address>
         <run_address>0x26a8</run_address>
         <size>0xb4</size>
         <input_file_ref idref="fl-14a"/>
      </object_component>
      <object_component id="oc-10a">
         <name>.text:CompDCMStart</name>
         <load_address>0x275c</load_address>
         <run_address>0x275c</run_address>
         <size>0xb0</size>
         <input_file_ref idref="fl-145"/>
      </object_component>
      <object_component id="oc-334">
         <name>.text</name>
         <load_address>0x280c</load_address>
         <run_address>0x280c</run_address>
         <size>0xa8</size>
         <input_file_ref idref="fl-151"/>
      </object_component>
      <object_component id="oc-f2">
         <name>.text:MPU9150DataMagnetoGetFloat</name>
         <load_address>0x28b4</load_address>
         <run_address>0x28b4</run_address>
         <size>0x9c</size>
         <input_file_ref idref="fl-147"/>
      </object_component>
      <object_component id="oc-da">
         <name>.text:MPU9150Write</name>
         <load_address>0x2950</load_address>
         <run_address>0x2950</run_address>
         <size>0x9c</size>
         <input_file_ref idref="fl-147"/>
      </object_component>
      <object_component id="oc-45">
         <name>.text</name>
         <load_address>0x29ec</load_address>
         <run_address>0x29ec</run_address>
         <size>0x9c</size>
         <input_file_ref idref="fl-13b"/>
      </object_component>
      <object_component id="oc-1e2">
         <name>.text:I2CMStateIdle</name>
         <load_address>0x2a88</load_address>
         <run_address>0x2a88</run_address>
         <size>0x98</size>
         <input_file_ref idref="fl-146"/>
      </object_component>
      <object_component id="oc-18c">
         <name>.text:I2CMCommand</name>
         <load_address>0x2b20</load_address>
         <run_address>0x2b20</run_address>
         <size>0x88</size>
         <input_file_ref idref="fl-146"/>
      </object_component>
      <object_component id="oc-e6">
         <name>.text:MPU9150DataAccelGetFloat</name>
         <load_address>0x2ba8</load_address>
         <run_address>0x2ba8</run_address>
         <size>0x7c</size>
         <input_file_ref idref="fl-147"/>
      </object_component>
      <object_component id="oc-ec">
         <name>.text:MPU9150DataGyroGetFloat</name>
         <load_address>0x2c24</load_address>
         <run_address>0x2c24</run_address>
         <size>0x7c</size>
         <input_file_ref idref="fl-147"/>
      </object_component>
      <object_component id="oc-5e">
         <name>.text</name>
         <load_address>0x2ca0</load_address>
         <run_address>0x2ca0</run_address>
         <size>0x7a</size>
         <input_file_ref idref="fl-13c"/>
      </object_component>
      <object_component id="oc-d4">
         <name>.text:MPU9150Init</name>
         <load_address>0x2d1c</load_address>
         <run_address>0x2d1c</run_address>
         <size>0x6c</size>
         <input_file_ref idref="fl-147"/>
      </object_component>
      <object_component id="oc-70">
         <name>.text</name>
         <load_address>0x2d88</load_address>
         <run_address>0x2d88</run_address>
         <size>0x6c</size>
         <input_file_ref idref="fl-142"/>
      </object_component>
      <object_component id="oc-51">
         <name>.text</name>
         <load_address>0x2df4</load_address>
         <run_address>0x2df4</run_address>
         <size>0x6a</size>
         <input_file_ref idref="fl-137"/>
      </object_component>
      <object_component id="oc-2c9">
         <name>.text:IntDisable</name>
         <load_address>0x2e60</load_address>
         <run_address>0x2e60</run_address>
         <size>0x68</size>
         <input_file_ref idref="fl-f"/>
      </object_component>
      <object_component id="oc-21c">
         <name>.text:IntEnable</name>
         <load_address>0x2ec8</load_address>
         <run_address>0x2ec8</run_address>
         <size>0x68</size>
         <input_file_ref idref="fl-f"/>
      </object_component>
      <object_component id="oc-2c3">
         <name>.text:IntIsEnabled</name>
         <load_address>0x2f30</load_address>
         <run_address>0x2f30</run_address>
         <size>0x64</size>
         <input_file_ref idref="fl-f"/>
      </object_component>
      <object_component id="oc-93">
         <name>.text:MPU9150DataRead</name>
         <load_address>0x2f94</load_address>
         <run_address>0x2f94</run_address>
         <size>0x60</size>
         <input_file_ref idref="fl-147"/>
      </object_component>
      <object_component id="oc-1d0">
         <name>.text:I2CMStateWritePause</name>
         <load_address>0x2ff4</load_address>
         <run_address>0x2ff4</run_address>
         <size>0x5e</size>
         <input_file_ref idref="fl-146"/>
      </object_component>
      <object_component id="oc-24b">
         <name>.text:VectorCrossProduct</name>
         <load_address>0x3052</load_address>
         <run_address>0x3052</run_address>
         <size>0x56</size>
         <input_file_ref idref="fl-148"/>
      </object_component>
      <object_component id="oc-22a">
         <name>.text:I2CMWrite8</name>
         <load_address>0x30a8</load_address>
         <run_address>0x30a8</run_address>
         <size>0x54</size>
         <input_file_ref idref="fl-146"/>
      </object_component>
      <object_component id="oc-1d6">
         <name>.text:I2CMStateWriteFinal</name>
         <load_address>0x30fc</load_address>
         <run_address>0x30fc</run_address>
         <size>0x50</size>
         <input_file_ref idref="fl-146"/>
      </object_component>
      <object_component id="oc-24">
         <name>.text</name>
         <load_address>0x314c</load_address>
         <run_address>0x314c</run_address>
         <size>0x50</size>
         <input_file_ref idref="fl-135"/>
      </object_component>
      <object_component id="oc-14c">
         <name>.text</name>
         <load_address>0x319c</load_address>
         <run_address>0x319c</run_address>
         <size>0x50</size>
         <input_file_ref idref="fl-13a"/>
      </object_component>
      <object_component id="oc-216">
         <name>.text:I2CMasterInitExpClk</name>
         <load_address>0x31ec</load_address>
         <run_address>0x31ec</run_address>
         <size>0x4c</size>
         <input_file_ref idref="fl-149"/>
      </object_component>
      <object_component id="oc-174">
         <name>.text</name>
         <load_address>0x3238</load_address>
         <run_address>0x3238</run_address>
         <size>0x4c</size>
         <input_file_ref idref="fl-143"/>
      </object_component>
      <object_component id="oc-1be">
         <name>.text:I2CMStateReadNext</name>
         <load_address>0x3284</load_address>
         <run_address>0x3284</run_address>
         <size>0x4a</size>
         <input_file_ref idref="fl-146"/>
      </object_component>
      <object_component id="oc-1dc">
         <name>.text:I2CMStateWriteNext</name>
         <load_address>0x32ce</load_address>
         <run_address>0x32ce</run_address>
         <size>0x48</size>
         <input_file_ref idref="fl-146"/>
      </object_component>
      <object_component id="oc-242">
         <name>.text</name>
         <load_address>0x3316</load_address>
         <run_address>0x3316</run_address>
         <size>0x48</size>
         <input_file_ref idref="fl-14e"/>
      </object_component>
      <object_component id="oc-e0">
         <name>.text:CompDCMInit</name>
         <load_address>0x3360</load_address>
         <run_address>0x3360</run_address>
         <size>0x44</size>
         <input_file_ref idref="fl-145"/>
      </object_component>
      <object_component id="oc-1a6">
         <name>.text:I2CMStateCallback</name>
         <load_address>0x33a4</load_address>
         <run_address>0x33a4</run_address>
         <size>0x44</size>
         <input_file_ref idref="fl-146"/>
      </object_component>
      <object_component id="oc-7c">
         <name>.text</name>
         <load_address>0x33e8</load_address>
         <run_address>0x33e8</run_address>
         <size>0x44</size>
         <input_file_ref idref="fl-139"/>
      </object_component>
      <object_component id="oc-116">
         <name>.text:CompDCMComputeEulers</name>
         <load_address>0x342c</load_address>
         <run_address>0x342c</run_address>
         <size>0x42</size>
         <input_file_ref idref="fl-145"/>
      </object_component>
      <object_component id="oc-1b8">
         <name>.text:I2CMStateReadFinal</name>
         <load_address>0x346e</load_address>
         <run_address>0x346e</run_address>
         <size>0x42</size>
         <input_file_ref idref="fl-146"/>
      </object_component>
      <object_component id="oc-316">
         <name>.text:I2CMWrite8Callback</name>
         <load_address>0x34b0</load_address>
         <run_address>0x34b0</run_address>
         <size>0x40</size>
         <input_file_ref idref="fl-146"/>
      </object_component>
      <object_component id="oc-399">
         <name>.text</name>
         <load_address>0x34f0</load_address>
         <run_address>0x34f0</run_address>
         <size>0x40</size>
         <input_file_ref idref="fl-158"/>
      </object_component>
      <object_component id="oc-140">
         <name>.text</name>
         <load_address>0x3530</load_address>
         <run_address>0x3530</run_address>
         <size>0x40</size>
         <input_file_ref idref="fl-13f"/>
      </object_component>
      <object_component id="oc-1b2">
         <name>.text:I2CMStateReadPause</name>
         <load_address>0x3570</load_address>
         <run_address>0x3570</run_address>
         <size>0x3e</size>
         <input_file_ref idref="fl-146"/>
      </object_component>
      <object_component id="oc-238">
         <name>.text</name>
         <load_address>0x35ae</load_address>
         <run_address>0x35ae</run_address>
         <size>0x38</size>
         <input_file_ref idref="fl-14f"/>
      </object_component>
      <object_component id="oc-ce">
         <name>.text:I2CMInit</name>
         <load_address>0x35e6</load_address>
         <run_address>0x35e6</run_address>
         <size>0x34</size>
         <input_file_ref idref="fl-146"/>
      </object_component>
      <object_component id="oc-36b">
         <name>.text</name>
         <load_address>0x361c</load_address>
         <run_address>0x361c</run_address>
         <size>0x34</size>
         <input_file_ref idref="fl-156"/>
      </object_component>
      <object_component id="oc-264">
         <name>.text:VectorAdd</name>
         <load_address>0x3650</load_address>
         <run_address>0x3650</run_address>
         <size>0x32</size>
         <input_file_ref idref="fl-148"/>
      </object_component>
      <object_component id="oc-362">
         <name>.text:I2CMTransferResume</name>
         <load_address>0x3682</load_address>
         <run_address>0x3682</run_address>
         <size>0x30</size>
         <input_file_ref idref="fl-146"/>
      </object_component>
      <object_component id="oc-327">
         <name>.text</name>
         <load_address>0x36b4</load_address>
         <run_address>0x36b4</run_address>
         <size>0x30</size>
         <input_file_ref idref="fl-153"/>
      </object_component>
      <object_component id="oc-389">
         <name>.text</name>
         <load_address>0x36e4</load_address>
         <run_address>0x36e4</run_address>
         <size>0x2e</size>
         <input_file_ref idref="fl-157"/>
      </object_component>
      <object_component id="oc-26f">
         <name>.text</name>
         <load_address>0x3712</load_address>
         <run_address>0x3712</run_address>
         <size>0x2c</size>
         <input_file_ref idref="fl-152"/>
      </object_component>
      <object_component id="oc-208">
         <name>.text:GPIODirModeSet</name>
         <load_address>0x373e</load_address>
         <run_address>0x373e</run_address>
         <size>0x2a</size>
         <input_file_ref idref="fl-e"/>
      </object_component>
      <object_component id="oc-1c4">
         <name>.text:I2CMStateReadFirst</name>
         <load_address>0x3768</load_address>
         <run_address>0x3768</run_address>
         <size>0x2a</size>
         <input_file_ref idref="fl-146"/>
      </object_component>
      <object_component id="oc-251">
         <name>.text:VectorDotProduct</name>
         <load_address>0x3792</load_address>
         <run_address>0x3792</run_address>
         <size>0x26</size>
         <input_file_ref idref="fl-148"/>
      </object_component>
      <object_component id="oc-25d">
         <name>.text:VectorScale</name>
         <load_address>0x37b8</load_address>
         <run_address>0x37b8</run_address>
         <size>0x26</size>
         <input_file_ref idref="fl-148"/>
      </object_component>
      <object_component id="oc-257">
         <name>.text</name>
         <load_address>0x37e0</load_address>
         <run_address>0x37e0</run_address>
         <size>0x24</size>
         <input_file_ref idref="fl-150"/>
      </object_component>
      <object_component id="oc-b5">
         <name>.text:PWMGenConfigure</name>
         <load_address>0x3804</load_address>
         <run_address>0x3804</run_address>
         <size>0x22</size>
         <input_file_ref idref="fl-10"/>
      </object_component>
      <object_component id="oc-1ca">
         <name>.text:I2CMStateReadOne</name>
         <load_address>0x3826</load_address>
         <run_address>0x3826</run_address>
         <size>0x20</size>
         <input_file_ref idref="fl-146"/>
      </object_component>
      <object_component id="oc-1ac">
         <name>.text:I2CMStateReadWait</name>
         <load_address>0x3846</load_address>
         <run_address>0x3846</run_address>
         <size>0x1a</size>
         <input_file_ref idref="fl-146"/>
      </object_component>
      <object_component id="oc-76">
         <name>.text</name>
         <load_address>0x3860</load_address>
         <run_address>0x3860</run_address>
         <size>0x18</size>
         <input_file_ref idref="fl-141"/>
      </object_component>
      <object_component id="oc-2b3">
         <name>.text</name>
         <load_address>0x3878</load_address>
         <run_address>0x3878</run_address>
         <size>0x14</size>
         <input_file_ref idref="fl-140"/>
      </object_component>
      <object_component id="oc-c1">
         <name>.text:GPIOPinTypeI2CSCL</name>
         <load_address>0x388c</load_address>
         <run_address>0x388c</run_address>
         <size>0x12</size>
         <input_file_ref idref="fl-e"/>
      </object_component>
      <object_component id="oc-bb">
         <name>.text:PWMGenPeriodSet</name>
         <load_address>0x389e</load_address>
         <run_address>0x389e</run_address>
         <size>0x10</size>
         <input_file_ref idref="fl-10"/>
      </object_component>
      <object_component id="oc-fe">
         <name>.text:CompDCMAccelUpdate</name>
         <load_address>0x38ae</load_address>
         <run_address>0x38ae</run_address>
         <size>0xe</size>
         <input_file_ref idref="fl-145"/>
      </object_component>
      <object_component id="oc-104">
         <name>.text:CompDCMGyroUpdate</name>
         <load_address>0x38bc</load_address>
         <run_address>0x38bc</run_address>
         <size>0xe</size>
         <input_file_ref idref="fl-145"/>
      </object_component>
      <object_component id="oc-f8">
         <name>.text:CompDCMMagnetoUpdate</name>
         <load_address>0x38ca</load_address>
         <run_address>0x38ca</run_address>
         <size>0xe</size>
         <input_file_ref idref="fl-145"/>
      </object_component>
      <object_component id="oc-87">
         <name>.text:GPIOIntStatus</name>
         <load_address>0x38d8</load_address>
         <run_address>0x38d8</run_address>
         <size>0xe</size>
         <input_file_ref idref="fl-e"/>
      </object_component>
      <object_component id="oc-12">
         <name>.text:decompress:none</name>
         <load_address>0x38e6</load_address>
         <run_address>0x38e6</run_address>
         <size>0xe</size>
         <input_file_ref idref="fl-136"/>
      </object_component>
      <object_component id="oc-c8">
         <name>.text:GPIOIntEnable</name>
         <load_address>0x38f4</load_address>
         <run_address>0x38f4</run_address>
         <size>0xc</size>
         <input_file_ref idref="fl-e"/>
      </object_component>
      <object_component id="oc-2cf">
         <name>.text:IntTrigger</name>
         <load_address>0x3900</load_address>
         <run_address>0x3900</run_address>
         <size>0xc</size>
         <input_file_ref idref="fl-f"/>
      </object_component>
      <object_component id="oc-1e">
         <name>.text:decompress:ZI</name>
         <load_address>0x390c</load_address>
         <run_address>0x390c</run_address>
         <size>0xc</size>
         <input_file_ref idref="fl-138"/>
      </object_component>
      <object_component id="oc-2a">
         <name>.text</name>
         <load_address>0x3918</load_address>
         <run_address>0x3918</run_address>
         <size>0xc</size>
         <input_file_ref idref="fl-4"/>
      </object_component>
      <object_component id="oc-309">
         <name>.text:I2CMasterEnable</name>
         <load_address>0x3924</load_address>
         <run_address>0x3924</run_address>
         <size>0xa</size>
         <input_file_ref idref="fl-149"/>
      </object_component>
      <object_component id="oc-19a">
         <name>.text:I2CMasterIntClear</name>
         <load_address>0x392e</load_address>
         <run_address>0x392e</run_address>
         <size>0x8</size>
         <input_file_ref idref="fl-149"/>
      </object_component>
      <object_component id="oc-222">
         <name>.text:I2CMasterIntEnableEx</name>
         <load_address>0x3936</load_address>
         <run_address>0x3936</run_address>
         <size>0x8</size>
         <input_file_ref idref="fl-149"/>
      </object_component>
      <object_component id="oc-2ec">
         <name>.text:I2CMasterSlaveAddrSet</name>
         <load_address>0x393e</load_address>
         <run_address>0x393e</run_address>
         <size>0x8</size>
         <input_file_ref idref="fl-149"/>
      </object_component>
      <object_component id="oc-8d">
         <name>.text:GPIOIntClear</name>
         <load_address>0x3946</load_address>
         <run_address>0x3946</run_address>
         <size>0x6</size>
         <input_file_ref idref="fl-e"/>
      </object_component>
      <object_component id="oc-9f">
         <name>.text:UARTClockSourceSet</name>
         <load_address>0x394c</load_address>
         <run_address>0x394c</run_address>
         <size>0x6</size>
         <input_file_ref idref="fl-12"/>
      </object_component>
      <object_component id="oc-18">
         <name>.text:decompress:rle24</name>
         <load_address>0x3952</load_address>
         <run_address>0x3952</run_address>
         <size>0x6</size>
         <input_file_ref idref="fl-137"/>
      </object_component>
      <object_component id="oc-1a0">
         <name>.text:I2CMasterControl</name>
         <load_address>0x3958</load_address>
         <run_address>0x3958</run_address>
         <size>0x4</size>
         <input_file_ref idref="fl-149"/>
      </object_component>
      <object_component id="oc-2e2">
         <name>.text:I2CMasterDataGet</name>
         <load_address>0x395c</load_address>
         <run_address>0x395c</run_address>
         <size>0x4</size>
         <input_file_ref idref="fl-149"/>
      </object_component>
      <object_component id="oc-2f4">
         <name>.text:I2CMasterDataPut</name>
         <load_address>0x3960</load_address>
         <run_address>0x3960</run_address>
         <size>0x4</size>
         <input_file_ref idref="fl-149"/>
      </object_component>
      <object_component id="oc-6a">
         <name>.text</name>
         <load_address>0x3964</load_address>
         <run_address>0x3964</run_address>
         <size>0x4</size>
         <input_file_ref idref="fl-13d"/>
      </object_component>
      <object_component id="oc-310">
         <name>.const</name>
         <load_address>0x3968</load_address>
         <run_address>0x3968</run_address>
         <size>0x70</size>
         <input_file_ref idref="fl-f"/>
      </object_component>
      <object_component id="oc-201">
         <name>.const:g_pui32Xtals</name>
         <load_address>0x39d8</load_address>
         <run_address>0x39d8</run_address>
         <size>0x6c</size>
         <input_file_ref idref="fl-11"/>
      </object_component>
      <object_component id="oc-379">
         <name>.const</name>
         <load_address>0x3a44</load_address>
         <run_address>0x3a44</run_address>
         <size>0x34</size>
         <input_file_ref idref="fl-151"/>
      </object_component>
      <object_component id="oc-134">
         <name>.const</name>
         <load_address>0x3a78</load_address>
         <run_address>0x3a78</run_address>
         <size>0x28</size>
         <input_file_ref idref="fl-5"/>
      </object_component>
      <object_component id="oc-233">
         <name>.const</name>
         <load_address>0x3aa0</load_address>
         <run_address>0x3aa0</run_address>
         <size>0x20</size>
         <input_file_ref idref="fl-147"/>
      </object_component>
      <object_component id="oc-288">
         <name>.const:.string</name>
         <load_address>0x3ac0</load_address>
         <run_address>0x3ac0</run_address>
         <size>0x12</size>
         <input_file_ref idref="fl-5"/>
      </object_component>
      <object_component id="oc-3e1">
         <name>.cinit..data.load</name>
         <load_address>0x3ad8</load_address>
         <run_address>0x3ad8</run_address>
         <size>0x3f</size>
      </object_component>
      <object_component id="oc-3df">
         <name>__TI_handler_table</name>
         <load_address>0x3b18</load_address>
         <run_address>0x3b18</run_address>
         <size>0xc</size>
      </object_component>
      <object_component id="oc-3e2">
         <name>.cinit..bss.load</name>
         <load_address>0x3b28</load_address>
         <run_address>0x3b28</run_address>
         <size>0x8</size>
      </object_component>
      <object_component id="oc-3e0">
         <name>__TI_cinit_table</name>
         <load_address>0x3b30</load_address>
         <run_address>0x3b30</run_address>
         <size>0x10</size>
      </object_component>
      <object_component id="oc-29">
         <name>.stack</name>
         <uninitialized>true</uninitialized>
         <run_address>0x20000698</run_address>
         <size>0x0</size>
         <input_file_ref idref="fl-135"/>
      </object_component>
      <object_component id="oc-3e3">
         <name>.stack</name>
         <uninitialized>true</uninitialized>
         <run_address>0x20000698</run_address>
         <size>0x0</size>
      </object_component>
      <object_component id="oc-ac">
         <name>.bss:g_sI2CInst</name>
         <uninitialized>true</uninitialized>
         <run_address>0x20000400</run_address>
         <size>0x124</size>
         <input_file_ref idref="fl-3"/>
      </object_component>
      <object_component id="oc-a9">
         <name>.bss:g_sMPU9150Inst</name>
         <uninitialized>true</uninitialized>
         <run_address>0x200005a4</run_address>
         <size>0x6c</size>
         <input_file_ref idref="fl-3"/>
      </object_component>
      <object_component id="oc-122">
         <name>.bss:g_sCompDCMInst</name>
         <uninitialized>true</uninitialized>
         <run_address>0x20000610</run_address>
         <size>0x58</size>
         <input_file_ref idref="fl-3"/>
      </object_component>
      <object_component id="oc-13a">
         <name>.bss:g_pcUARTTxBuffer</name>
         <uninitialized>true</uninitialized>
         <run_address>0x20000000</run_address>
         <size>0x400</size>
         <input_file_ref idref="fl-5"/>
      </object_component>
      <object_component id="oc-13d">
         <name>.bss:g_pcUARTRxBuffer</name>
         <uninitialized>true</uninitialized>
         <run_address>0x20000524</run_address>
         <size>0x80</size>
         <input_file_ref idref="fl-5"/>
      </object_component>
      <object_component id="oc-c7">
         <name>.common:g_pui32Colors</name>
         <uninitialized>true</uninitialized>
         <run_address>0x20000668</run_address>
         <size>0xc</size>
      </object_component>
      <object_component id="oc-a5">
         <name>.common:g_vui8I2CDoneFlag</name>
         <uninitialized>true</uninitialized>
         <run_address>0x2000068c</run_address>
         <size>0x4</size>
      </object_component>
      <object_component id="oc-a8">
         <name>.common:g_vui8ErrorFlag</name>
         <uninitialized>true</uninitialized>
         <run_address>0x20000688</run_address>
         <size>0x4</size>
      </object_component>
      <object_component id="oc-125">
         <name>.common:g_ui32PrintSkipCounter</name>
         <uninitialized>true</uninitialized>
         <run_address>0x20000684</run_address>
         <size>0x4</size>
      </object_component>
      <object_component id="oc-145">
         <name>.common:g_bDisableEcho</name>
         <uninitialized>true</uninitialized>
         <run_address>0x20000694</run_address>
         <size>0x1</size>
      </object_component>
      <object_component id="oc-137">
         <name>.common:g_ui32PortNum</name>
         <uninitialized>true</uninitialized>
         <run_address>0x20000680</run_address>
         <size>0x4</size>
      </object_component>
      <object_component id="oc-152">
         <name>.common:g_ui32Colors</name>
         <uninitialized>true</uninitialized>
         <run_address>0x20000674</run_address>
         <size>0xc</size>
      </object_component>
      <object_component id="oc-151">
         <name>.common:ulFlags$1</name>
         <uninitialized>true</uninitialized>
         <run_address>0x20000690</run_address>
         <size>0x4</size>
      </object_component>
      <object_component id="oc-131">
         <name>.data</name>
         <load_address>0x200009b0</load_address>
         <run_address>0x200009b0</run_address>
         <size>0x15</size>
         <input_file_ref idref="fl-5"/>
      </object_component>
      <object_component id="oc-155">
         <name>.data</name>
         <load_address>0x200009e0</load_address>
         <run_address>0x200009e0</run_address>
         <size>0x4</size>
         <input_file_ref idref="fl-6"/>
      </object_component>
      <object_component id="oc-181">
         <name>.data</name>
         <load_address>0x200009d0</load_address>
         <run_address>0x200009d0</run_address>
         <size>0x8</size>
         <input_file_ref idref="fl-139"/>
      </object_component>
      <object_component id="oc-82">
         <name>.data</name>
         <load_address>0x200009e8</load_address>
         <run_address>0x200009e8</run_address>
         <size>0x4</size>
         <input_file_ref idref="fl-13e"/>
      </object_component>
      <object_component id="oc-17e">
         <name>.data</name>
         <load_address>0x200009c8</load_address>
         <run_address>0x200009c8</run_address>
         <size>0x8</size>
         <input_file_ref idref="fl-140"/>
      </object_component>
      <object_component id="oc-33c">
         <name>.data</name>
         <load_address>0x20000948</load_address>
         <run_address>0x20000948</run_address>
         <size>0x68</size>
         <input_file_ref idref="fl-154"/>
      </object_component>
      <object_component id="oc-371">
         <name>.data</name>
         <load_address>0x200009e4</load_address>
         <run_address>0x200009e4</run_address>
         <size>0x4</size>
         <input_file_ref idref="fl-155"/>
      </object_component>
      <object_component id="oc-38f">
         <name>.data</name>
         <load_address>0x200009d8</load_address>
         <run_address>0x200009d8</run_address>
         <size>0x8</size>
         <input_file_ref idref="fl-156"/>
      </object_component>
      <object_component id="oc-3ac">
         <name>.data:sigtable</name>
         <load_address>0x20000898</load_address>
         <run_address>0x20000898</run_address>
         <size>0xb0</size>
         <input_file_ref idref="fl-158"/>
      </object_component>
      <object_component id="oc-298">
         <name>.debug_info</name>
         <load_address>0x0</load_address>
         <run_address>0x0</run_address>
         <size>0x2bf</size>
         <input_file_ref idref="fl-2"/>
      </object_component>
      <object_component id="oc-1ee">
         <name>.debug_info</name>
         <load_address>0x2bf</load_address>
         <run_address>0x2bf</run_address>
         <size>0x4e6</size>
         <input_file_ref idref="fl-2"/>
      </object_component>
      <object_component id="oc-2d9">
         <name>.debug_info</name>
         <load_address>0x7a5</load_address>
         <run_address>0x7a5</run_address>
         <size>0x108</size>
         <input_file_ref idref="fl-2"/>
      </object_component>
      <object_component id="oc-1f3">
         <name>.debug_info</name>
         <load_address>0x8ad</load_address>
         <run_address>0x8ad</run_address>
         <size>0x16c</size>
         <input_file_ref idref="fl-2"/>
      </object_component>
      <object_component id="oc-1f8">
         <name>.debug_info</name>
         <load_address>0xa19</load_address>
         <run_address>0xa19</run_address>
         <size>0xd6</size>
         <input_file_ref idref="fl-2"/>
      </object_component>
      <object_component id="oc-12c">
         <name>.debug_info</name>
         <load_address>0xaef</load_address>
         <run_address>0xaef</run_address>
         <size>0x8b</size>
         <input_file_ref idref="fl-2"/>
      </object_component>
      <object_component id="oc-127">
         <name>.debug_info</name>
         <load_address>0xb7a</load_address>
         <run_address>0xb7a</run_address>
         <size>0x18b</size>
         <input_file_ref idref="fl-2"/>
      </object_component>
      <object_component id="oc-147">
         <name>.debug_info</name>
         <load_address>0xd05</load_address>
         <run_address>0xd05</run_address>
         <size>0x4e</size>
         <input_file_ref idref="fl-2"/>
      </object_component>
      <object_component id="oc-a6">
         <name>.debug_info</name>
         <load_address>0xd53</load_address>
         <run_address>0xd53</run_address>
         <size>0xa4b</size>
         <input_file_ref idref="fl-3"/>
      </object_component>
      <object_component id="oc-ad">
         <name>.debug_info</name>
         <load_address>0x179e</load_address>
         <run_address>0x179e</run_address>
         <size>0xcc</size>
         <input_file_ref idref="fl-3"/>
      </object_component>
      <object_component id="oc-aa">
         <name>.debug_info</name>
         <load_address>0x186a</load_address>
         <run_address>0x186a</run_address>
         <size>0xd4</size>
         <input_file_ref idref="fl-3"/>
      </object_component>
      <object_component id="oc-123">
         <name>.debug_info</name>
         <load_address>0x193e</load_address>
         <run_address>0x193e</run_address>
         <size>0xd4</size>
         <input_file_ref idref="fl-3"/>
      </object_component>
      <object_component id="oc-31">
         <name>.debug_info</name>
         <load_address>0x1a12</load_address>
         <run_address>0x1a12</run_address>
         <size>0xb7f</size>
         <input_file_ref idref="fl-3"/>
      </object_component>
      <object_component id="oc-44">
         <name>.debug_info</name>
         <load_address>0x2591</load_address>
         <run_address>0x2591</run_address>
         <size>0x194</size>
         <input_file_ref idref="fl-4"/>
      </object_component>
      <object_component id="oc-10">
         <name>.debug_info</name>
         <load_address>0x2725</load_address>
         <run_address>0x2725</run_address>
         <size>0xd7</size>
         <input_file_ref idref="fl-4"/>
      </object_component>
      <object_component id="oc-2c">
         <name>.debug_info</name>
         <load_address>0x27fc</load_address>
         <run_address>0x27fc</run_address>
         <size>0x1eb</size>
         <input_file_ref idref="fl-4"/>
      </object_component>
      <object_component id="oc-159">
         <name>.debug_info</name>
         <load_address>0x29e7</load_address>
         <run_address>0x29e7</run_address>
         <size>0x84</size>
         <input_file_ref idref="fl-4"/>
      </object_component>
      <object_component id="oc-138">
         <name>.debug_info</name>
         <load_address>0x2a6b</load_address>
         <run_address>0x2a6b</run_address>
         <size>0x18d</size>
         <input_file_ref idref="fl-5"/>
      </object_component>
      <object_component id="oc-13b">
         <name>.debug_info</name>
         <load_address>0x2bf8</load_address>
         <run_address>0x2bf8</run_address>
         <size>0x101</size>
         <input_file_ref idref="fl-5"/>
      </object_component>
      <object_component id="oc-132">
         <name>.debug_info</name>
         <load_address>0x2cf9</load_address>
         <run_address>0x2cf9</run_address>
         <size>0x1e1</size>
         <input_file_ref idref="fl-5"/>
      </object_component>
      <object_component id="oc-13e">
         <name>.debug_info</name>
         <load_address>0x2eda</load_address>
         <run_address>0x2eda</run_address>
         <size>0x101</size>
         <input_file_ref idref="fl-5"/>
      </object_component>
      <object_component id="oc-135">
         <name>.debug_info</name>
         <load_address>0x2fdb</load_address>
         <run_address>0x2fdb</run_address>
         <size>0x175</size>
         <input_file_ref idref="fl-5"/>
      </object_component>
      <object_component id="oc-37">
         <name>.debug_info</name>
         <load_address>0x3150</load_address>
         <run_address>0x3150</run_address>
         <size>0x15e9</size>
         <input_file_ref idref="fl-5"/>
      </object_component>
      <object_component id="oc-153">
         <name>.debug_info</name>
         <load_address>0x4739</load_address>
         <run_address>0x4739</run_address>
         <size>0x177</size>
         <input_file_ref idref="fl-6"/>
      </object_component>
      <object_component id="oc-156">
         <name>.debug_info</name>
         <load_address>0x48b0</load_address>
         <run_address>0x48b0</run_address>
         <size>0x123</size>
         <input_file_ref idref="fl-6"/>
      </object_component>
      <object_component id="oc-3d">
         <name>.debug_info</name>
         <load_address>0x49d3</load_address>
         <run_address>0x49d3</run_address>
         <size>0xd6c</size>
         <input_file_ref idref="fl-6"/>
      </object_component>
      <object_component id="oc-18a">
         <name>.debug_info</name>
         <load_address>0x573f</load_address>
         <run_address>0x573f</run_address>
         <size>0x230</size>
         <input_file_ref idref="fl-e"/>
      </object_component>
      <object_component id="oc-209">
         <name>.debug_info</name>
         <load_address>0x596f</load_address>
         <run_address>0x596f</run_address>
         <size>0x2b3</size>
         <input_file_ref idref="fl-e"/>
      </object_component>
      <object_component id="oc-20f">
         <name>.debug_info</name>
         <load_address>0x5c22</load_address>
         <run_address>0x5c22</run_address>
         <size>0x316</size>
         <input_file_ref idref="fl-e"/>
      </object_component>
      <object_component id="oc-c2">
         <name>.debug_info</name>
         <load_address>0x5f38</load_address>
         <run_address>0x5f38</run_address>
         <size>0x27f</size>
         <input_file_ref idref="fl-e"/>
      </object_component>
      <object_component id="oc-8a">
         <name>.debug_info</name>
         <load_address>0x61b7</load_address>
         <run_address>0x61b7</run_address>
         <size>0x27f</size>
         <input_file_ref idref="fl-e"/>
      </object_component>
      <object_component id="oc-cb">
         <name>.debug_info</name>
         <load_address>0x6436</load_address>
         <run_address>0x6436</run_address>
         <size>0x28f</size>
         <input_file_ref idref="fl-e"/>
      </object_component>
      <object_component id="oc-90">
         <name>.debug_info</name>
         <load_address>0x66c5</load_address>
         <run_address>0x66c5</run_address>
         <size>0x28d</size>
         <input_file_ref idref="fl-e"/>
      </object_component>
      <object_component id="oc-314">
         <name>.debug_info</name>
         <load_address>0x6952</load_address>
         <run_address>0x6952</run_address>
         <size>0x20e</size>
         <input_file_ref idref="fl-f"/>
      </object_component>
      <object_component id="oc-311">
         <name>.debug_info</name>
         <load_address>0x6b60</load_address>
         <run_address>0x6b60</run_address>
         <size>0x210</size>
         <input_file_ref idref="fl-f"/>
      </object_component>
      <object_component id="oc-2d0">
         <name>.debug_info</name>
         <load_address>0x6d70</load_address>
         <run_address>0x6d70</run_address>
         <size>0x26a</size>
         <input_file_ref idref="fl-f"/>
      </object_component>
      <object_component id="oc-2c4">
         <name>.debug_info</name>
         <load_address>0x6fda</load_address>
         <run_address>0x6fda</run_address>
         <size>0x2a1</size>
         <input_file_ref idref="fl-f"/>
      </object_component>
      <object_component id="oc-21d">
         <name>.debug_info</name>
         <load_address>0x727b</load_address>
         <run_address>0x727b</run_address>
         <size>0x268</size>
         <input_file_ref idref="fl-f"/>
      </object_component>
      <object_component id="oc-2cb">
         <name>.debug_info</name>
         <load_address>0x74e3</load_address>
         <run_address>0x74e3</run_address>
         <size>0x26a</size>
         <input_file_ref idref="fl-f"/>
      </object_component>
      <object_component id="oc-206">
         <name>.debug_info</name>
         <load_address>0x774d</load_address>
         <run_address>0x774d</run_address>
         <size>0x1ed</size>
         <input_file_ref idref="fl-10"/>
      </object_component>
      <object_component id="oc-bd">
         <name>.debug_info</name>
         <load_address>0x793a</load_address>
         <run_address>0x793a</run_address>
         <size>0x2b6</size>
         <input_file_ref idref="fl-10"/>
      </object_component>
      <object_component id="oc-b6">
         <name>.debug_info</name>
         <load_address>0x7bf0</load_address>
         <run_address>0x7bf0</run_address>
         <size>0x2b3</size>
         <input_file_ref idref="fl-10"/>
      </object_component>
      <object_component id="oc-304">
         <name>.debug_info</name>
         <load_address>0x7ea3</load_address>
         <run_address>0x7ea3</run_address>
         <size>0x27f</size>
         <input_file_ref idref="fl-11"/>
      </object_component>
      <object_component id="oc-202">
         <name>.debug_info</name>
         <load_address>0x8122</load_address>
         <run_address>0x8122</run_address>
         <size>0x14d</size>
         <input_file_ref idref="fl-11"/>
      </object_component>
      <object_component id="oc-b1">
         <name>.debug_info</name>
         <load_address>0x826f</load_address>
         <run_address>0x826f</run_address>
         <size>0x2b5</size>
         <input_file_ref idref="fl-11"/>
      </object_component>
      <object_component id="oc-358">
         <name>.debug_info</name>
         <load_address>0x8524</load_address>
         <run_address>0x8524</run_address>
         <size>0x5f</size>
         <input_file_ref idref="fl-11"/>
      </object_component>
      <object_component id="oc-1eb">
         <name>.debug_info</name>
         <load_address>0x8583</load_address>
         <run_address>0x8583</run_address>
         <size>0x227</size>
         <input_file_ref idref="fl-12"/>
      </object_component>
      <object_component id="oc-a1">
         <name>.debug_info</name>
         <load_address>0x87aa</load_address>
         <run_address>0x87aa</run_address>
         <size>0x291</size>
         <input_file_ref idref="fl-12"/>
      </object_component>
      <object_component id="oc-25">
         <name>.debug_info</name>
         <load_address>0x8a3b</load_address>
         <run_address>0x8a3b</run_address>
         <size>0x134</size>
         <input_file_ref idref="fl-135"/>
      </object_component>
      <object_component id="oc-50">
         <name>.debug_info</name>
         <load_address>0x8b6f</load_address>
         <run_address>0x8b6f</run_address>
         <size>0x121</size>
         <input_file_ref idref="fl-136"/>
      </object_component>
      <object_component id="oc-13">
         <name>.debug_info</name>
         <load_address>0x8c90</load_address>
         <run_address>0x8c90</run_address>
         <size>0x1c0</size>
         <input_file_ref idref="fl-136"/>
      </object_component>
      <object_component id="oc-4b">
         <name>.debug_info</name>
         <load_address>0x8e50</load_address>
         <run_address>0x8e50</run_address>
         <size>0x46</size>
         <input_file_ref idref="fl-136"/>
      </object_component>
      <object_component id="oc-161">
         <name>.debug_info</name>
         <load_address>0x8e96</load_address>
         <run_address>0x8e96</run_address>
         <size>0x2c</size>
         <input_file_ref idref="fl-136"/>
      </object_component>
      <object_component id="oc-58">
         <name>.debug_info</name>
         <load_address>0x8ec2</load_address>
         <run_address>0x8ec2</run_address>
         <size>0x115</size>
         <input_file_ref idref="fl-137"/>
      </object_component>
      <object_component id="oc-52">
         <name>.debug_info</name>
         <load_address>0x8fd7</load_address>
         <run_address>0x8fd7</run_address>
         <size>0x228</size>
         <input_file_ref idref="fl-137"/>
      </object_component>
      <object_component id="oc-19">
         <name>.debug_info</name>
         <load_address>0x91ff</load_address>
         <run_address>0x91ff</run_address>
         <size>0x192</size>
         <input_file_ref idref="fl-137"/>
      </object_component>
      <object_component id="oc-59">
         <name>.debug_info</name>
         <load_address>0x9391</load_address>
         <run_address>0x9391</run_address>
         <size>0x39</size>
         <input_file_ref idref="fl-137"/>
      </object_component>
      <object_component id="oc-16b">
         <name>.debug_info</name>
         <load_address>0x93ca</load_address>
         <run_address>0x93ca</run_address>
         <size>0x2c</size>
         <input_file_ref idref="fl-137"/>
      </object_component>
      <object_component id="oc-69">
         <name>.debug_info</name>
         <load_address>0x93f6</load_address>
         <run_address>0x93f6</run_address>
         <size>0x110</size>
         <input_file_ref idref="fl-138"/>
      </object_component>
      <object_component id="oc-20">
         <name>.debug_info</name>
         <load_address>0x9506</load_address>
         <run_address>0x9506</run_address>
         <size>0x18b</size>
         <input_file_ref idref="fl-138"/>
      </object_component>
      <object_component id="oc-64">
         <name>.debug_info</name>
         <load_address>0x9691</load_address>
         <run_address>0x9691</run_address>
         <size>0x46</size>
         <input_file_ref idref="fl-138"/>
      </object_component>
      <object_component id="oc-185">
         <name>.debug_info</name>
         <load_address>0x96d7</load_address>
         <run_address>0x96d7</run_address>
         <size>0x172</size>
         <input_file_ref idref="fl-139"/>
      </object_component>
      <object_component id="oc-182">
         <name>.debug_info</name>
         <load_address>0x9849</load_address>
         <run_address>0x9849</run_address>
         <size>0x117</size>
         <input_file_ref idref="fl-139"/>
      </object_component>
      <object_component id="oc-7d">
         <name>.debug_info</name>
         <load_address>0x9960</load_address>
         <run_address>0x9960</run_address>
         <size>0x1ee</size>
         <input_file_ref idref="fl-139"/>
      </object_component>
      <object_component id="oc-14e">
         <name>.debug_info</name>
         <load_address>0x9b4e</load_address>
         <run_address>0x9b4e</run_address>
         <size>0x118</size>
         <input_file_ref idref="fl-13a"/>
      </object_component>
      <object_component id="oc-48">
         <name>.debug_info</name>
         <load_address>0x9c66</load_address>
         <run_address>0x9c66</run_address>
         <size>0xf6</size>
         <input_file_ref idref="fl-13b"/>
      </object_component>
      <object_component id="oc-61">
         <name>.debug_info</name>
         <load_address>0x9d5c</load_address>
         <run_address>0x9d5c</run_address>
         <size>0x124</size>
         <input_file_ref idref="fl-13c"/>
      </object_component>
      <object_component id="oc-6e">
         <name>.debug_info</name>
         <load_address>0x9e80</load_address>
         <run_address>0x9e80</run_address>
         <size>0x129</size>
         <input_file_ref idref="fl-13d"/>
      </object_component>
      <object_component id="oc-83">
         <name>.debug_info</name>
         <load_address>0x9fa9</load_address>
         <run_address>0x9fa9</run_address>
         <size>0xea</size>
         <input_file_ref idref="fl-13e"/>
      </object_component>
      <object_component id="oc-141">
         <name>.debug_info</name>
         <load_address>0xa093</load_address>
         <run_address>0xa093</run_address>
         <size>0x11f</size>
         <input_file_ref idref="fl-13f"/>
      </object_component>
      <object_component id="oc-2bb">
         <name>.debug_info</name>
         <load_address>0xa1b2</load_address>
         <run_address>0xa1b2</run_address>
         <size>0x105</size>
         <input_file_ref idref="fl-140"/>
      </object_component>
      <object_component id="oc-17f">
         <name>.debug_info</name>
         <load_address>0xa2b7</load_address>
         <run_address>0xa2b7</run_address>
         <size>0xf4</size>
         <input_file_ref idref="fl-140"/>
      </object_component>
      <object_component id="oc-2b4">
         <name>.debug_info</name>
         <load_address>0xa3ab</load_address>
         <run_address>0xa3ab</run_address>
         <size>0x200</size>
         <input_file_ref idref="fl-140"/>
      </object_component>
      <object_component id="oc-17d">
         <name>.debug_info</name>
         <load_address>0xa5ab</load_address>
         <run_address>0xa5ab</run_address>
         <size>0x147</size>
         <input_file_ref idref="fl-141"/>
      </object_component>
      <object_component id="oc-7a">
         <name>.debug_info</name>
         <load_address>0xa6f2</load_address>
         <run_address>0xa6f2</run_address>
         <size>0x148</size>
         <input_file_ref idref="fl-141"/>
      </object_component>
      <object_component id="oc-2ae">
         <name>.debug_info</name>
         <load_address>0xa83a</load_address>
         <run_address>0xa83a</run_address>
         <size>0x5e</size>
         <input_file_ref idref="fl-141"/>
      </object_component>
      <object_component id="oc-17b">
         <name>.debug_info</name>
         <load_address>0xa898</load_address>
         <run_address>0xa898</run_address>
         <size>0x29e</size>
         <input_file_ref idref="fl-142"/>
      </object_component>
      <object_component id="oc-72">
         <name>.debug_info</name>
         <load_address>0xab36</load_address>
         <run_address>0xab36</run_address>
         <size>0x158</size>
         <input_file_ref idref="fl-142"/>
      </object_component>
      <object_component id="oc-2a2">
         <name>.debug_info</name>
         <load_address>0xac8e</load_address>
         <run_address>0xac8e</run_address>
         <size>0x39</size>
         <input_file_ref idref="fl-142"/>
      </object_component>
      <object_component id="oc-2a7">
         <name>.debug_info</name>
         <load_address>0xacc7</load_address>
         <run_address>0xacc7</run_address>
         <size>0xcd</size>
         <input_file_ref idref="fl-142"/>
      </object_component>
      <object_component id="oc-29f">
         <name>.debug_info</name>
         <load_address>0xad94</load_address>
         <run_address>0xad94</run_address>
         <size>0x1c1</size>
         <input_file_ref idref="fl-143"/>
      </object_component>
      <object_component id="oc-175">
         <name>.debug_info</name>
         <load_address>0xaf55</load_address>
         <run_address>0xaf55</run_address>
         <size>0x164</size>
         <input_file_ref idref="fl-143"/>
      </object_component>
      <object_component id="oc-346">
         <name>.debug_info</name>
         <load_address>0xb0b9</load_address>
         <run_address>0xb0b9</run_address>
         <size>0x2c</size>
         <input_file_ref idref="fl-143"/>
      </object_component>
      <object_component id="oc-292">
         <name>.debug_info</name>
         <load_address>0xb0e5</load_address>
         <run_address>0xb0e5</run_address>
         <size>0x128</size>
         <input_file_ref idref="fl-144"/>
      </object_component>
      <object_component id="oc-232">
         <name>.debug_info</name>
         <load_address>0xb20d</load_address>
         <run_address>0xb20d</run_address>
         <size>0x2f0</size>
         <input_file_ref idref="fl-145"/>
      </object_component>
      <object_component id="oc-112">
         <name>.debug_info</name>
         <load_address>0xb4fd</load_address>
         <run_address>0xb4fd</run_address>
         <size>0x606</size>
         <input_file_ref idref="fl-145"/>
      </object_component>
      <object_component id="oc-10c">
         <name>.debug_info</name>
         <load_address>0xbb03</load_address>
         <run_address>0xbb03</run_address>
         <size>0x34a</size>
         <input_file_ref idref="fl-145"/>
      </object_component>
      <object_component id="oc-f9">
         <name>.debug_info</name>
         <load_address>0xbe4d</load_address>
         <run_address>0xbe4d</run_address>
         <size>0x300</size>
         <input_file_ref idref="fl-145"/>
      </object_component>
      <object_component id="oc-e1">
         <name>.debug_info</name>
         <load_address>0xc14d</load_address>
         <run_address>0xc14d</run_address>
         <size>0x306</size>
         <input_file_ref idref="fl-145"/>
      </object_component>
      <object_component id="oc-105">
         <name>.debug_info</name>
         <load_address>0xc453</load_address>
         <run_address>0xc453</run_address>
         <size>0x2d6</size>
         <input_file_ref idref="fl-145"/>
      </object_component>
      <object_component id="oc-11d">
         <name>.debug_info</name>
         <load_address>0xc729</load_address>
         <run_address>0xc729</run_address>
         <size>0x315</size>
         <input_file_ref idref="fl-145"/>
      </object_component>
      <object_component id="oc-117">
         <name>.debug_info</name>
         <load_address>0xca3e</load_address>
         <run_address>0xca3e</run_address>
         <size>0x2ff</size>
         <input_file_ref idref="fl-145"/>
      </object_component>
      <object_component id="oc-ff">
         <name>.debug_info</name>
         <load_address>0xcd3d</load_address>
         <run_address>0xcd3d</run_address>
         <size>0x2e4</size>
         <input_file_ref idref="fl-145"/>
      </object_component>
      <object_component id="oc-1e9">
         <name>.debug_info</name>
         <load_address>0xd021</load_address>
         <run_address>0xd021</run_address>
         <size>0x44b</size>
         <input_file_ref idref="fl-146"/>
      </object_component>
      <object_component id="oc-18d">
         <name>.debug_info</name>
         <load_address>0xd46c</load_address>
         <run_address>0xd46c</run_address>
         <size>0x484</size>
         <input_file_ref idref="fl-146"/>
      </object_component>
      <object_component id="oc-364">
         <name>.debug_info</name>
         <load_address>0xd8f0</load_address>
         <run_address>0xd8f0</run_address>
         <size>0x2a2</size>
         <input_file_ref idref="fl-146"/>
      </object_component>
      <object_component id="oc-318">
         <name>.debug_info</name>
         <load_address>0xdb92</load_address>
         <run_address>0xdb92</run_address>
         <size>0x2eb</size>
         <input_file_ref idref="fl-146"/>
      </object_component>
      <object_component id="oc-22c">
         <name>.debug_info</name>
         <load_address>0xde7d</load_address>
         <run_address>0xde7d</run_address>
         <size>0x39f</size>
         <input_file_ref idref="fl-146"/>
      </object_component>
      <object_component id="oc-1a9">
         <name>.debug_info</name>
         <load_address>0xe21c</load_address>
         <run_address>0xe21c</run_address>
         <size>0x32c</size>
         <input_file_ref idref="fl-146"/>
      </object_component>
      <object_component id="oc-1af">
         <name>.debug_info</name>
         <load_address>0xe548</load_address>
         <run_address>0xe548</run_address>
         <size>0x2a1</size>
         <input_file_ref idref="fl-146"/>
      </object_component>
      <object_component id="oc-1b5">
         <name>.debug_info</name>
         <load_address>0xe7e9</load_address>
         <run_address>0xe7e9</run_address>
         <size>0x2ba</size>
         <input_file_ref idref="fl-146"/>
      </object_component>
      <object_component id="oc-1bb">
         <name>.debug_info</name>
         <load_address>0xeaa3</load_address>
         <run_address>0xeaa3</run_address>
         <size>0x2c7</size>
         <input_file_ref idref="fl-146"/>
      </object_component>
      <object_component id="oc-1c1">
         <name>.debug_info</name>
         <load_address>0xed6a</load_address>
         <run_address>0xed6a</run_address>
         <size>0x2c5</size>
         <input_file_ref idref="fl-146"/>
      </object_component>
      <object_component id="oc-1c7">
         <name>.debug_info</name>
         <load_address>0xf02f</load_address>
         <run_address>0xf02f</run_address>
         <size>0x2bf</size>
         <input_file_ref idref="fl-146"/>
      </object_component>
      <object_component id="oc-1cd">
         <name>.debug_info</name>
         <load_address>0xf2ee</load_address>
         <run_address>0xf2ee</run_address>
         <size>0x2bb</size>
         <input_file_ref idref="fl-146"/>
      </object_component>
      <object_component id="oc-1d3">
         <name>.debug_info</name>
         <load_address>0xf5a9</load_address>
         <run_address>0xf5a9</run_address>
         <size>0x2ea</size>
         <input_file_ref idref="fl-146"/>
      </object_component>
      <object_component id="oc-1d9">
         <name>.debug_info</name>
         <load_address>0xf893</load_address>
         <run_address>0xf893</run_address>
         <size>0x2e0</size>
         <input_file_ref idref="fl-146"/>
      </object_component>
      <object_component id="oc-1df">
         <name>.debug_info</name>
         <load_address>0xfb73</load_address>
         <run_address>0xfb73</run_address>
         <size>0x2c7</size>
         <input_file_ref idref="fl-146"/>
      </object_component>
      <object_component id="oc-1e5">
         <name>.debug_info</name>
         <load_address>0xfe3a</load_address>
         <run_address>0xfe3a</run_address>
         <size>0x32d</size>
         <input_file_ref idref="fl-146"/>
      </object_component>
      <object_component id="oc-9c">
         <name>.debug_info</name>
         <load_address>0x10167</load_address>
         <run_address>0x10167</run_address>
         <size>0x3f3</size>
         <input_file_ref idref="fl-146"/>
      </object_component>
      <object_component id="oc-d1">
         <name>.debug_info</name>
         <load_address>0x1055a</load_address>
         <run_address>0x1055a</run_address>
         <size>0x350</size>
         <input_file_ref idref="fl-146"/>
      </object_component>
      <object_component id="oc-199">
         <name>.debug_info</name>
         <load_address>0x108aa</load_address>
         <run_address>0x108aa</run_address>
         <size>0x39c</size>
         <input_file_ref idref="fl-147"/>
      </object_component>
      <object_component id="oc-234">
         <name>.debug_info</name>
         <load_address>0x10c46</load_address>
         <run_address>0x10c46</run_address>
         <size>0x19c</size>
         <input_file_ref idref="fl-147"/>
      </object_component>
      <object_component id="oc-db">
         <name>.debug_info</name>
         <load_address>0x10de2</load_address>
         <run_address>0x10de2</run_address>
         <size>0x339</size>
         <input_file_ref idref="fl-147"/>
      </object_component>
      <object_component id="oc-d5">
         <name>.debug_info</name>
         <load_address>0x1111b</load_address>
         <run_address>0x1111b</run_address>
         <size>0x334</size>
         <input_file_ref idref="fl-147"/>
      </object_component>
      <object_component id="oc-94">
         <name>.debug_info</name>
         <load_address>0x1144f</load_address>
         <run_address>0x1144f</run_address>
         <size>0x2f0</size>
         <input_file_ref idref="fl-147"/>
      </object_component>
      <object_component id="oc-f3">
         <name>.debug_info</name>
         <load_address>0x1173f</load_address>
         <run_address>0x1173f</run_address>
         <size>0x3d4</size>
         <input_file_ref idref="fl-147"/>
      </object_component>
      <object_component id="oc-ed">
         <name>.debug_info</name>
         <load_address>0x11b13</load_address>
         <run_address>0x11b13</run_address>
         <size>0x304</size>
         <input_file_ref idref="fl-147"/>
      </object_component>
      <object_component id="oc-e7">
         <name>.debug_info</name>
         <load_address>0x11e17</load_address>
         <run_address>0x11e17</run_address>
         <size>0x312</size>
         <input_file_ref idref="fl-147"/>
      </object_component>
      <object_component id="oc-193">
         <name>.debug_info</name>
         <load_address>0x12129</load_address>
         <run_address>0x12129</run_address>
         <size>0x2c0</size>
         <input_file_ref idref="fl-147"/>
      </object_component>
      <object_component id="oc-325">
         <name>.debug_info</name>
         <load_address>0x123e9</load_address>
         <run_address>0x123e9</run_address>
         <size>0x13b</size>
         <input_file_ref idref="fl-148"/>
      </object_component>
      <object_component id="oc-25e">
         <name>.debug_info</name>
         <load_address>0x12524</load_address>
         <run_address>0x12524</run_address>
         <size>0x2be</size>
         <input_file_ref idref="fl-148"/>
      </object_component>
      <object_component id="oc-252">
         <name>.debug_info</name>
         <load_address>0x127e2</load_address>
         <run_address>0x127e2</run_address>
         <size>0x2a4</size>
         <input_file_ref idref="fl-148"/>
      </object_component>
      <object_component id="oc-24c">
         <name>.debug_info</name>
         <load_address>0x12a86</load_address>
         <run_address>0x12a86</run_address>
         <size>0x2e2</size>
         <input_file_ref idref="fl-148"/>
      </object_component>
      <object_component id="oc-265">
         <name>.debug_info</name>
         <load_address>0x12d68</load_address>
         <run_address>0x12d68</run_address>
         <size>0x2d0</size>
         <input_file_ref idref="fl-148"/>
      </object_component>
      <object_component id="oc-2df">
         <name>.debug_info</name>
         <load_address>0x13038</load_address>
         <run_address>0x13038</run_address>
         <size>0x231</size>
         <input_file_ref idref="fl-149"/>
      </object_component>
      <object_component id="oc-2ed">
         <name>.debug_info</name>
         <load_address>0x13269</load_address>
         <run_address>0x13269</run_address>
         <size>0x2ce</size>
         <input_file_ref idref="fl-149"/>
      </object_component>
      <object_component id="oc-223">
         <name>.debug_info</name>
         <load_address>0x13537</load_address>
         <run_address>0x13537</run_address>
         <size>0x29a</size>
         <input_file_ref idref="fl-149"/>
      </object_component>
      <object_component id="oc-19b">
         <name>.debug_info</name>
         <load_address>0x137d1</load_address>
         <run_address>0x137d1</run_address>
         <size>0x252</size>
         <input_file_ref idref="fl-149"/>
      </object_component>
      <object_component id="oc-30a">
         <name>.debug_info</name>
         <load_address>0x13a23</load_address>
         <run_address>0x13a23</run_address>
         <size>0x24e</size>
         <input_file_ref idref="fl-149"/>
      </object_component>
      <object_component id="oc-217">
         <name>.debug_info</name>
         <load_address>0x13c71</load_address>
         <run_address>0x13c71</run_address>
         <size>0x2d5</size>
         <input_file_ref idref="fl-149"/>
      </object_component>
      <object_component id="oc-2f5">
         <name>.debug_info</name>
         <load_address>0x13f46</load_address>
         <run_address>0x13f46</run_address>
         <size>0x27e</size>
         <input_file_ref idref="fl-149"/>
      </object_component>
      <object_component id="oc-2e3">
         <name>.debug_info</name>
         <load_address>0x141c4</load_address>
         <run_address>0x141c4</run_address>
         <size>0x254</size>
         <input_file_ref idref="fl-149"/>
      </object_component>
      <object_component id="oc-1a1">
         <name>.debug_info</name>
         <load_address>0x14418</load_address>
         <run_address>0x14418</run_address>
         <size>0x27e</size>
         <input_file_ref idref="fl-149"/>
      </object_component>
      <object_component id="oc-340">
         <name>.debug_info</name>
         <load_address>0x14696</load_address>
         <run_address>0x14696</run_address>
         <size>0x16a</size>
         <input_file_ref idref="fl-14a"/>
      </object_component>
      <object_component id="oc-27d">
         <name>.debug_info</name>
         <load_address>0x14800</load_address>
         <run_address>0x14800</run_address>
         <size>0x182</size>
         <input_file_ref idref="fl-14a"/>
      </object_component>
      <object_component id="oc-381">
         <name>.debug_info</name>
         <load_address>0x14982</load_address>
         <run_address>0x14982</run_address>
         <size>0x86</size>
         <input_file_ref idref="fl-14a"/>
      </object_component>
      <object_component id="oc-33b">
         <name>.debug_info</name>
         <load_address>0x14a08</load_address>
         <run_address>0x14a08</run_address>
         <size>0x104</size>
         <input_file_ref idref="fl-14b"/>
      </object_component>
      <object_component id="oc-277">
         <name>.debug_info</name>
         <load_address>0x14b0c</load_address>
         <run_address>0x14b0c</run_address>
         <size>0x1d1</size>
         <input_file_ref idref="fl-14b"/>
      </object_component>
      <object_component id="oc-26b">
         <name>.debug_info</name>
         <load_address>0x14cdd</load_address>
         <run_address>0x14cdd</run_address>
         <size>0x129</size>
         <input_file_ref idref="fl-14c"/>
      </object_component>
      <object_component id="oc-23e">
         <name>.debug_info</name>
         <load_address>0x14e06</load_address>
         <run_address>0x14e06</run_address>
         <size>0x117</size>
         <input_file_ref idref="fl-14d"/>
      </object_component>
      <object_component id="oc-243">
         <name>.debug_info</name>
         <load_address>0x14f1d</load_address>
         <run_address>0x14f1d</run_address>
         <size>0x112</size>
         <input_file_ref idref="fl-14e"/>
      </object_component>
      <object_component id="oc-239">
         <name>.debug_info</name>
         <load_address>0x1502f</load_address>
         <run_address>0x1502f</run_address>
         <size>0x109</size>
         <input_file_ref idref="fl-14f"/>
      </object_component>
      <object_component id="oc-32e">
         <name>.debug_info</name>
[...]
         <object_component_ref idref="oc-36"/>
      </symbol>
      <symbol id="sm-1cc">
         <name>UARTgets</name>
         <value>0xee3</value>
         <object_component_ref idref="oc-36"/>
      </symbol>
      <symbol id="sm-1cd">
         <name>UARTFlushTx</name>
         <value>0x1387</value>
         <object_component_ref idref="oc-36"/>
      </symbol>
      <symbol id="sm-1ce">
         <name>UARTStdioConfig</name>
         <value>0xd85</value>
         <object_component_ref idref="oc-36"/>
      </symbol>
      <symbol id="sm-1cf">
         <name>UARTStdioIntHandler</name>
         <value>0x13f9</value>
         <object_component_ref idref="oc-36"/>
      </symbol>
      <symbol id="sm-1d0">
         <name>UARTRxBytesAvail</name>
         <value>0x12e3</value>
         <object_component_ref idref="oc-36"/>
      </symbol>
      <symbol id="sm-1d1">
         <name>UARTwrite</name>
         <value>0xe3d</value>
         <object_component_ref idref="oc-36"/>
      </symbol>
      <symbol id="sm-1d2">
         <name>UARTPeek</name>
         <value>0x1305</value>
         <object_component_ref idref="oc-36"/>
      </symbol>
      <symbol id="sm-1d3">
         <name>UARTEchoSet</name>
         <value>0x13c5</value>
         <object_component_ref idref="oc-36"/>
      </symbol>
      <symbol id="sm-1d4">
         <name>UARTprintf</name>
         <value>0x12bf</value>
         <object_component_ref idref="oc-36"/>
      </symbol>
      <symbol id="sm-1d5">
         <name>UARTvprintf</name>
         <value>0xfc5</value>
         <object_component_ref idref="oc-36"/>
      </symbol>
      <symbol id="sm-21f">
         <name>RGBDisable</name>
         <value>0x1757</value>
         <object_component_ref idref="oc-3c"/>
      </symbol>
      <symbol id="sm-220">
         <name>RGBBlinkRateSet</name>
         <value>0x1891</value>
         <object_component_ref idref="oc-3c"/>
      </symbol>
      <symbol id="sm-221">
         <name>RGBIntensitySet</name>
         <value>0x187d</value>
         <object_component_ref idref="oc-3c"/>
      </symbol>
      <symbol id="sm-222">
         <name>RGBBlinkIntHandler</name>
         <value>0x1585</value>
         <object_component_ref idref="oc-3c"/>
      </symbol>
      <symbol id="sm-223">
         <name>RGBEnable</name>
         <value>0x169f</value>
         <object_component_ref idref="oc-3c"/>
      </symbol>
      <symbol id="sm-224">
         <name>RGBColorGet</name>
         <value>0x1925</value>
         <object_component_ref idref="oc-3c"/>
      </symbol>
      <symbol id="sm-225">
         <name>RGBInit</name>
         <value>0x15b3</value>
         <object_component_ref idref="oc-3c"/>
      </symbol>
      <symbol id="sm-226">
         <name>RGBColorSet</name>
         <value>0x17cd</value>
         <object_component_ref idref="oc-3c"/>
      </symbol>
      <symbol id="sm-227">
         <name>RGBSet</name>
         <value>0x17b5</value>
         <object_component_ref idref="oc-3c"/>
      </symbol>
      <symbol id="sm-25e">
         <name>GPIOPinTypeI2CSCL</name>
         <value>0x388d</value>
         <object_component_ref idref="oc-c1"/>
      </symbol>
      <symbol id="sm-25f">
         <name>GPIOIntEnable</name>
         <value>0x38f5</value>
         <object_component_ref idref="oc-c8"/>
      </symbol>
      <symbol id="sm-260">
         <name>GPIOIntClear</name>
         <value>0x3947</value>
         <object_component_ref idref="oc-8d"/>
      </symbol>
      <symbol id="sm-261">
         <name>GPIOIntStatus</name>
         <value>0x38d9</value>
         <object_component_ref idref="oc-87"/>
      </symbol>
      <symbol id="sm-262">
         <name>GPIODirModeSet</name>
         <value>0x373f</value>
         <object_component_ref idref="oc-208"/>
      </symbol>
      <symbol id="sm-263">
         <name>GPIOPadConfigSet</name>
         <value>0x215d</value>
         <object_component_ref idref="oc-20e"/>
      </symbol>
      <symbol id="sm-2b8">
         <name>IntIsEnabled</name>
         <value>0x2f31</value>
         <object_component_ref idref="oc-2c3"/>
      </symbol>
      <symbol id="sm-2b9">
         <name>IntEnable</name>
         <value>0x2ec9</value>
         <object_component_ref idref="oc-21c"/>
      </symbol>
      <symbol id="sm-2ba">
         <name>IntTrigger</name>
         <value>0x3901</value>
         <object_component_ref idref="oc-2cf"/>
      </symbol>
      <symbol id="sm-2bb">
         <name>IntDisable</name>
         <value>0x2e61</value>
         <object_component_ref idref="oc-2c9"/>
      </symbol>
      <symbol id="sm-2d0">
         <name>PWMGenPeriodSet</name>
         <value>0x389f</value>
         <object_component_ref idref="oc-bb"/>
      </symbol>
      <symbol id="sm-2d1">
         <name>PWMGenConfigure</name>
         <value>0x3805</value>
         <object_component_ref idref="oc-b5"/>
      </symbol>
      <symbol id="sm-301">
         <name>SysCtlClockGet</name>
         <value>0x23a9</value>
         <object_component_ref idref="oc-af"/>
      </symbol>
      <symbol id="sm-30e">
         <name>UARTClockSourceSet</name>
         <value>0x394d</value>
         <object_component_ref idref="oc-9f"/>
      </symbol>
      <symbol id="sm-321">
         <name>_c_int00</name>
         <value>0x314d</value>
         <object_component_ref idref="oc-24"/>
      </symbol>
      <symbol id="sm-322">
         <name>__stack</name>
         <value>0x20000698</value>
         <object_component_ref idref="oc-29"/>
      </symbol>
      <symbol id="sm-339">
         <name>__TI_decompress_none</name>
         <value>0x38e7</value>
         <object_component_ref idref="oc-12"/>
      </symbol>
      <symbol id="sm-361">
         <name>__TI_decompress_rle24</name>
         <value>0x3953</value>
         <object_component_ref idref="oc-18"/>
      </symbol>
      <symbol id="sm-373">
         <name>__TI_zero_init</name>
         <value>0x390d</value>
         <object_component_ref idref="oc-1e"/>
      </symbol>
      <symbol id="sm-392">
         <name>C$$EXIT</name>
         <value>0x33e9</value>
         <object_component_ref idref="oc-7c"/>
      </symbol>
      <symbol id="sm-393">
         <name>abort</name>
         <value>0x33ed</value>
         <object_component_ref idref="oc-7c"/>
      </symbol>
      <symbol id="sm-394">
         <name>exit</name>
         <value>0x33f5</value>
         <object_component_ref idref="oc-7c"/>
      </symbol>
      <symbol id="sm-395">
         <name>__TI_dtors_ptr</name>
         <value>0x200009d4</value>
         <object_component_ref idref="oc-181"/>
      </symbol>
      <symbol id="sm-396">
         <name>__TI_cleanup_ptr</name>
         <value>0x200009d0</value>
         <object_component_ref idref="oc-181"/>
      </symbol>
      <symbol id="sm-3a2">
         <name>__aeabi_f2ulz</name>
         <value>0x319d</value>
         <object_component_ref idref="oc-14c"/>
      </symbol>
      <symbol id="sm-3bd">
         <name>memcpy</name>
         <value>0x29ed</value>
         <object_component_ref idref="oc-45"/>
      </symbol>
      <symbol id="sm-3be">
         <name>__aeabi_memcpy</name>
         <value>0x29ed</value>
         <object_component_ref idref="oc-45"/>
      </symbol>
      <symbol id="sm-3bf">
         <name>__aeabi_memcpy8</name>
         <value>0x29ed</value>
         <object_component_ref idref="oc-45"/>
      </symbol>
      <symbol id="sm-3c0">
         <name>__aeabi_memcpy4</name>
         <value>0x29ed</value>
         <object_component_ref idref="oc-45"/>
      </symbol>
      <symbol id="sm-3cf">
         <name>__aeabi_memset</name>
         <value>0x2ca3</value>
         <object_component_ref idref="oc-5e"/>
      </symbol>
      <symbol id="sm-3d0">
         <name>memset</name>
         <value>0x2ca9</value>
         <object_component_ref idref="oc-5e"/>
      </symbol>
      <symbol id="sm-3d1">
         <name>__aeabi_memset8</name>
         <value>0x2ca3</value>
         <object_component_ref idref="oc-5e"/>
      </symbol>
      <symbol id="sm-3d2">
         <name>__aeabi_memset4</name>
         <value>0x2ca3</value>
         <object_component_ref idref="oc-5e"/>
      </symbol>
      <symbol id="sm-3d3">
         <name>__aeabi_memclr8</name>
         <value>0x2ca1</value>
         <object_component_ref idref="oc-5e"/>
      </symbol>
      <symbol id="sm-3d4">
         <name>__aeabi_memclr4</name>
         <value>0x2ca1</value>
         <object_component_ref idref="oc-5e"/>
      </symbol>
      <symbol id="sm-3d5">
         <name>__aeabi_memclr</name>
         <value>0x2ca1</value>
         <object_component_ref idref="oc-5e"/>
      </symbol>
      <symbol id="sm-3df">
         <name>_system_pre_init</name>
         <value>0x3965</value>
         <object_component_ref idref="oc-6a"/>
      </symbol>
      <symbol id="sm-3e7">
         <name>main_func_sp</name>
         <value>0x200009e8</value>
         <object_component_ref idref="oc-82"/>
      </symbol>
      <symbol id="sm-3f9">
         <name>__aeabi_uidivmod</name>
         <value>0x3531</value>
         <object_component_ref idref="oc-140"/>
      </symbol>
      <symbol id="sm-3fa">
         <name>__aeabi_uidiv</name>
         <value>0x3531</value>
         <object_component_ref idref="oc-140"/>
      </symbol>
      <symbol id="sm-413">
         <name>_nop</name>
         <value>0x3887</value>
         <object_component_ref idref="oc-2b3"/>
      </symbol>
      <symbol id="sm-414">
         <name>_lock</name>
         <value>0x200009c8</value>
         <object_component_ref idref="oc-17e"/>
      </symbol>
      <symbol id="sm-415">
         <name>_unlock</name>
         <value>0x200009cc</value>
         <object_component_ref idref="oc-17e"/>
      </symbol>
      <symbol id="sm-416">
         <name>_register_lock</name>
         <value>0x387f</value>
         <object_component_ref idref="oc-2b3"/>
      </symbol>
      <symbol id="sm-417">
         <name>_register_unlock</name>
         <value>0x3879</value>
         <object_component_ref idref="oc-2b3"/>
      </symbol>
      <symbol id="sm-42c">
         <name>_args_main</name>
         <value>0x3861</value>
         <object_component_ref idref="oc-76"/>
      </symbol>
      <symbol id="sm-452">
         <name>__TI_auto_init</name>
         <value>0x2d89</value>
         <object_component_ref idref="oc-70"/>
      </symbol>
      <symbol id="sm-46c">
         <name>copy_in</name>
         <value>0x3239</value>
         <object_component_ref idref="oc-174"/>
      </symbol>
      <symbol id="sm-476">
         <name>__aeabi_idiv0</name>
         <value>0x1fc7</value>
         <object_component_ref idref="oc-291"/>
      </symbol>
      <symbol id="sm-4ce">
         <name>CompDCMMagnetoUpdate</name>
         <value>0x38cb</value>
         <object_component_ref idref="oc-f8"/>
      </symbol>
      <symbol id="sm-4cf">
         <name>CompDCMComputeEulers</name>
         <value>0x342d</value>
         <object_component_ref idref="oc-116"/>
      </symbol>
      <symbol id="sm-4d0">
         <name>CompDCMStart</name>
         <value>0x275d</value>
         <object_component_ref idref="oc-10a"/>
      </symbol>
      <symbol id="sm-4d1">
         <name>CompDCMComputeQuaternion</name>
         <value>0x1c49</value>
         <object_component_ref idref="oc-11c"/>
      </symbol>
      <symbol id="sm-4d2">
         <name>CompDCMGyroUpdate</name>
         <value>0x38bd</value>
         <object_component_ref idref="oc-104"/>
      </symbol>
      <symbol id="sm-4d3">
         <name>CompDCMUpdate</name>
         <value>0x19b9</value>
         <object_component_ref idref="oc-110"/>
      </symbol>
      <symbol id="sm-4d4">
         <name>CompDCMAccelUpdate</name>
         <value>0x38af</value>
         <object_component_ref idref="oc-fe"/>
      </symbol>
      <symbol id="sm-4d5">
         <name>CompDCMInit</name>
         <value>0x3361</value>
         <object_component_ref idref="oc-e0"/>
      </symbol>
      <symbol id="sm-5aa">
         <name>I2CMWrite8</name>
         <value>0x30a9</value>
         <object_component_ref idref="oc-22a"/>
      </symbol>
      <symbol id="sm-5ab">
         <name>I2CMCommand</name>
         <value>0x2b21</value>
         <object_component_ref idref="oc-18c"/>
      </symbol>
      <symbol id="sm-5ac">
         <name>I2CMInit</name>
         <value>0x35e7</value>
         <object_component_ref idref="oc-ce"/>
      </symbol>
      <symbol id="sm-5ad">
         <name>I2CMTransferResume</name>
         <value>0x3683</value>
         <object_component_ref idref="oc-362"/>
      </symbol>
      <symbol id="sm-5ae">
         <name>I2CMIntHandler</name>
         <value>0x25b5</value>
         <object_component_ref idref="oc-99"/>
      </symbol>
      <symbol id="sm-62a">
         <name>MPU9150DataMagnetoGetFloat</name>
         <value>0x28b5</value>
         <object_component_ref idref="oc-f2"/>
      </symbol>
      <symbol id="sm-62b">
         <name>MPU9150Write</name>
         <value>0x2951</value>
         <object_component_ref idref="oc-da"/>
      </symbol>
      <symbol id="sm-62c">
         <name>MPU9150Init</name>
         <value>0x2d1d</value>
         <object_component_ref idref="oc-d4"/>
      </symbol>
      <symbol id="sm-62d">
         <name>MPU9150DataAccelGetFloat</name>
         <value>0x2ba9</value>
         <object_component_ref idref="oc-e6"/>
      </symbol>
      <symbol id="sm-62e">
         <name>MPU9150DataRead</name>
         <value>0x2f95</value>
         <object_component_ref idref="oc-93"/>
      </symbol>
      <symbol id="sm-62f">
         <name>MPU9150DataGyroGetFloat</name>
         <value>0x2c25</value>
         <object_component_ref idref="oc-ec"/>
      </symbol>
      <symbol id="sm-654">
         <name>VectorDotProduct</name>
         <value>0x3793</value>
         <object_component_ref idref="oc-251"/>
      </symbol>
      <symbol id="sm-655">
         <name>VectorScale</name>
         <value>0x37b9</value>
         <object_component_ref idref="oc-25d"/>
      </symbol>
      <symbol id="sm-656">
         <name>VectorAdd</name>
         <value>0x3651</value>
         <object_component_ref idref="oc-264"/>
      </symbol>
      <symbol id="sm-657">
         <name>VectorCrossProduct</name>
         <value>0x3053</value>
         <object_component_ref idref="oc-24b"/>
      </symbol>
      <symbol id="sm-6a0">
         <name>I2CMasterDataPut</name>
         <value>0x3961</value>
         <object_component_ref idref="oc-2f4"/>
      </symbol>
      <symbol id="sm-6a1">
         <name>I2CMasterInitExpClk</name>
         <value>0x31ed</value>
         <object_component_ref idref="oc-216"/>
      </symbol>
      <symbol id="sm-6a2">
         <name>I2CMasterSlaveAddrSet</name>
         <value>0x393f</value>
         <object_component_ref idref="oc-2ec"/>
      </symbol>
      <symbol id="sm-6a3">
         <name>I2CMasterDataGet</name>
         <value>0x395d</value>
         <object_component_ref idref="oc-2e2"/>
      </symbol>
      <symbol id="sm-6a4">
         <name>I2CMasterIntEnableEx</name>
         <value>0x3937</value>
         <object_component_ref idref="oc-222"/>
      </symbol>
      <symbol id="sm-6a5">
         <name>I2CMasterControl</name>
         <value>0x3959</value>
         <object_component_ref idref="oc-1a0"/>
      </symbol>
      <symbol id="sm-6a6">
         <name>I2CMasterEnable</name>
         <value>0x3925</value>
         <object_component_ref idref="oc-309"/>
      </symbol>
      <symbol id="sm-6a7">
         <name>I2CMasterIntClear</name>
         <value>0x392f</value>
         <object_component_ref idref="oc-19a"/>
      </symbol>
      <symbol id="sm-6c3">
         <name>asinf</name>
         <value>0x26a9</value>
         <object_component_ref idref="oc-27c"/>
      </symbol>
      <symbol id="sm-6de">
         <name>atan2f</name>
         <value>0x2291</value>
         <object_component_ref idref="oc-276"/>
      </symbol>
      <symbol id="sm-702">
         <name>__aeabi_dsub</name>
         <value>0x1e11</value>
         <object_component_ref idref="oc-26a"/>
      </symbol>
      <symbol id="sm-703">
         <name>__aeabi_dadd</name>
         <value>0x1e1b</value>
         <object_component_ref idref="oc-26a"/>
      </symbol>
      <symbol id="sm-71a">
         <name>__aeabi_dmul</name>
         <value>0x24b9</value>
         <object_component_ref idref="oc-23d"/>
      </symbol>
      <symbol id="sm-727">
         <name>__aeabi_d2f</name>
         <value>0x3317</value>
         <object_component_ref idref="oc-242"/>
      </symbol>
      <symbol id="sm-735">
         <name>__aeabi_f2d</name>
         <value>0x35af</value>
         <object_component_ref idref="oc-238"/>
      </symbol>
      <symbol id="sm-745">
         <name>sqrtf</name>
         <value>0x37e1</value>
         <object_component_ref idref="oc-257"/>
      </symbol>
      <symbol id="sm-76a">
         <name>_FAtan</name>
         <value>0x280d</value>
         <object_component_ref idref="oc-334"/>
      </symbol>
      <symbol id="sm-778">
         <name>_FDclass</name>
         <value>0x3713</value>
         <object_component_ref idref="oc-26f"/>
      </symbol>
      <symbol id="sm-787">
         <name>_Feraise</name>
         <value>0x36b5</value>
         <object_component_ref idref="oc-327"/>
      </symbol>
      <symbol id="sm-796">
         <name>_FZero</name>
         <value>0x200009ac</value>
         <object_component_ref idref="oc-33c"/>
      </symbol>
      <symbol id="sm-797">
         <name>_FRteps</name>
         <value>0x20000998</value>
         <object_component_ref idref="oc-33c"/>
      </symbol>
      <symbol id="sm-798">
         <name>_FSnan</name>
         <value>0x20000988</value>
         <object_component_ref idref="oc-33c"/>
      </symbol>
      <symbol id="sm-799">
         <name>_FNan</name>
         <value>0x20000978</value>
         <object_component_ref idref="oc-33c"/>
      </symbol>
      <symbol id="sm-79a">
         <name>_FInf</name>
         <value>0x20000968</value>
         <object_component_ref idref="oc-33c"/>
      </symbol>
      <symbol id="sm-79b">
         <name>_FEps</name>
         <value>0x20000958</value>
         <object_component_ref idref="oc-33c"/>
      </symbol>
      <symbol id="sm-79c">
         <name>_FXbig</name>
         <value>0x200009a8</value>
         <object_component_ref idref="oc-33c"/>
      </symbol>
      <symbol id="sm-79d">
         <name>_FDenorm</name>
         <value>0x20000948</value>
         <object_component_ref idref="oc-33c"/>
      </symbol>
      <symbol id="sm-7a5">
         <name>_Errno</name>
         <value>0x200009e4</value>
         <object_component_ref idref="oc-371"/>
      </symbol>
      <symbol id="sm-7c3">
         <name>feraiseexcept</name>
         <value>0x361d</value>
         <object_component_ref idref="oc-36b"/>
      </symbol>
      <symbol id="sm-7c4">
         <name>_Tls_setup__Fenv</name>
         <value>0x200009dc</value>
         <object_component_ref idref="oc-38f"/>
      </symbol>
      <symbol id="sm-7c5">
         <name>_Fenv</name>
         <value>0x200009d8</value>
         <object_component_ref idref="oc-38f"/>
      </symbol>
      <symbol id="sm-7d9">
         <name>raise</name>
         <value>0x36e5</value>
         <object_component_ref idref="oc-389"/>
      </symbol>
      <symbol id="sm-7f3">
         <name>signal</name>
         <value>0x34f1</value>
         <object_component_ref idref="oc-399"/>
      </symbol>
      <symbol id="sm-7f4">
         <name>__TI_static_base__</name>
         <value>0x0</value>
      </symbol>
      <symbol id="sm-7f7">
         <name>SHT$$INIT_ARRAY$$Limit</name>
         <value>0x0</value>
      </symbol>
      <symbol id="sm-7f8">
         <name>SHT$$INIT_ARRAY$$Base</name>
         <value>0x0</value>
      </symbol>
   </symbol_table>
   <title>Link successful</title>
</link_info>
