******************************************************************************
                  TI ARM Linker PC v5.2.5                      
******************************************************************************
>> Linked Fri Jul 22 17:53:51 2016

OUTPUT FILE NAME:   <Segway 16_2.out>
ENTRY POINT SYMBOL: "_c_int00"  address: 00001a55


MEMORY CONFIGURATION

         name            origin    length      used     unused   attr    fill
----------------------  --------  ---------  --------  --------  ----  --------
  FLASH                 00000000   00040000  00001f74  0003e08c  R  X
  SRAM                  20000000   00008000  00000869  00007797  RW X


SEGMENT ALLOCATION MAP

run origin  load origin   length   init length attrs members
----------  ----------- ---------- ----------- ----- -------
00000000    00000000    00001f78   00001f78    r-x
  00000000    00000000    0000026c   0000026c    r-- .intvecs
  0000026c    0000026c    00001bb2   00001bb2    r-x .text
  00001e20    00001e20    00000116   00000116    r-- .const
  00001f38    00001f38    00000040   00000040    r-- .cinit
20000000    20000000    0000086c   00000000    rw-
  20000000    20000000    00000639   00000000    rw- .bss
  2000063c    2000063c    00000200   00000000    rw- .stack
  2000083c    2000083c    00000030   00000000    rw- .data


SECTION ALLOCATION MAP

 output                                  attributes/
section   page    origin      length       input sections
--------  ----  ----------  ----------   ----------------
.intvecs   0    00000000    0000026c     
                  00000000    0000026c     startup_ccs.obj (.intvecs)

.text      0    0000026c    00001bb2     
                  0000026c    00000914     uartstdio.obj (.text)
                  00000b80    00000434     rgb.obj (.text)
                  00000fb4    000001b8     main.obj (.text)
                  0000116c    00000194     sensorlib.lib : mpu9150.obj (.text:MPU9150Callback)
                  00001300    00000110     driverlib.lib : sysctl.obj (.text:SysCtlClockGet)
                  00001410    000000f2     sensorlib.lib : i2cm_drv.obj (.text:I2CMIntHandler)
                  00001502    0000009c     rtsv7M4_T_le_v4SPD16_eabi.lib : memcpy_t2.obj (.text)
                  0000159e    00000098     sensorlib.lib : i2cm_drv.obj (.text:I2CMStateIdle)
                  00001636    00000088                   : i2cm_drv.obj (.text:I2CMCommand)
                  000016be    0000007a     rtsv7M4_T_le_v4SPD16_eabi.lib : memset_t2.obj (.text)
                  00001738    0000006c                                   : autoinit.obj (.text)
                  000017a4    0000006a                                   : copy_decompress_rle.obj (.text)
                  0000180e    00000002                                   : i_div0.obj (.text)
                  00001810    00000068     driverlib.lib : interrupt.obj (.text:IntDisable)
                  00001878    00000068                   : interrupt.obj (.text:IntEnable)
                  000018e0    00000064                   : interrupt.obj (.text:IntIsEnabled)
                  00001944    00000060     sensorlib.lib : mpu9150.obj (.text:MPU9150DataRead)
                  000019a4    0000005e                   : i2cm_drv.obj (.text:I2CMStateWritePause)
                  00001a02    00000050                   : i2cm_drv.obj (.text:I2CMStateWriteFinal)
                  00001a52    00000002     --HOLE-- [fill = 0]
                  00001a54    00000050     rtsv7M4_T_le_v4SPD16_eabi.lib : boot.obj (.text)
                  00001aa4    00000050                                   : fs_toull_t2.obj (.text)
                  00001af4    0000004c                                   : cpy_tbl.obj (.text)
                  00001b40    0000004a     sensorlib.lib : i2cm_drv.obj (.text:I2CMStateReadNext)
                  00001b8a    00000048                   : i2cm_drv.obj (.text:I2CMStateWriteNext)
                  00001bd2    00000044                   : i2cm_drv.obj (.text:I2CMStateCallback)
                  00001c16    00000002     --HOLE-- [fill = 0]
                  00001c18    00000044     rtsv7M4_T_le_v4SPD16_eabi.lib : exit.obj (.text)
                  00001c5c    00000042     sensorlib.lib : i2cm_drv.obj (.text:I2CMStateReadFinal)
                  00001c9e    00000040     rtsv7M4_T_le_v4SPD16_eabi.lib : u_divt2.obj (.text)
                  00001cde    0000003e     sensorlib.lib : i2cm_drv.obj (.text:I2CMStateReadPause)
                  00001d1c    0000002a                   : i2cm_drv.obj (.text:I2CMStateReadFirst)
                  00001d46    00000020                   : i2cm_drv.obj (.text:I2CMStateReadOne)
                  00001d66    0000001a                   : i2cm_drv.obj (.text:I2CMStateReadWait)
                  00001d80    00000018     rtsv7M4_T_le_v4SPD16_eabi.lib : args_main.obj (.text)
                  00001d98    00000014                                   : _lock.obj (.text)
                  00001dac    0000000e     driverlib.lib : gpio.obj (.text:GPIOIntStatus)
                  00001dba    0000000e     rtsv7M4_T_le_v4SPD16_eabi.lib : copy_decompress_none.obj (.text:decompress:none)
                  00001dc8    0000000c     driverlib.lib : interrupt.obj (.text:IntTrigger)
                  00001dd4    0000000c     rtsv7M4_T_le_v4SPD16_eabi.lib : copy_zero_init.obj (.text:decompress:ZI)
                  00001de0    0000000c     startup_ccs.obj (.text)
                  00001dec    00000008     driverlib.lib : i2c.obj (.text:I2CMasterIntClear)
                  00001df4    00000008                   : i2c.obj (.text:I2CMasterSlaveAddrSet)
                  00001dfc    00000006                   : gpio.obj (.text:GPIOIntClear)
                  00001e02    00000006                   : uart.obj (.text:UARTClockSourceSet)
                  00001e08    00000006     rtsv7M4_T_le_v4SPD16_eabi.lib : copy_decompress_rle.obj (.text:decompress:rle24)
                  00001e0e    00000004     driverlib.lib : i2c.obj (.text:I2CMasterControl)
                  00001e12    00000004                   : i2c.obj (.text:I2CMasterDataGet)
                  00001e16    00000004                   : i2c.obj (.text:I2CMasterDataPut)
                  00001e1a    00000004     rtsv7M4_T_le_v4SPD16_eabi.lib : pre_init.obj (.text)

.const     0    00001e20    00000116     
                  00001e20    00000070     driverlib.lib : interrupt.obj (.const)
                  00001e90    0000006c                   : sysctl.obj (.const:g_pui32Xtals)
                  00001efc    00000028     uartstdio.obj (.const)
                  00001f24    00000012     uartstdio.obj (.const:.string)

.cinit     0    00001f38    00000040     
                  00001f38    00000019     (.cinit..data.load) [load image, compression = rle]
                  00001f51    00000003     --HOLE-- [fill = 0]
                  00001f54    0000000c     (__TI_handler_table)
                  00001f60    00000008     (.cinit..bss.load) [load image, compression = zero_init]
                  00001f68    00000010     (__TI_cinit_table)

.init_array 
*          0    00000000    00000000     UNINITIALIZED

.bss       0    20000000    00000639     UNINITIALIZED
                  20000000    00000400     uartstdio.obj (.bss:g_pcUARTTxBuffer)
                  20000400    00000124     main.obj (.bss:g_sI2CInst)
                  20000524    00000080     uartstdio.obj (.bss:g_pcUARTRxBuffer)
                  200005a4    0000006c     main.obj (.bss:g_sMPU9150Inst)
                  20000610    0000000c     (.common:g_pui32Colors)
                  2000061c    0000000c     (.common:g_ui32Colors)
                  20000628    00000004     (.common:g_ui32PortNum)
                  2000062c    00000004     (.common:g_vui8ErrorFlag)
                  20000630    00000004     (.common:g_vui8I2CDoneFlag)
                  20000634    00000004     (.common:ulFlags$1)
                  20000638    00000001     (.common:g_bDisableEcho)

.TI.noinit 
*          0    20000000    00000000     UNINITIALIZED

.stack     0    2000063c    00000200     UNINITIALIZED
                  2000063c    00000200     --HOLE--

.data      0    2000083c    00000030     UNINITIALIZED
                  2000083c    00000015     uartstdio.obj (.data)
                  20000851    00000003     --HOLE--
                  20000854    00000008     rtsv7M4_T_le_v4SPD16_eabi.lib : _lock.obj (.data)
                  2000085c    00000008                                   : exit.obj (.data)
                  20000864    00000004     rgb.obj (.data)
                  20000868    00000004     rtsv7M4_T_le_v4SPD16_eabi.lib : stkdepth_vars.obj (.data)

.TI.persistent 
*          0    2000083c    00000000     UNINITIALIZED


LINKER GENERATED COPY TABLES

__TI_cinit_table @ 00001f68 records: 2, size/record: 8, table size: 16
	.data: load addr=00001f38, load size=00000019 bytes, run addr=2000083c, run size=00000030 bytes, compression=rle
	.bss: load addr=00001f60, load size=00000008 bytes, run addr=20000000, run size=00000639 bytes, compression=zero_init


LINKER GENERATED HANDLER TABLE

__TI_handler_table @ 00001f54 records: 3, size/record: 4, table size: 12
	index: 0, handler: __TI_decompress_rle24
	index: 1, handler: __TI_decompress_none
	index: 2, handler: __TI_zero_init


GLOBAL SYMBOLS: SORTED ALPHABETICALLY BY Name 

address   name                    
-------   ----                    
00001c19  C$$EXIT                 
0000106f  ConfigureUART           
00001dfd  GPIOIntClear            
00001dad  GPIOIntStatus           
00001637  I2CMCommand             
00001411  I2CMIntHandler          
00001e0f  I2CMasterControl        
00001e13  I2CMasterDataGet        
00001e17  I2CMasterDataPut        
00001ded  I2CMasterIntClear       
00001df5  I2CMasterSlaveAddrSet   
00001811  IntDisable              
00001879  IntEnable               
00000fd1  IntGPIOb                
000018e1  IntIsEnabled            
00001dc9  IntTrigger              
00000fb5  MPU9150AppCallback      
00001001  MPU9150AppErrorHandler  
00001045  MPU9150AppI2CWait       
00001945  MPU9150DataRead         
00000ff7  MPU9150I2CIntHandler    
00000b81  RGBBlinkIntHandler      
00000e8d  RGBBlinkRateSet         
00000f21  RGBColorGet             
00000dc9  RGBColorSet             
00000d53  RGBDisable              
00000c9b  RGBEnable               
00000baf  RGBInit                 
00000e79  RGBIntensitySet         
00000db1  RGBSet                  
00001de1  ResetISR                
UNDEFED   SHT$$INIT_ARRAY$$Base   
UNDEFED   SHT$$INIT_ARRAY$$Limit  
00001301  SysCtlClockGet          
00001e03  UARTClockSourceSet      
000009c1  UARTEchoSet             
0000095b  UARTFlushRx             
00000983  UARTFlushTx             
00000901  UARTPeek                
000008df  UARTRxBytesAvail        
00000381  UARTStdioConfig         
000009f5  UARTStdioIntHandler     
000008ed  UARTTxBytesFree         
0000055b  UARTgetc                
000004df  UARTgets                
000008bb  UARTprintf              
000005c1  UARTvprintf             
00000439  UARTwrite               
2000083c  __STACK_END             
00000200  __STACK_SIZE            
2000083c  __STACK_TOP             
00001f68  __TI_CINIT_Base         
00001f78  __TI_CINIT_Limit        
00001f54  __TI_Handler_Table_Base 
00001f60  __TI_Handler_Table_Limit
00001739  __TI_auto_init          
2000085c  __TI_cleanup_ptr        
00001dbb  __TI_decompress_none    
00001e09  __TI_decompress_rle24   
20000860  __TI_dtors_ptr          
00000000  __TI_static_base__      
00001dd5  __TI_zero_init          
00001aa5  __aeabi_f2ulz           
0000180f  __aeabi_idiv0           
000016bf  __aeabi_memclr          
000016bf  __aeabi_memclr4         
000016bf  __aeabi_memclr8         
00001503  __aeabi_memcpy          
00001503  __aeabi_memcpy4         
00001503  __aeabi_memcpy8         
000016c1  __aeabi_memset          
000016c1  __aeabi_memset4         
000016c1  __aeabi_memset8         
00001c9f  __aeabi_uidiv           
00001c9f  __aeabi_uidivmod        
ffffffff  __binit__               
ffffffff  __c_args__              
2000063c  __stack                 
00001d81  _args_main              
00001a55  _c_int00                
20000854  _lock                   
00001da7  _nop                    
00001d9f  _register_lock          
00001d99  _register_unlock        
00001e1b  _system_pre_init        
20000858  _unlock                 
00001c1d  abort                   
ffffffff  binit                   
00001af5  copy_in                 
00001c25  exit                    
00000000  g_pfnVectors            
20000610  g_pui32Colors           
20000400  g_sI2CInst              
200005a4  g_sMPU9150Inst          
2000062c  g_vui8ErrorFlag         
20000630  g_vui8I2CDoneFlag       
000010c9  main                    
20000868  main_func_sp            
00001503  memcpy                  
000016c7  memset                  


GLOBAL SYMBOLS: SORTED BY Symbol Address 

address   name                    
-------   ----                    
00000000  __TI_static_base__      
00000000  g_pfnVectors            
00000200  __STACK_SIZE            
00000381  UARTStdioConfig         
00000439  UARTwrite               
000004df  UARTgets                
0000055b  UARTgetc                
000005c1  UARTvprintf             
000008bb  UARTprintf              
000008df  UARTRxBytesAvail        
000008ed  UARTTxBytesFree         
00000901  UARTPeek                
0000095b  UARTFlushRx             
00000983  UARTFlushTx             
000009c1  UARTEchoSet             
000009f5  UARTStdioIntHandler     
00000b81  RGBBlinkIntHandler      
00000baf  RGBInit                 
00000c9b  RGBEnable               
00000d53  RGBDisable              
00000db1  RGBSet                  
00000dc9  RGBColorSet             
00000e79  RGBIntensitySet         
00000e8d  RGBBlinkRateSet         
00000f21  RGBColorGet             
00000fb5  MPU9150AppCallback      
00000fd1  IntGPIOb                
00000ff7  MPU9150I2CIntHandler    
00001001  MPU9150AppErrorHandler  
00001045  MPU9150AppI2CWait       
0000106f  ConfigureUART           
000010c9  main                    
00001301  SysCtlClockGet          
00001411  I2CMIntHandler          
00001503  __aeabi_memcpy          
00001503  __aeabi_memcpy4         
00001503  __aeabi_memcpy8         
00001503  memcpy                  
00001637  I2CMCommand             
000016bf  __aeabi_memclr          
000016bf  __aeabi_memclr4         
000016bf  __aeabi_memclr8         
000016c1  __aeabi_memset          
000016c1  __aeabi_memset4         
000016c1  __aeabi_memset8         
000016c7  memset                  
00001739  __TI_auto_init          
0000180f  __aeabi_idiv0           
00001811  IntDisable              
00001879  IntEnable               
000018e1  IntIsEnabled            
00001945  MPU9150DataRead         
00001a55  _c_int00                
00001aa5  __aeabi_f2ulz           
00001af5  copy_in                 
00001c19  C$$EXIT                 
00001c1d  abort                   
00001c25  exit                    
00001c9f  __aeabi_uidiv           
00001c9f  __aeabi_uidivmod        
00001d81  _args_main              
00001d99  _register_unlock        
00001d9f  _register_lock          
00001da7  _nop                    
00001dad  GPIOIntStatus           
00001dbb  __TI_decompress_none    
00001dc9  IntTrigger              
00001dd5  __TI_zero_init          
00001de1  ResetISR                
00001ded  I2CMasterIntClear       
00001df5  I2CMasterSlaveAddrSet   
00001dfd  GPIOIntClear            
00001e03  UARTClockSourceSet      
00001e09  __TI_decompress_rle24   
00001e0f  I2CMasterControl        
00001e13  I2CMasterDataGet        
00001e17  I2CMasterDataPut        
00001e1b  _system_pre_init        
00001f54  __TI_Handler_Table_Base 
00001f60  __TI_Handler_Table_Limit
00001f68  __TI_CINIT_Base         
00001f78  __TI_CINIT_Limit        
20000400  g_sI2CInst              
200005a4  g_sMPU9150Inst          
20000610  g_pui32Colors           
2000062c  g_vui8ErrorFlag         
20000630  g_vui8I2CDoneFlag       
2000063c  __stack                 
2000083c  __STACK_END             
2000083c  __STACK_TOP             
20000854  _lock                   
20000858  _unlock                 
2000085c  __TI_cleanup_ptr        
20000860  __TI_dtors_ptr          
20000868  main_func_sp            
ffffffff  __binit__               
ffffffff  __c_args__              
ffffffff  binit                   
UNDEFED   SHT$$INIT_ARRAY$$Base   
UNDEFED   SHT$$INIT_ARRAY$$Limit  

[100 symbols]
